Archive member included because of file (symbol)

c:/program files (x86)/gnu tools arm embedded/4.9 2015q3/bin/../lib/gcc/arm-none-eabi/4.9.3/../../../../arm-none-eabi/lib/armv6-m\libc_nano.a(lib_a-exit.o)
                              c:/program files (x86)/gnu tools arm embedded/4.9 2015q3/bin/../lib/gcc/arm-none-eabi/4.9.3/../../../../arm-none-eabi/lib/armv6-m/crt0.o (exit)
c:/program files (x86)/gnu tools arm embedded/4.9 2015q3/bin/../lib/gcc/arm-none-eabi/4.9.3/../../../../arm-none-eabi/lib/armv6-m\libc_nano.a(lib_a-impure.o)
                              c:/program files (x86)/gnu tools arm embedded/4.9 2015q3/bin/../lib/gcc/arm-none-eabi/4.9.3/../../../../arm-none-eabi/lib/armv6-m\libc_nano.a(lib_a-exit.o) (_global_impure_ptr)
c:/program files (x86)/gnu tools arm embedded/4.9 2015q3/bin/../lib/gcc/arm-none-eabi/4.9.3/../../../../arm-none-eabi/lib/armv6-m\libc_nano.a(lib_a-init.o)
                              c:/program files (x86)/gnu tools arm embedded/4.9 2015q3/bin/../lib/gcc/arm-none-eabi/4.9.3/../../../../arm-none-eabi/lib/armv6-m/crt0.o (__libc_init_array)
c:/program files (x86)/gnu tools arm embedded/4.9 2015q3/bin/../lib/gcc/arm-none-eabi/4.9.3/../../../../arm-none-eabi/lib/armv6-m\libc_nano.a(lib_a-memset.o)
                              c:/program files (x86)/gnu tools arm embedded/4.9 2015q3/bin/../lib/gcc/arm-none-eabi/4.9.3/../../../../arm-none-eabi/lib/armv6-m/crt0.o (memset)
c:/program files (x86)/gnu tools arm embedded/4.9 2015q3/bin/../lib/gcc/arm-none-eabi/4.9.3/../../../../arm-none-eabi/lib/armv6-m\libnosys.a(_exit.o)
                              c:/program files (x86)/gnu tools arm embedded/4.9 2015q3/bin/../lib/gcc/arm-none-eabi/4.9.3/../../../../arm-none-eabi/lib/armv6-m\libc_nano.a(lib_a-exit.o) (_exit)
c:/program files (x86)/gnu tools arm embedded/4.9 2015q3/bin/../lib/gcc/arm-none-eabi/4.9.3/armv6-m\libgcc.a(_udivsi3.o)
                              _build/pstorage.o (__aeabi_uidiv)
c:/program files (x86)/gnu tools arm embedded/4.9 2015q3/bin/../lib/gcc/arm-none-eabi/4.9.3/armv6-m\libgcc.a(_divsi3.o)
                              _build/pstorage.o (__aeabi_idiv)
c:/program files (x86)/gnu tools arm embedded/4.9 2015q3/bin/../lib/gcc/arm-none-eabi/4.9.3/armv6-m\libgcc.a(_dvmd_tls.o)
                              c:/program files (x86)/gnu tools arm embedded/4.9 2015q3/bin/../lib/gcc/arm-none-eabi/4.9.3/armv6-m\libgcc.a(_udivsi3.o) (__aeabi_idiv0)
c:/program files (x86)/gnu tools arm embedded/4.9 2015q3/bin/../lib/gcc/arm-none-eabi/4.9.3/../../../../arm-none-eabi/lib/armv6-m\libc_nano.a(lib_a-memcpy.o)
                              _build/pstorage.o (memcpy)
c:/program files (x86)/gnu tools arm embedded/4.9 2015q3/bin/../lib/gcc/arm-none-eabi/4.9.3/../../../../arm-none-eabi/lib/armv6-m\libc_nano.a(lib_a-printf.o)
                              _build/main.o (printf)
c:/program files (x86)/gnu tools arm embedded/4.9 2015q3/bin/../lib/gcc/arm-none-eabi/4.9.3/../../../../arm-none-eabi/lib/armv6-m\libc_nano.a(lib_a-strlen.o)
                              _build/main.o (strlen)
c:/program files (x86)/gnu tools arm embedded/4.9 2015q3/bin/../lib/gcc/arm-none-eabi/4.9.3/../../../../arm-none-eabi/lib/armv6-m\libc_nano.a(lib_a-findfp.o)
                              c:/program files (x86)/gnu tools arm embedded/4.9 2015q3/bin/../lib/gcc/arm-none-eabi/4.9.3/../../../../arm-none-eabi/lib/armv6-m\libc_nano.a(lib_a-printf.o) (__sinit)
c:/program files (x86)/gnu tools arm embedded/4.9 2015q3/bin/../lib/gcc/arm-none-eabi/4.9.3/../../../../arm-none-eabi/lib/armv6-m\libc_nano.a(lib_a-fwalk.o)
                              c:/program files (x86)/gnu tools arm embedded/4.9 2015q3/bin/../lib/gcc/arm-none-eabi/4.9.3/../../../../arm-none-eabi/lib/armv6-m\libc_nano.a(lib_a-findfp.o) (_fwalk)
c:/program files (x86)/gnu tools arm embedded/4.9 2015q3/bin/../lib/gcc/arm-none-eabi/4.9.3/../../../../arm-none-eabi/lib/armv6-m\libc_nano.a(lib_a-nano-mallocr.o)
                              c:/program files (x86)/gnu tools arm embedded/4.9 2015q3/bin/../lib/gcc/arm-none-eabi/4.9.3/../../../../arm-none-eabi/lib/armv6-m\libc_nano.a(lib_a-findfp.o) (_malloc_r)
c:/program files (x86)/gnu tools arm embedded/4.9 2015q3/bin/../lib/gcc/arm-none-eabi/4.9.3/../../../../arm-none-eabi/lib/armv6-m\libc_nano.a(lib_a-nano-vfprintf.o)
                              c:/program files (x86)/gnu tools arm embedded/4.9 2015q3/bin/../lib/gcc/arm-none-eabi/4.9.3/../../../../arm-none-eabi/lib/armv6-m\libc_nano.a(lib_a-printf.o) (_vfprintf_r)
c:/program files (x86)/gnu tools arm embedded/4.9 2015q3/bin/../lib/gcc/arm-none-eabi/4.9.3/../../../../arm-none-eabi/lib/armv6-m\libc_nano.a(lib_a-nano-vfprintf_i.o)
                              c:/program files (x86)/gnu tools arm embedded/4.9 2015q3/bin/../lib/gcc/arm-none-eabi/4.9.3/../../../../arm-none-eabi/lib/armv6-m\libc_nano.a(lib_a-nano-vfprintf.o) (_printf_i)
[...]
Memory Configuration

Name             Origin             Length             Attributes
FLASH            0x0001c000         0x00024000         xr
RAM              0x20002800         0x00005800         xrw
*default*        0x00000000         0xffffffff

Linker script and memory map

LOAD c:/program files (x86)/gnu tools arm embedded/4.9 2015q3/bin/../lib/gcc/arm-none-eabi/4.9.3/armv6-m/crti.o
LOAD c:/program files (x86)/gnu tools arm embedded/4.9 2015q3/bin/../lib/gcc/arm-none-eabi/4.9.3/armv6-m/crtbegin.o
LOAD c:/program files (x86)/gnu tools arm embedded/4.9 2015q3/bin/../lib/gcc/arm-none-eabi/4.9.3/../../../../arm-none-eabi/lib/armv6-m/crt0.o
LOAD c:/program files (x86)/gnu tools arm embedded/4.9 2015q3/bin/../lib/gcc/arm-none-eabi/4.9.3/../../../../arm-none-eabi/lib/armv6-m\libc_nano.a
LOAD c:/program files (x86)/gnu tools arm embedded/4.9 2015q3/bin/../lib/gcc/arm-none-eabi/4.9.3/../../../../arm-none-eabi/lib/armv6-m\libnosys.a
LOAD _build/app_button.o
LOAD _build/app_error.o
LOAD _build/app_fifo.o
LOAD _build/app_timer.o
LOAD _build/app_trace.o
LOAD _build/nrf_assert.o
LOAD _build/retarget.o
LOAD _build/app_uart_fifo.o
LOAD _build/nrf_delay.o
LOAD _build/nrf_drv_common.o
LOAD _build/nrf_drv_gpiote.o
LOAD _build/nrf_drv_uart.o
LOAD _build/pstorage.o
LOAD _build/bsp.o
LOAD _build/bsp_btn_ble.o
LOAD _build/main.o
LOAD _build/ble_advdata.o
LOAD _build/ble_advertising.o
LOAD _build/ble_conn_params.o
LOAD _build/ble_nus.o
LOAD _build/ble_srv_common.o
LOAD _build/system_nrf51.o
LOAD _build/softdevice_handler.o
LOAD _build/gcc_startup_nrf51.o
START GROUP
LOAD c:/program files (x86)/gnu tools arm embedded/4.9 2015q3/bin/../lib/gcc/arm-none-eabi/4.9.3/armv6-m\libgcc.a
LOAD c:/program files (x86)/gnu tools arm embedded/4.9 2015q3/bin/../lib/gcc/arm-none-eabi/4.9.3/../../../../arm-none-eabi/lib/armv6-m\libc_nano.a
END GROUP
START GROUP
LOAD c:/program files (x86)/gnu tools arm embedded/4.9 2015q3/bin/../lib/gcc/arm-none-eabi/4.9.3/armv6-m\libgcc.a
LOAD c:/program files (x86)/gnu tools arm embedded/4.9 2015q3/bin/../lib/gcc/arm-none-eabi/4.9.3/../../../../arm-none-eabi/lib/armv6-m\libc_nano.a
END GROUP
LOAD c:/program files (x86)/gnu tools arm embedded/4.9 2015q3/bin/../lib/gcc/arm-none-eabi/4.9.3/armv6-m/crtend.o
LOAD c:/program files (x86)/gnu tools arm embedded/4.9 2015q3/bin/../lib/gcc/arm-none-eabi/4.9.3/armv6-m/crtn.o
START GROUP
LOAD c:/program files (x86)/gnu tools arm embedded/4.9 2015q3/bin/../lib/gcc/arm-none-eabi/4.9.3/armv6-m\libgcc.a
LOAD c:/program files (x86)/gnu tools arm embedded/4.9 2015q3/bin/../lib/gcc/arm-none-eabi/4.9.3/../../../../arm-none-eabi/lib/armv6-m\libc.a
LOAD c:/program files (x86)/gnu tools arm embedded/4.9 2015q3/bin/../lib/gcc/arm-none-eabi/4.9.3/../../../../arm-none-eabi/lib/armv6-m\libnosys.a
END GROUP

.fs_data_out    0x00000000        0x0
                0x00000000                PROVIDE (__start_fs_data, .)
 *(fs_data)
                0x00000000                PROVIDE (__stop_fs_data, .)

.text           0x0001c000     0x5790
 *(.Vectors)
 .Vectors       0x0001c000       0xc0 _build/gcc_startup_nrf51.o
                0x0001c000                __Vectors
 *(.text*)
 .text          0x0001c0c0       0x60 c:/program files (x86)/gnu tools arm embedded/4.9 2015q3/bin/../lib/gcc/arm-none-eabi/4.9.3/armv6-m/crtbegin.o
 .text          0x0001c120       0x78 c:/program files (x86)/gnu tools arm embedded/4.9 2015q3/bin/../lib/gcc/arm-none-eabi/4.9.3/../../../../arm-none-eabi/lib/armv6-m/crt0.o
                0x0001c120                _start
                0x0001c120                _mainCRTStartup
 .text.exit     0x0001c198       0x2c c:/program files (x86)/gnu tools arm embedded/4.9 2015q3/bin/../lib/gcc/arm-none-eabi/4.9.3/../../../../arm-none-eabi/lib/armv6-m\libc_nano.a(lib_a-exit.o)
                0x0001c198                exit
 .text.__libc_init_array
                0x0001c1c4       0x4c c:/program files (x86)/gnu tools arm embedded/4.9 2015q3/bin/../lib/gcc/arm-none-eabi/4.9.3/../../../../arm-none-eabi/lib/armv6-m\libc_nano.a(lib_a-init.o)
                0x0001c1c4                __libc_init_array
 .text.memset   0x0001c210       0x10 c:/program files (x86)/gnu tools arm embedded/4.9 2015q3/bin/../lib/gcc/arm-none-eabi/4.9.3/../../../../arm-none-eabi/lib/armv6-m\libc_nano.a(lib_a-memset.o)
                0x0001c210                memset
 .text._exit    0x0001c220        0x4 c:/program files (x86)/gnu tools arm embedded/4.9 2015q3/bin/../lib/gcc/arm-none-eabi/4.9.3/../../../../arm-none-eabi/lib/armv6-m\libnosys.a(_exit.o)
                0x0001c220                _exit
 .text.detection_delay_timeout_handler
                0x0001c224       0xa8 _build/app_button.o
 .text.gpiote_event_handler
                0x0001c2cc       0x5c _build/app_button.o
 .text.app_button_init
                0x0001c328       0xb4 _build/app_button.o
                0x0001c328                app_button_init
 .text.app_button_enable
                0x0001c3dc       0x30 _build/app_button.o
                0x0001c3dc                app_button_enable
 .text.app_error_handler
                0x0001c40c       0x18 _build/app_error.o
                0x0001c40c                app_error_handler
 .text.app_fifo_init
                0x0001c424       0x28 _build/app_fifo.o
                0x0001c424                app_fifo_init
 .text.app_fifo_put
                0x0001c44c       0x28 _build/app_fifo.o
                0x0001c44c                app_fifo_put
 .text.app_fifo_get
                0x0001c474       0x24 _build/app_fifo.o
                0x0001c474                app_fifo_get
 .text.rtc1_stop
                0x0001c498       0x78 _build/app_timer.o
 .text.RTC1_IRQHandler
                0x0001c510       0xe0 _build/app_timer.o
                0x0001c510                RTC1_IRQHandler
 .text.SWI0_IRQHandler
                0x0001c5f0      0x448 _build/app_timer.o
                0x0001c5f0                SWI0_IRQHandler
 .text.app_timer_init
                0x0001ca38       0xe4 _build/app_timer.o
                0x0001ca38                app_timer_init
 .text.app_timer_create
                0x0001cb1c       0x34 _build/app_timer.o
                0x0001cb1c                app_timer_create
 .text.app_timer_start
                0x0001cb50       0xfc _build/app_timer.o
                0x0001cb50                app_timer_start
 .text.app_timer_stop
                0x0001cc4c       0xc8 _build/app_timer.o
                0x0001cc4c                app_timer_stop
 .text._write   0x0001cd14       0x1c _build/retarget.o
                0x0001cd14                _write
 .text._read    0x0001cd30       0x14 _build/retarget.o
                0x0001cd30                _read
 .text.uart_event_handler
                0x0001cd44       0xc0 _build/app_uart_fifo.o
 .text.app_uart_init
                0x0001ce04       0xa4 _build/app_uart_fifo.o
                0x0001ce04                app_uart_init
 .text.app_uart_get
                0x0001cea8       0x34 _build/app_uart_fifo.o
                0x0001cea8                app_uart_get
 .text.app_uart_put
                0x0001cedc       0x28 _build/app_uart_fifo.o
                0x0001cedc                app_uart_put
 .text.nrf_drv_common_irq_enable
                0x0001cf04       0x80 _build/nrf_drv_common.o
                0x0001cf04                nrf_drv_common_irq_enable
 .text.nrf_drv_gpiote_init
                0x0001cf84       0x68 _build/nrf_drv_gpiote.o
                0x0001cf84                nrf_drv_gpiote_init
 .text.nrf_drv_gpiote_is_init
                0x0001cfec       0x14 _build/nrf_drv_gpiote.o
                0x0001cfec                nrf_drv_gpiote_is_init
 .text.nrf_drv_gpiote_in_init
                0x0001d000      0x15c _build/nrf_drv_gpiote.o
                0x0001d000                nrf_drv_gpiote_in_init
 .text.nrf_drv_gpiote_in_event_enable
                0x0001d15c       0xa8 _build/nrf_drv_gpiote.o
                0x0001d15c                nrf_drv_gpiote_in_event_enable
 .text.nrf_drv_gpiote_in_is_set
                0x0001d204       0x14 _build/nrf_drv_gpiote.o
                0x0001d204                nrf_drv_gpiote_in_is_set
 .text.GPIOTE_IRQHandler
                0x0001d218      0x3bc _build/nrf_drv_gpiote.o
                0x0001d218                GPIOTE_IRQHandler
 .text.nrf_drv_uart_init
                0x0001d5d4      0x110 _build/nrf_drv_uart.o
                0x0001d5d4                nrf_drv_uart_init
 .text.nrf_drv_uart_tx
                0x0001d6e4       0xb4 _build/nrf_drv_uart.o
                0x0001d6e4                nrf_drv_uart_tx
 .text.nrf_drv_uart_rx
                0x0001d798      0x108 _build/nrf_drv_uart.o
                0x0001d798                nrf_drv_uart_rx
 .text.nrf_drv_uart_rx_enable
                0x0001d8a0       0x2c _build/nrf_drv_uart.o
                0x0001d8a0                nrf_drv_uart_rx_enable
 .text.UART0_IRQHandler
                0x0001d8cc      0x16c _build/nrf_drv_uart.o
                0x0001d8cc                UART0_IRQHandler
 .text.pstorage_access_status_get
                0x0001da38       0x28 _build/pstorage.o
                0x0001da38                pstorage_access_status_get
 .text.alert_timer_handler
                0x0001da60       0x28 _build/bsp.o
 .text.bsp_button_event_handler
                0x0001da88       0xcc _build/bsp.o
 .text.leds_timer_handler
                0x0001db54      0x344 _build/bsp.o
 .text.button_timer_handler
                0x0001de98       0x48 _build/bsp.o
 .text.bsp_button_is_pressed
                0x0001dee0       0x2c _build/bsp.o
                0x0001dee0                bsp_button_is_pressed
 .text.bsp_indication_set
                0x0001df0c      0x394 _build/bsp.o
                0x0001df0c                bsp_indication_set
 .text.bsp_init
                0x0001e2a0       0xc0 _build/bsp.o
                0x0001e2a0                bsp_init
 .text.bsp_event_to_button_action_assign
                0x0001e360       0x58 _build/bsp.o
                0x0001e360                bsp_event_to_button_action_assign
 .text.bsp_wakeup_buttons_set
                0x0001e3b8       0x8c _build/bsp.o
                0x0001e3b8                bsp_wakeup_buttons_set
 .text.bsp_btn_ble_sleep_mode_prepare
                0x0001e444       0x18 _build/bsp_btn_ble.o
                0x0001e444                bsp_btn_ble_sleep_mode_prepare
 .text.bsp_btn_ble_on_ble_evt
                0x0001e45c       0xbc _build/bsp_btn_ble.o
                0x0001e45c                bsp_btn_ble_on_ble_evt
 .text.bsp_btn_ble_init
                0x0001e518       0x9c _build/bsp_btn_ble.o
                0x0001e518                bsp_btn_ble_init
 .text.sd_ble_gap_disconnect
                0x0001e5b4        0x4 _build/main.o
 .text.sd_ble_gap_ppcp_set
                0x0001e5b8        0x4 _build/main.o
 .text.sd_ble_gap_device_name_set
                0x0001e5bc        0x4 _build/main.o
 .text.sd_ble_gap_sec_params_reply
                0x0001e5c0        0x4 _build/main.o
 .text.sd_ble_gatts_sys_attr_set
                0x0001e5c4        0x4 _build/main.o
 .text.sd_ble_enable
                0x0001e5c8        0x4 _build/main.o
 .text.sd_power_system_off
                0x0001e5cc        0x4 _build/main.o
 .text.sd_app_evt_wait
                0x0001e5d0        0x4 _build/main.o
 .text.conn_params_error_handler
                0x0001e5d4        0xc _build/main.o
 .text.nus_data_handler
                0x0001e5e0       0x28 _build/main.o
 .text.on_conn_params_evt
                0x0001e608       0x28 _build/main.o
 .text.ble_evt_dispatch
                0x0001e630       0xa4 _build/main.o
 .text.bsp_event_handler
                0x0001e6d4       0x68 _build/main.o
                0x0001e6d4                bsp_event_handler
 .text.uart_event_handle
                0x0001e73c       0x6c _build/main.o
                0x0001e73c                uart_event_handle
 .text.on_adv_evt
                0x0001e7a8       0x50 _build/main.o
 .text.assert_nrf_callback
                0x0001e7f8       0x14 _build/main.o
                0x0001e7f8                assert_nrf_callback
 .text.startup.main
                0x0001e80c      0x260 _build/main.o
                0x0001e80c                main
 .text.sd_ble_gap_address_get
                0x0001ea6c        0x4 _build/ble_advdata.o
 .text.sd_ble_gap_adv_data_set
                0x0001ea70        0x4 _build/ble_advdata.o
 .text.sd_ble_gap_appearance_get
                0x0001ea74        0x4 _build/ble_advdata.o
 .text.sd_ble_gap_device_name_get
                0x0001ea78        0x4 _build/ble_advdata.o
 .text.sd_ble_uuid_encode
                0x0001ea7c        0x4 _build/ble_advdata.o
 .text.name_encode
                0x0001ea80       0x8c _build/ble_advdata.o
 .text.uuid_list_sized_encode
                0x0001eb0c       0xe8 _build/ble_advdata.o
 .text.adv_data_encode
                0x0001ebf4      0x550 _build/ble_advdata.o
                0x0001ebf4                adv_data_encode
 .text.ble_advdata_set
                0x0001f144      0x508 _build/ble_advdata.o
                0x0001f144                ble_advdata_set
 .text.sd_ble_gap_adv_start
                0x0001f64c        0x4 _build/ble_advertising.o
 .text.sd_ble_gap_adv_stop
                0x0001f650        0x4 _build/ble_advertising.o
 .text.ble_advertising_init
                0x0001f654      0x148 _build/ble_advertising.o
                0x0001f654                ble_advertising_init
 .text.ble_advertising_start
                0x0001f79c      0x2c0 _build/ble_advertising.o
                0x0001f79c                ble_advertising_start
 .text.ble_advertising_on_ble_evt
                0x0001fa5c       0xb4 _build/ble_advertising.o
                0x0001fa5c                ble_advertising_on_ble_evt
 .text.ble_advertising_restart_without_whitelist
                0x0001fb10      0x324 _build/ble_advertising.o
                0x0001fb10                ble_advertising_restart_without_whitelist
 .text.sd_ble_gap_conn_param_update
                0x0001fe34        0x4 _build/ble_conn_params.o
 .text.sd_ble_gap_disconnect
                0x0001fe38        0x4 _build/ble_conn_params.o
 .text.sd_ble_gap_ppcp_set
                0x0001fe3c        0x4 _build/ble_conn_params.o
 .text.sd_ble_gap_ppcp_get
                0x0001fe40        0x4 _build/ble_conn_params.o
 .text.update_timeout_handler
                0x0001fe44       0x78 _build/ble_conn_params.o
 .text.conn_params_negotiation
                0x0001febc       0x88 _build/ble_conn_params.o
 .text.ble_conn_params_init
                0x0001ff44       0x78 _build/ble_conn_params.o
                0x0001ff44                ble_conn_params_init
 .text.ble_conn_params_on_ble_evt
                0x0001ffbc       0xac _build/ble_conn_params.o
                0x0001ffbc                ble_conn_params_on_ble_evt
 .text.sd_ble_gatts_service_add
                0x00020068        0x4 _build/ble_nus.o
 .text.sd_ble_gatts_characteristic_add
                0x0002006c        0x4 _build/ble_nus.o
 .text.sd_ble_gatts_hvx
                0x00020070        0x4 _build/ble_nus.o
 .text.sd_ble_uuid_vs_add
                0x00020074        0x4 _build/ble_nus.o
 .text.ble_nus_on_ble_evt
                0x00020078       0x60 _build/ble_nus.o
                0x00020078                ble_nus_on_ble_evt
 .text.ble_nus_init
                0x000200d8      0x208 _build/ble_nus.o
                0x000200d8                ble_nus_init
 .text.ble_nus_string_send
                0x000202e0       0x5c _build/ble_nus.o
                0x000202e0                ble_nus_string_send
 .text.SystemInit
                0x0002033c       0x9c _build/system_nrf51.o
                0x0002033c                SystemInit
 .text.sd_nvic_EnableIRQ
                0x000203d8        0x4 _build/softdevice_handler.o
 .text.sd_evt_get
                0x000203dc        0x4 _build/softdevice_handler.o
 .text.sd_softdevice_enable
                0x000203e0        0x4 _build/softdevice_handler.o
 .text.sd_ble_evt_get
                0x000203e4        0x4 _build/softdevice_handler.o
 .text.softdevice_assertion_handler
                0x000203e8        0xc _build/softdevice_handler.o
                0x000203e8                softdevice_assertion_handler
 .text.intern_softdevice_events_execute.part.0
                0x000203f4       0xe0 _build/softdevice_handler.o
 .text.softdevice_handler_init
                0x000204d4       0x4c _build/softdevice_handler.o
                0x000204d4                softdevice_handler_init
 .text.softdevice_ble_evt_handler_set
                0x00020520       0x14 _build/softdevice_handler.o
                0x00020520                softdevice_ble_evt_handler_set
 .text.SWI2_IRQHandler
                0x00020534       0x34 _build/softdevice_handler.o
                0x00020534                SWI2_IRQHandler
 .text          0x00020568       0x54 _build/gcc_startup_nrf51.o
                0x00020568                Reset_Handler
                0x000205b0                NMI_Handler
                0x000205b2                HardFault_Handler
                0x000205b4                SVC_Handler
                0x000205b6                PendSV_Handler
                0x000205b8                SysTick_Handler
                0x000205ba                RTC0_IRQHandler
                0x000205ba                POWER_CLOCK_IRQHandler
                0x000205ba                SPI0_TWI0_IRQHandler
                0x000205ba                LPCOMP_IRQHandler
                0x000205ba                SWI4_IRQHandler
                0x000205ba                TEMP_IRQHandler
                0x000205ba                QDEC_IRQHandler
                0x000205ba                SWI5_IRQHandler
                0x000205ba                TIMER0_IRQHandler
                0x000205ba                RADIO_IRQHandler
                0x000205ba                TIMER1_IRQHandler
                0x000205ba                ECB_IRQHandler
                0x000205ba                Default_Handler
                0x000205ba                ADC_IRQHandler
                0x000205ba                SWI3_IRQHandler
                0x000205ba                CCM_AAR_IRQHandler
                0x000205ba                WDT_IRQHandler
                0x000205ba                TIMER2_IRQHandler
                0x000205ba                RNG_IRQHandler
                0x000205ba                SPI1_TWI1_IRQHandler
                0x000205ba                SWI1_IRQHandler
 .text          0x000205bc      0x120 c:/program files (x86)/gnu tools arm embedded/4.9 2015q3/bin/../lib/gcc/arm-none-eabi/4.9.3/armv6-m\libgcc.a(_udivsi3.o)
                0x000205bc                __aeabi_uidiv
                0x000205bc                __udivsi3
                0x000206c8                __aeabi_uidivmod
 .text          0x000206dc        0x4 c:/program files (x86)/gnu tools arm embedded/4.9 2015q3/bin/../lib/gcc/arm-none-eabi/4.9.3/armv6-m\libgcc.a(_dvmd_tls.o)
                0x000206dc                __aeabi_idiv0
                0x000206dc                __aeabi_ldiv0
 .text.memcpy   0x000206e0       0x12 c:/program files (x86)/gnu tools arm embedded/4.9 2015q3/bin/../lib/gcc/arm-none-eabi/4.9.3/../../../../arm-none-eabi/lib/armv6-m\libc_nano.a(lib_a-memcpy.o)
                0x000206e0                memcpy
 *fill*         0x000206f2        0x2 
 .text.printf   0x000206f4       0x34 c:/program files (x86)/gnu tools arm embedded/4.9 2015q3/bin/../lib/gcc/arm-none-eabi/4.9.3/../../../../arm-none-eabi/lib/armv6-m\libc_nano.a(lib_a-printf.o)
                0x000206f4                iprintf
                0x000206f4                printf
 .text.strlen   0x00020728        0xe c:/program files (x86)/gnu tools arm embedded/4.9 2015q3/bin/../lib/gcc/arm-none-eabi/4.9.3/../../../../arm-none-eabi/lib/armv6-m\libc_nano.a(lib_a-strlen.o)
                0x00020728                strlen
 *fill*         0x00020736        0x2 
 .text._cleanup_r
                0x00020738       0x10 c:/program files (x86)/gnu tools arm embedded/4.9 2015q3/bin/../lib/gcc/arm-none-eabi/4.9.3/../../../../arm-none-eabi/lib/armv6-m\libc_nano.a(lib_a-findfp.o)
                0x00020738                _cleanup_r
 .text.std.isra.0
                0x00020748       0x48 c:/program files (x86)/gnu tools arm embedded/4.9 2015q3/bin/../lib/gcc/arm-none-eabi/4.9.3/../../../../arm-none-eabi/lib/armv6-m\libc_nano.a(lib_a-findfp.o)
 .text.__sfmoreglue
                0x00020790       0x2c c:/program files (x86)/gnu tools arm embedded/4.9 2015q3/bin/../lib/gcc/arm-none-eabi/4.9.3/../../../../arm-none-eabi/lib/armv6-m\libc_nano.a(lib_a-findfp.o)
                0x00020790                __sfmoreglue
 .text.__sinit  0x000207bc       0x64 c:/program files (x86)/gnu tools arm embedded/4.9 2015q3/bin/../lib/gcc/arm-none-eabi/4.9.3/../../../../arm-none-eabi/lib/armv6-m\libc_nano.a(lib_a-findfp.o)
                0x000207bc                __sinit
 .text.__sfp    0x00020820       0x7c c:/program files (x86)/gnu tools arm embedded/4.9 2015q3/bin/../lib/gcc/arm-none-eabi/4.9.3/../../../../arm-none-eabi/lib/armv6-m\libc_nano.a(lib_a-findfp.o)
                0x00020820                __sfp
 .text._fwalk_reent
                0x0002089c       0x42 c:/program files (x86)/gnu tools arm embedded/4.9 2015q3/bin/../lib/gcc/arm-none-eabi/4.9.3/../../../../arm-none-eabi/lib/armv6-m\libc_nano.a(lib_a-fwalk.o)
                0x0002089c                _fwalk_reent
 *fill*         0x000208de        0x2 
 .text._malloc_r
                0x000208e0       0xb0 c:/program files (x86)/gnu tools arm embedded/4.9 2015q3/bin/../lib/gcc/arm-none-eabi/4.9.3/../../../../arm-none-eabi/lib/armv6-m\libc_nano.a(lib_a-nano-mallocr.o)
                0x000208e0                _malloc_r
 .text.__sfputc_r
                0x00020990       0x2a c:/program files (x86)/gnu tools arm embedded/4.9 2015q3/bin/../lib/gcc/arm-none-eabi/4.9.3/../../../../arm-none-eabi/lib/armv6-m\libc_nano.a(lib_a-nano-vfprintf.o)
 .text.__sfputs_r
                0x000209ba       0x24 c:/program files (x86)/gnu tools arm embedded/4.9 2015q3/bin/../lib/gcc/arm-none-eabi/4.9.3/../../../../arm-none-eabi/lib/armv6-m\libc_nano.a(lib_a-nano-vfprintf.o)
                0x000209ba                __sfputs_r
 *fill*         0x000209de        0x2 
 .text._vfprintf_r
                0x000209e0      0x220 c:/program files (x86)/gnu tools arm embedded/4.9 2015q3/bin/../lib/gcc/arm-none-eabi/4.9.3/../../../../arm-none-eabi/lib/armv6-m\libc_nano.a(lib_a-nano-vfprintf.o)
                0x000209e0                _vfprintf_r
                0x000209e0                _vfiprintf_r
 .text._printf_common
                0x00020c00       0xdc c:/program files (x86)/gnu tools arm embedded/4.9 2015q3/bin/../lib/gcc/arm-none-eabi/4.9.3/../../../../arm-none-eabi/lib/armv6-m\libc_nano.a(lib_a-nano-vfprintf_i.o)
                0x00020c00                _printf_common
 .text._printf_i
                0x00020cdc      0x230 c:/program files (x86)/gnu tools arm embedded/4.9 2015q3/bin/../lib/gcc/arm-none-eabi/4.9.3/../../../../arm-none-eabi/lib/armv6-m\libc_nano.a(lib_a-nano-vfprintf_i.o)
                0x00020cdc                _printf_i
 .text._sbrk_r  0x00020f0c       0x24 c:/program files (x86)/gnu tools arm embedded/4.9 2015q3/bin/../lib/gcc/arm-none-eabi/4.9.3/../../../../arm-none-eabi/lib/armv6-m\libc_nano.a(lib_a-sbrkr.o)
                0x00020f0c                _sbrk_r
 .text.__sread  0x00020f30       0x28 c:/program files (x86)/gnu tools arm embedded/4.9 2015q3/bin/../lib/gcc/arm-none-eabi/4.9.3/../../../../arm-none-eabi/lib/armv6-m\libc_nano.a(lib_a-stdio.o)
                0x00020f30                __sread
 .text.__swrite
                0x00020f58       0x38 c:/program files (x86)/gnu tools arm embedded/4.9 2015q3/bin/../lib/gcc/arm-none-eabi/4.9.3/../../../../arm-none-eabi/lib/armv6-m\libc_nano.a(lib_a-stdio.o)
                0x00020f58                __swrite
 .text.__sseek  0x00020f90       0x2c c:/program files (x86)/gnu tools arm embedded/4.9 2015q3/bin/../lib/gcc/arm-none-eabi/4.9.3/../../../../arm-none-eabi/lib/armv6-m\libc_nano.a(lib_a-stdio.o)
                0x00020f90                __sseek
 .text.__sclose
                0x00020fbc        0xc c:/program files (x86)/gnu tools arm embedded/4.9 2015q3/bin/../lib/gcc/arm-none-eabi/4.9.3/../../../../arm-none-eabi/lib/armv6-m\libc_nano.a(lib_a-stdio.o)
                0x00020fbc                __sclose
 .text.__swbuf_r
                0x00020fc8       0xb0 c:/program files (x86)/gnu tools arm embedded/4.9 2015q3/bin/../lib/gcc/arm-none-eabi/4.9.3/../../../../arm-none-eabi/lib/armv6-m\libc_nano.a(lib_a-wbuf.o)
                0x00020fc8                __swbuf_r
 .text._write_r
                0x00021078       0x28 c:/program files (x86)/gnu tools arm embedded/4.9 2015q3/bin/../lib/gcc/arm-none-eabi/4.9.3/../../../../arm-none-eabi/lib/armv6-m\libc_nano.a(lib_a-writer.o)
                0x00021078                _write_r
 .text.__swsetup_r
                0x000210a0       0xe8 c:/program files (x86)/gnu tools arm embedded/4.9 2015q3/bin/../lib/gcc/arm-none-eabi/4.9.3/../../../../arm-none-eabi/lib/armv6-m\libc_nano.a(lib_a-wsetup.o)
                0x000210a0                __swsetup_r
 .text._close_r
                0x00021188       0x24 c:/program files (x86)/gnu tools arm embedded/4.9 2015q3/bin/../lib/gcc/arm-none-eabi/4.9.3/../../../../arm-none-eabi/lib/armv6-m\libc_nano.a(lib_a-closer.o)
                0x00021188                _close_r
 .text.__sflush_r
                0x000211ac      0x112 c:/program files (x86)/gnu tools arm embedded/4.9 2015q3/bin/../lib/gcc/arm-none-eabi/4.9.3/../../../../arm-none-eabi/lib/armv6-m\libc_nano.a(lib_a-fflush.o)
                0x000211ac                __sflush_r
 *fill*         0x000212be        0x2 
 .text._fflush_r
                0x000212c0       0x58 c:/program files (x86)/gnu tools arm embedded/4.9 2015q3/bin/../lib/gcc/arm-none-eabi/4.9.3/../../../../arm-none-eabi/lib/armv6-m\libc_nano.a(lib_a-fflush.o)
                0x000212c0                _fflush_r
 .text._lseek_r
                0x00021318       0x28 c:/program files (x86)/gnu tools arm embedded/4.9 2015q3/bin/../lib/gcc/arm-none-eabi/4.9.3/../../../../arm-none-eabi/lib/armv6-m\libc_nano.a(lib_a-lseekr.o)
                0x00021318                _lseek_r
 .text.__smakebuf_r
                0x00021340       0xb0 c:/program files (x86)/gnu tools arm embedded/4.9 2015q3/bin/../lib/gcc/arm-none-eabi/4.9.3/../../../../arm-none-eabi/lib/armv6-m\libc_nano.a(lib_a-makebuf.o)
                0x00021340                __smakebuf_r
 .text.memchr   0x000213f0       0x16 c:/program files (x86)/gnu tools arm embedded/4.9 2015q3/bin/../lib/gcc/arm-none-eabi/4.9.3/../../../../arm-none-eabi/lib/armv6-m\libc_nano.a(lib_a-memchr.o)
                0x000213f0                memchr
 *fill*         0x00021406        0x2 
 .text._free_r  0x00021408       0x8c c:/program files (x86)/gnu tools arm embedded/4.9 2015q3/bin/../lib/gcc/arm-none-eabi/4.9.3/../../../../arm-none-eabi/lib/armv6-m\libc_nano.a(lib_a-nano-freer.o)
                0x00021408                _free_r
 .text._read_r  0x00021494       0x28 c:/program files (x86)/gnu tools arm embedded/4.9 2015q3/bin/../lib/gcc/arm-none-eabi/4.9.3/../../../../arm-none-eabi/lib/armv6-m\libc_nano.a(lib_a-readr.o)
                0x00021494                _read_r
 .text._fstat_r
                0x000214bc       0x24 c:/program files (x86)/gnu tools arm embedded/4.9 2015q3/bin/../lib/gcc/arm-none-eabi/4.9.3/../../../../arm-none-eabi/lib/armv6-m\libc_nano.a(lib_a-fstatr.o)
                0x000214bc                _fstat_r
 .text._isatty_r
                0x000214e0       0x24 c:/program files (x86)/gnu tools arm embedded/4.9 2015q3/bin/../lib/gcc/arm-none-eabi/4.9.3/../../../../arm-none-eabi/lib/armv6-m\libc_nano.a(lib_a-isattyr.o)
                0x000214e0                _isatty_r
 .text._close   0x00021504       0x10 c:/program files (x86)/gnu tools arm embedded/4.9 2015q3/bin/../lib/gcc/arm-none-eabi/4.9.3/../../../../arm-none-eabi/lib/armv6-m\libnosys.a(close.o)
                0x00021504                _close
 .text._fstat   0x00021514       0x10 c:/program files (x86)/gnu tools arm embedded/4.9 2015q3/bin/../lib/gcc/arm-none-eabi/4.9.3/../../../../arm-none-eabi/lib/armv6-m\libnosys.a(fstat.o)
                0x00021514                _fstat
 .text._isatty  0x00021524       0x10 c:/program files (x86)/gnu tools arm embedded/4.9 2015q3/bin/../lib/gcc/arm-none-eabi/4.9.3/../../../../arm-none-eabi/lib/armv6-m\libnosys.a(isatty.o)
                0x00021524                _isatty
 .text._lseek   0x00021534       0x10 c:/program files (x86)/gnu tools arm embedded/4.9 2015q3/bin/../lib/gcc/arm-none-eabi/4.9.3/../../../../arm-none-eabi/lib/armv6-m\libnosys.a(lseek.o)
                0x00021534                _lseek
 .text._sbrk    0x00021544       0x1c c:/program files (x86)/gnu tools arm embedded/4.9 2015q3/bin/../lib/gcc/arm-none-eabi/4.9.3/../../../../arm-none-eabi/lib/armv6-m\libnosys.a(sbrk.o)
                0x00021544                _sbrk
 *(.init)
 .init          0x00021560        0x4 c:/program files (x86)/gnu tools arm embedded/4.9 2015q3/bin/../lib/gcc/arm-none-eabi/4.9.3/armv6-m/crti.o
                0x00021560                _init
 .init          0x00021564        0x8 c:/program files (x86)/gnu tools arm embedded/4.9 2015q3/bin/../lib/gcc/arm-none-eabi/4.9.3/armv6-m/crtn.o
 *(.fini)
 .fini          0x0002156c        0x4 c:/program files (x86)/gnu tools arm embedded/4.9 2015q3/bin/../lib/gcc/arm-none-eabi/4.9.3/armv6-m/crti.o
                0x0002156c                _fini
 .fini          0x00021570        0x8 c:/program files (x86)/gnu tools arm embedded/4.9 2015q3/bin/../lib/gcc/arm-none-eabi/4.9.3/armv6-m/crtn.o
 *crtbegin.o(.ctors)
 *crtbegin?.o(.ctors)
 *(EXCLUDE_FILE(*crtend.o *crtend?.o) .ctors)
 *(SORT(.ctors.*))
 *(.ctors)
 *crtbegin.o(.dtors)
 *crtbegin?.o(.dtors)
 *(EXCLUDE_FILE(*crtend.o *crtend?.o) .dtors)
 *(SORT(.dtors.*))
 *(.dtors)
 *(.rodata*)
 .rodata.str1.1
                0x00021578        0x2 c:/program files (x86)/gnu tools arm embedded/4.9 2015q3/bin/../lib/gcc/arm-none-eabi/4.9.3/../../../../arm-none-eabi/lib/armv6-m\libc_nano.a(lib_a-impure.o)
 *fill*         0x0002157a        0x2 
 .rodata._global_impure_ptr
                0x0002157c        0x4 c:/program files (x86)/gnu tools arm embedded/4.9 2015q3/bin/../lib/gcc/arm-none-eabi/4.9.3/../../../../arm-none-eabi/lib/armv6-m\libc_nano.a(lib_a-impure.o)
                0x0002157c                _global_impure_ptr
 .rodata.m_detection_delay_timer_id
                0x00021580        0x4 _build/app_button.o
 .rodata        0x00021584       0x20 _build/app_uart_fifo.o
 .rodata.m_default_config
                0x000215a4       0x20 _build/nrf_drv_uart.o
 .rodata.leds_timer_handler
                0x000215c4       0x60 _build/bsp.o
 .rodata.bsp_indication_set
                0x00021624       0x60 _build/bsp.o
 .rodata.m_buttons_list
                0x00021684       0x10 _build/bsp.o
 .rodata.m_button_timer_id
                0x00021694        0x4 _build/bsp.o
 .rodata.app_buttons
                0x00021698       0x20 _build/bsp.o
 .rodata.m_leds_timer_id
                0x000216b8        0x4 _build/bsp.o
 .rodata.m_alert_timer_id
                0x000216bc        0x4 _build/bsp.o
 .rodata        0x000216c0        0xc _build/main.o
 .rodata.str1.4
                0x000216cc       0x1c _build/main.o
                                 0x1a (size before relaxing)
 .rodata.m_conn_params_timer_id
                0x000216e8        0x4 _build/ble_conn_params.o
 .rodata        0x000216ec       0x10 _build/ble_nus.o
 .rodata.__sf_fake_stdin
                0x000216fc       0x20 c:/program files (x86)/gnu tools arm embedded/4.9 2015q3/bin/../lib/gcc/arm-none-eabi/4.9.3/../../../../arm-none-eabi/lib/armv6-m\libc_nano.a(lib_a-findfp.o)
                0x000216fc                __sf_fake_stdin
 .rodata.__sf_fake_stdout
                0x0002171c       0x20 c:/program files (x86)/gnu tools arm embedded/4.9 2015q3/bin/../lib/gcc/arm-none-eabi/4.9.3/../../../../arm-none-eabi/lib/armv6-m\libc_nano.a(lib_a-findfp.o)
                0x0002171c                __sf_fake_stdout
 .rodata.__sf_fake_stderr
                0x0002173c       0x20 c:/program files (x86)/gnu tools arm embedded/4.9 2015q3/bin/../lib/gcc/arm-none-eabi/4.9.3/../../../../arm-none-eabi/lib/armv6-m\libc_nano.a(lib_a-findfp.o)
                0x0002173c                __sf_fake_stderr
 .rodata.str1.1
                0x0002175c       0x11 c:/program files (x86)/gnu tools arm embedded/4.9 2015q3/bin/../lib/gcc/arm-none-eabi/4.9.3/../../../../arm-none-eabi/lib/armv6-m\libc_nano.a(lib_a-nano-vfprintf.o)
 .rodata.str1.1
                0x0002176d       0x22 c:/program files (x86)/gnu tools arm embedded/4.9 2015q3/bin/../lib/gcc/arm-none-eabi/4.9.3/../../../../arm-none-eabi/lib/armv6-m\libc_nano.a(lib_a-nano-vfprintf_i.o)
 *(.eh_frame*)
 *fill*         0x0002178f        0x1 
 .eh_frame      0x00021790        0x0 c:/program files (x86)/gnu tools arm embedded/4.9 2015q3/bin/../lib/gcc/arm-none-eabi/4.9.3/armv6-m/crtbegin.o
                0x00021790                . = ALIGN (0x4)

.glue_7         0x00021790        0x0
 .glue_7        0x00000000        0x0 linker stubs

.glue_7t        0x00021790        0x0
 .glue_7t       0x00000000        0x0 linker stubs

.vfp11_veneer   0x00021790        0x0
 .vfp11_veneer  0x00000000        0x0 linker stubs

.v4_bx          0x00021790        0x0
 .v4_bx         0x00000000        0x0 linker stubs

.iplt           0x00021790        0x0
 .iplt          0x00000000        0x0 c:/program files (x86)/gnu tools arm embedded/4.9 2015q3/bin/../lib/gcc/arm-none-eabi/4.9.3/armv6-m/crtbegin.o

.ARM.extab      0x00021790        0x0
 *(.ARM.extab* .gnu.linkonce.armextab.*)
                0x00021790                . = ALIGN (0x4)
                0x00021790                __exidx_start = .

.ARM.exidx      0x00021790        0x8
 *(.ARM.exidx* .gnu.linkonce.armexidx.*)
 .ARM.exidx     0x00021790        0x8 c:/program files (x86)/gnu tools arm embedded/4.9 2015q3/bin/../lib/gcc/arm-none-eabi/4.9.3/../../../../arm-none-eabi/lib/armv6-m/crt0.o
 .ARM.exidx     0x00021798        0x0 _build/gcc_startup_nrf51.o
                                  0x8 (size before relaxing)
                0x00021798                . = ALIGN (0x4)
                0x00021798                __exidx_end = .
                0x00021798                __etext = .

.rel.dyn        0x00021798        0x0
 .rel.iplt      0x00000000        0x0 c:/program files (x86)/gnu tools arm embedded/4.9 2015q3/bin/../lib/gcc/arm-none-eabi/4.9.3/armv6-m/crtbegin.o

.data           0x20002800       0x78 load address 0x00021798
                0x20002800                __data_start__ = .
 *(vtable)
 *(.data*)
 .data.impure_data
                0x20002800       0x60 c:/program files (x86)/gnu tools arm embedded/4.9 2015q3/bin/../lib/gcc/arm-none-eabi/4.9.3/../../../../arm-none-eabi/lib/armv6-m\libc_nano.a(lib_a-impure.o)
 .data._impure_ptr
                0x20002860        0x4 c:/program files (x86)/gnu tools arm embedded/4.9 2015q3/bin/../lib/gcc/arm-none-eabi/4.9.3/../../../../arm-none-eabi/lib/armv6-m\libc_nano.a(lib_a-impure.o)
                0x20002860                _impure_ptr
 .data.m_conn_handle
                0x20002864        0x2 _build/main.o
 *fill*         0x20002866        0x2 
 .data.m_adv_uuids
                0x20002868        0x4 _build/main.o
 .data.current_slave_link_conn_handle.7183
                0x2000286c        0x2 _build/ble_advertising.o
                0x20002870                . = ALIGN (0x4)
 *fill*         0x2000286e        0x2 
                0x20002870                PROVIDE (__preinit_array_start, .)
 *(.preinit_array)
                0x20002870                PROVIDE (__preinit_array_end, .)
                0x20002870                . = ALIGN (0x4)
                0x20002870                PROVIDE (__init_array_start, .)
 *(SORT(.init_array.*))
 *(.init_array)
 .init_array    0x20002870        0x4 c:/program files (x86)/gnu tools arm embedded/4.9 2015q3/bin/../lib/gcc/arm-none-eabi/4.9.3/armv6-m/crtbegin.o
                0x20002874                PROVIDE (__init_array_end, .)
                0x20002874                . = ALIGN (0x4)
                0x20002874                PROVIDE (__fini_array_start, .)
 *(SORT(.fini_array.*))
 *(.fini_array)
 .fini_array    0x20002874        0x4 c:/program files (x86)/gnu tools arm embedded/4.9 2015q3/bin/../lib/gcc/arm-none-eabi/4.9.3/armv6-m/crtbegin.o
                0x20002878                PROVIDE (__fini_array_end, .)
 *(.jcr)
 .jcr           0x20002878        0x0 c:/program files (x86)/gnu tools arm embedded/4.9 2015q3/bin/../lib/gcc/arm-none-eabi/4.9.3/armv6-m/crtbegin.o
                0x20002878                . = ALIGN (0x4)
                0x20002878                __data_end__ = .

.igot.plt       0x20002878        0x0 load address 0x00021810
 .igot.plt      0x00000000        0x0 c:/program files (x86)/gnu tools arm embedded/4.9 2015q3/bin/../lib/gcc/arm-none-eabi/4.9.3/armv6-m/crtbegin.o

.bss            0x20002878      0x848 load address 0x00021810
                0x20002878                . = ALIGN (0x4)
                0x20002878                __bss_start__ = .
 *(.bss*)
 .bss           0x20002878       0x1c c:/program files (x86)/gnu tools arm embedded/4.9 2015q3/bin/../lib/gcc/arm-none-eabi/4.9.3/armv6-m/crtbegin.o
 .bss.m_detection_delay
                0x20002894        0x4 _build/app_button.o
 .bss.mp_buttons
                0x20002898        0x4 _build/app_button.o
 .bss.m_button_count
                0x2000289c        0x1 _build/app_button.o
 *fill*         0x2000289d        0x3 
 .bss.m_detection_delay_timer_id_data
                0x200028a0       0x20 _build/app_button.o
 .bss.m_pin_state
                0x200028c0        0x4 _build/app_button.o
 .bss.m_pin_transition
                0x200028c4        0x4 _build/app_button.o
 .bss.m_ticks_latest
                0x200028c8        0x4 _build/app_timer.o
 .bss.mp_timer_id_head
                0x200028cc        0x4 _build/app_timer.o
 .bss.m_evt_schedule_func
                0x200028d0        0x4 _build/app_timer.o
 .bss.m_user_array_size
                0x200028d4        0x1 _build/app_timer.o
 *fill*         0x200028d5        0x3 
 .bss.mp_users  0x200028d8        0x4 _build/app_timer.o
 .bss.m_ticks_elapsed_q_read_ind
                0x200028dc        0x1 _build/app_timer.o
 .bss.m_ticks_elapsed_q_write_ind
                0x200028dd        0x1 _build/app_timer.o
 .bss.m_rtc1_reset
                0x200028de        0x1 _build/app_timer.o
 *fill*         0x200028df        0x1 
 .bss.m_ticks_elapsed
                0x200028e0        0x8 _build/app_timer.o
 .bss.m_rtc1_running
                0x200028e8        0x1 _build/app_timer.o
 *fill*         0x200028e9        0x3 
 .bss.tx_buffer
                0x200028ec        0x1 _build/app_uart_fifo.o
 *fill*         0x200028ed        0x3 
 .bss.m_event_handler
                0x200028f0        0x4 _build/app_uart_fifo.o
 .bss.rx_buffer
                0x200028f4        0x1 _build/app_uart_fifo.o
 *fill*         0x200028f5        0x3 
 .bss.m_tx_fifo
                0x200028f8       0x10 _build/app_uart_fifo.o
 .bss.m_rx_fifo
                0x20002908       0x10 _build/app_uart_fifo.o
 .bss.tx_tmp    0x20002918        0x1 _build/app_uart_fifo.o
 *fill*         0x20002919        0x3 
 .bss.m_cb      0x2000291c       0x48 _build/nrf_drv_gpiote.o
 .bss.m_cb      0x20002964       0x18 _build/nrf_drv_uart.o
 .bss.m_cmd_queue
                0x2000297c       0xcc _build/pstorage.o
 .bss.m_flags   0x20002a48        0x4 _build/pstorage.o
 .bss.m_leds_timer_id_data
                0x20002a4c       0x20 _build/bsp.o
 .bss.release_event_at_push.5972
                0x20002a6c        0x4 _build/bsp.o
 .bss.m_alert_mask
                0x20002a70        0x4 _build/bsp.o
 .bss.m_indication_type
                0x20002a74        0x4 _build/bsp.o
 .bss.m_app_ticks_per_100ms
                0x20002a78        0x4 _build/bsp.o
 .bss.m_registered_callback
                0x20002a7c        0x4 _build/bsp.o
 .bss.m_button_timer_id_data
                0x20002a80       0x20 _build/bsp.o
 .bss.m_stable_state
                0x20002aa0        0x1 _build/bsp.o
 *fill*         0x20002aa1        0x3 
 .bss.m_alert_timer_id_data
                0x20002aa4       0x20 _build/bsp.o
 .bss.current_long_push_pin_no.5971
                0x20002ac4        0x1 _build/bsp.o
 *fill*         0x20002ac5        0x3 
 .bss.m_events_list
                0x20002ac8        0xc _build/bsp.o
 .bss.m_error_handler
                0x20002ad4        0x4 _build/bsp_btn_ble.o
 .bss.m_num_connections
                0x20002ad8        0x4 _build/bsp_btn_ble.o
 .bss.APP_TIMER_BUF.8294
                0x20002adc      0x1c8 _build/main.o
 .bss.data_array.8250
                0x20002ca4       0x14 _build/main.o
 .bss.BLE_EVT_BUFFER.8230
                0x20002cb8       0x48 _build/main.o
 .bss.rx_buf.8265
                0x20002d00      0x100 _build/main.o
 .bss.tx_buf.8266
                0x20002e00      0x100 _build/main.o
 .bss.index.8251
                0x20002f00        0x1 _build/main.o
 *fill*         0x20002f01        0x3 
 .bss.m_nus     0x20002f04       0x1c _build/main.o
 .bss.m_advdata
                0x20002f20       0x38 _build/ble_advertising.o
 .bss.m_manuf_specific_data
                0x20002f58        0xc _build/ble_advertising.o
 .bss.m_evt_handler
                0x20002f64        0x4 _build/ble_advertising.o
 .bss.m_manuf_data_array
                0x20002f68       0x1f _build/ble_advertising.o
 .bss.m_whitelist_temporarily_disabled
                0x20002f87        0x1 _build/ble_advertising.o
 .bss.m_error_handler
                0x20002f88        0x4 _build/ble_advertising.o
 .bss.m_peer_address
                0x20002f8c        0x7 _build/ble_advertising.o
 *fill*         0x20002f93        0x1 
 .bss.m_adv_modes_config
                0x20002f94       0x24 _build/ble_advertising.o
 .bss.mp_whitelist_addr
                0x20002fb8       0x20 _build/ble_advertising.o
 .bss.m_tx_power_level
                0x20002fd8        0x1 _build/ble_advertising.o
 *fill*         0x20002fd9        0x3 
 .bss.m_whitelist
                0x20002fdc       0x10 _build/ble_advertising.o
 .bss.m_service_data_array
                0x20002fec       0x1f _build/ble_advertising.o
 .bss.m_peer_addr_reply_expected
                0x2000300b        0x1 _build/ble_advertising.o
 .bss.m_whitelist_reply_expected
                0x2000300c        0x1 _build/ble_advertising.o
 *fill*         0x2000300d        0x3 
 .bss.mp_whitelist_irk
                0x20003010       0x20 _build/ble_advertising.o
 .bss.m_adv_mode_current
                0x20003030        0x1 _build/ble_advertising.o
 .bss.m_advertising_start_pending
                0x20003031        0x1 _build/ble_advertising.o
 *fill*         0x20003032        0x2 
 .bss.m_slave_conn_int
                0x20003034        0x4 _build/ble_advertising.o
 .bss.m_service_data
                0x20003038        0xc _build/ble_advertising.o
 .bss.m_adv_evt
                0x20003044        0x1 _build/ble_advertising.o
 .bss.m_change_param
                0x20003045        0x1 _build/ble_conn_params.o
 *fill*         0x20003046        0x2 
 .bss.m_current_conn_params
                0x20003048        0x8 _build/ble_conn_params.o
 .bss.m_update_count
                0x20003050        0x1 _build/ble_conn_params.o
 *fill*         0x20003051        0x3 
 .bss.m_conn_params_config
                0x20003054       0x1c _build/ble_conn_params.o
 .bss.m_conn_params_timer_id_data
                0x20003070       0x20 _build/ble_conn_params.o
 .bss.m_conn_handle
                0x20003090        0x2 _build/ble_conn_params.o
 *fill*         0x20003092        0x2 
 .bss.m_preferred_conn_params
                0x20003094        0x8 _build/ble_conn_params.o
 .bss.m_softdevice_enabled
                0x2000309c        0x1 _build/softdevice_handler.o
 *fill*         0x2000309d        0x1 
 .bss.m_ble_evt_buffer_size
                0x2000309e        0x2 _build/softdevice_handler.o
 .bss.mp_ble_evt_buffer
                0x200030a0        0x4 _build/softdevice_handler.o
 .bss.m_sys_evt_handler
                0x200030a4        0x4 _build/softdevice_handler.o
 .bss.m_ble_evt_handler
                0x200030a8        0x4 _build/softdevice_handler.o
 .bss.m_evt_schedule_func
                0x200030ac        0x4 _build/softdevice_handler.o
 .bss.__malloc_sbrk_start
                0x200030b0        0x4 c:/program files (x86)/gnu tools arm embedded/4.9 2015q3/bin/../lib/gcc/arm-none-eabi/4.9.3/../../../../arm-none-eabi/lib/armv6-m\libc_nano.a(lib_a-nano-mallocr.o)
                0x200030b0                __malloc_sbrk_start
 .bss.__malloc_free_list
                0x200030b4        0x4 c:/program files (x86)/gnu tools arm embedded/4.9 2015q3/bin/../lib/gcc/arm-none-eabi/4.9.3/../../../../arm-none-eabi/lib/armv6-m\libc_nano.a(lib_a-nano-mallocr.o)
                0x200030b4                __malloc_free_list
 .bss.heap_end.4079
                0x200030b8        0x4 c:/program files (x86)/gnu tools arm embedded/4.9 2015q3/bin/../lib/gcc/arm-none-eabi/4.9.3/../../../../arm-none-eabi/lib/armv6-m\libnosys.a(sbrk.o)
 *(COMMON)
 COMMON         0x200030bc        0x4 c:/program files (x86)/gnu tools arm embedded/4.9 2015q3/bin/../lib/gcc/arm-none-eabi/4.9.3/../../../../arm-none-eabi/lib/armv6-m\libc_nano.a(lib_a-reent.o)
                0x200030bc                errno
                0x200030c0                . = ALIGN (0x4)
                0x200030c0                __bss_end__ = .

.heap           0x200030c0      0x800
                0x200030c0                __end__ = .
                0x200030c0                end = __end__
 *(.heap*)
 .heap          0x200030c0      0x800 _build/gcc_startup_nrf51.o
                0x200030c0                __HeapBase
                0x200038c0                __HeapLimit = .

.stack_dummy    0x200030c0      0x800
 *(.stack*)
 .stack         0x200030c0      0x800 _build/gcc_startup_nrf51.o
                0x20008000                __StackTop = (ORIGIN (RAM) + 0x5800)
                0x20007800                __StackLimit = (__StackTop - SIZEOF (.stack_dummy))
                0x20008000                PROVIDE (__stack, __StackTop)
                0x00000001                ASSERT ((__StackLimit >= __HeapLimit), region RAM overflowed with stack)
OUTPUT(_build/nrf51422_xxac_s130.out elf32-littlearm)

.ARM.attributes
                0x00000000       0x28
 .ARM.attributes
                0x00000000       0x1e c:/program files (x86)/gnu tools arm embedded/4.9 2015q3/bin/../lib/gcc/arm-none-eabi/4.9.3/armv6-m/crti.o
 .ARM.attributes
                0x0000001e       0x2c c:/program files (x86)/gnu tools arm embedded/4.9 2015q3/bin/../lib/gcc/arm-none-eabi/4.9.3/armv6-m/crtbegin.o
 .ARM.attributes
                0x0000004a       0x1b c:/program files (x86)/gnu tools arm embedded/4.9 2015q3/bin/../lib/gcc/arm-none-eabi/4.9.3/../../../../arm-none-eabi/lib/armv6-m/crt0.o
 .ARM.attributes
                0x00000065       0x2c c:/program files (x86)/gnu tools arm embedded/4.9 2015q3/bin/../lib/gcc/arm-none-eabi/4.9.3/../../../../arm-none-eabi/lib/armv6-m\libc_nano.a(lib_a-exit.o)
 .ARM.attributes
                0x00000091       0x2c c:/program files (x86)/gnu tools arm embedded/4.9 2015q3/bin/../lib/gcc/arm-none-eabi/4.9.3/../../../../arm-none-eabi/lib/armv6-m\libc_nano.a(lib_a-impure.o)
 .ARM.attributes
                0x000000bd       0x2c c:/program files (x86)/gnu tools arm embedded/4.9 2015q3/bin/../lib/gcc/arm-none-eabi/4.9.3/../../../../arm-none-eabi/lib/armv6-m\libc_nano.a(lib_a-init.o)
 .ARM.attributes
                0x000000e9       0x2c c:/program files (x86)/gnu tools arm embedded/4.9 2015q3/bin/../lib/gcc/arm-none-eabi/4.9.3/../../../../arm-none-eabi/lib/armv6-m\libc_nano.a(lib_a-memset.o)
 .ARM.attributes
                0x00000115       0x2c c:/program files (x86)/gnu tools arm embedded/4.9 2015q3/bin/../lib/gcc/arm-none-eabi/4.9.3/../../../../arm-none-eabi/lib/armv6-m\libnosys.a(_exit.o)
 .ARM.attributes
                0x00000141       0x31 _build/app_button.o
 .ARM.attributes
                0x00000172       0x31 _build/app_error.o
 .ARM.attributes
                0x000001a3       0x31 _build/app_fifo.o
 .ARM.attributes
                0x000001d4       0x31 _build/app_timer.o
 .ARM.attributes
                0x00000205       0x31 _build/retarget.o
 .ARM.attributes
                0x00000236       0x31 _build/app_uart_fifo.o
 .ARM.attributes
                0x00000267       0x31 _build/nrf_drv_common.o
 .ARM.attributes
                0x00000298       0x31 _build/nrf_drv_gpiote.o
 .ARM.attributes
                0x000002c9       0x31 _build/nrf_drv_uart.o
 .ARM.attributes
                0x000002fa       0x31 _build/pstorage.o
 .ARM.attributes
                0x0000032b       0x31 _build/bsp.o
 .ARM.attributes
                0x0000035c       0x31 _build/bsp_btn_ble.o
 .ARM.attributes
                0x0000038d       0x31 _build/main.o
 .ARM.attributes
                0x000003be       0x31 _build/ble_advdata.o
 .ARM.attributes
                0x000003ef       0x31 _build/ble_advertising.o
 .ARM.attributes
                0x00000420       0x31 _build/ble_conn_params.o
 .ARM.attributes
                0x00000451       0x31 _build/ble_nus.o
 .ARM.attributes
                0x00000482       0x31 _build/system_nrf51.o
 .ARM.attributes
                0x000004b3       0x31 _build/softdevice_handler.o
 .ARM.attributes
                0x000004e4       0x1b _build/gcc_startup_nrf51.o
 .ARM.attributes
                0x000004ff       0x1e c:/program files (x86)/gnu tools arm embedded/4.9 2015q3/bin/../lib/gcc/arm-none-eabi/4.9.3/armv6-m\libgcc.a(_udivsi3.o)
 .ARM.attributes
                0x0000051d       0x1e c:/program files (x86)/gnu tools arm embedded/4.9 2015q3/bin/../lib/gcc/arm-none-eabi/4.9.3/armv6-m\libgcc.a(_dvmd_tls.o)
 .ARM.attributes
                0x0000053b       0x2c c:/program files (x86)/gnu tools arm embedded/4.9 2015q3/bin/../lib/gcc/arm-none-eabi/4.9.3/../../../../arm-none-eabi/lib/armv6-m\libc_nano.a(lib_a-memcpy.o)
 .ARM.attributes
                0x00000567       0x2c c:/program files (x86)/gnu tools arm embedded/4.9 2015q3/bin/../lib/gcc/arm-none-eabi/4.9.3/../../../../arm-none-eabi/lib/armv6-m\libc_nano.a(lib_a-printf.o)
 .ARM.attributes
                0x00000593       0x2c c:/program files (x86)/gnu tools arm embedded/4.9 2015q3/bin/../lib/gcc/arm-none-eabi/4.9.3/../../../../arm-none-eabi/lib/armv6-m\libc_nano.a(lib_a-strlen.o)
 .ARM.attributes
                0x000005bf       0x2c c:/program files (x86)/gnu tools arm embedded/4.9 2015q3/bin/../lib/gcc/arm-none-eabi/4.9.3/../../../../arm-none-eabi/lib/armv6-m\libc_nano.a(lib_a-findfp.o)
 .ARM.attributes
                0x000005eb       0x2c c:/program files (x86)/gnu tools arm embedded/4.9 2015q3/bin/../lib/gcc/arm-none-eabi/4.9.3/../../../../arm-none-eabi/lib/armv6-m\libc_nano.a(lib_a-fwalk.o)
 .ARM.attributes
                0x00000617       0x2c c:/program files (x86)/gnu tools arm embedded/4.9 2015q3/bin/../lib/gcc/arm-none-eabi/4.9.3/../../../../arm-none-eabi/lib/armv6-m\libc_nano.a(lib_a-nano-mallocr.o)
 .ARM.attributes
                0x00000643       0x2c c:/program files (x86)/gnu tools arm embedded/4.9 2015q3/bin/../lib/gcc/arm-none-eabi/4.9.3/../../../../arm-none-eabi/lib/armv6-m\libc_nano.a(lib_a-nano-vfprintf.o)
 .ARM.attributes
                0x0000066f       0x2c c:/program files (x86)/gnu tools arm embedded/4.9 2015q3/bin/../lib/gcc/arm-none-eabi/4.9.3/../../../../arm-none-eabi/lib/armv6-m\libc_nano.a(lib_a-nano-vfprintf_i.o)
 .ARM.attributes
                0x0000069b       0x2c c:/program files (x86)/gnu tools arm embedded/4.9 2015q3/bin/../lib/gcc/arm-none-eabi/4.9.3/../../../../arm-none-eabi/lib/armv6-m\libc_nano.a(lib_a-sbrkr.o)
 .ARM.attributes
                0x000006c7       0x2c c:/program files (x86)/gnu tools arm embedded/4.9 2015q3/bin/../lib/gcc/arm-none-eabi/4.9.3/../../../../arm-none-eabi/lib/armv6-m\libc_nano.a(lib_a-stdio.o)
 .ARM.attributes
                0x000006f3       0x2c c:/program files (x86)/gnu tools arm embedded/4.9 2015q3/bin/../lib/gcc/arm-none-eabi/4.9.3/../../../../arm-none-eabi/lib/armv6-m\libc_nano.a(lib_a-wbuf.o)
 .ARM.attributes
                0x0000071f       0x2c c:/program files (x86)/gnu tools arm embedded/4.9 2015q3/bin/../lib/gcc/arm-none-eabi/4.9.3/../../../../arm-none-eabi/lib/armv6-m\libc_nano.a(lib_a-writer.o)
 .ARM.attributes
                0x0000074b       0x2c c:/program files (x86)/gnu tools arm embedded/4.9 2015q3/bin/../lib/gcc/arm-none-eabi/4.9.3/../../../../arm-none-eabi/lib/armv6-m\libc_nano.a(lib_a-wsetup.o)
 .ARM.attributes
                0x00000777       0x2c c:/program files (x86)/gnu tools arm embedded/4.9 2015q3/bin/../lib/gcc/arm-none-eabi/4.9.3/../../../../arm-none-eabi/lib/armv6-m\libc_nano.a(lib_a-closer.o)
 .ARM.attributes
                0x000007a3       0x2c c:/program files (x86)/gnu tools arm embedded/4.9 2015q3/bin/../lib/gcc/arm-none-eabi/4.9.3/../../../../arm-none-eabi/lib/armv6-m\libc_nano.a(lib_a-fflush.o)
 .ARM.attributes
                0x000007cf       0x2c c:/program files (x86)/gnu tools arm embedded/4.9 2015q3/bin/../lib/gcc/arm-none-eabi/4.9.3/../../../../arm-none-eabi/lib/armv6-m\libc_nano.a(lib_a-lseekr.o)
 .ARM.attributes
                0x000007fb       0x2c c:/program files (x86)/gnu tools arm embedded/4.9 2015q3/bin/../lib/gcc/arm-none-eabi/4.9.3/../../../../arm-none-eabi/lib/armv6-m\libc_nano.a(lib_a-makebuf.o)
 .ARM.attributes
                0x00000827       0x2c c:/program files (x86)/gnu tools arm embedded/4.9 2015q3/bin/../lib/gcc/arm-none-eabi/4.9.3/../../../../arm-none-eabi/lib/armv6-m\libc_nano.a(lib_a-memchr.o)
 .ARM.attributes
                0x00000853       0x2c c:/program files (x86)/gnu tools arm embedded/4.9 2015q3/bin/../lib/gcc/arm-none-eabi/4.9.3/../../../../arm-none-eabi/lib/armv6-m\libc_nano.a(lib_a-nano-freer.o)
 .ARM.attributes
                0x0000087f       0x2c c:/program files (x86)/gnu tools arm embedded/4.9 2015q3/bin/../lib/gcc/arm-none-eabi/4.9.3/../../../../arm-none-eabi/lib/armv6-m\libc_nano.a(lib_a-readr.o)
 .ARM.attributes
                0x000008ab       0x2c c:/program files (x86)/gnu tools arm embedded/4.9 2015q3/bin/../lib/gcc/arm-none-eabi/4.9.3/../../../../arm-none-eabi/lib/armv6-m\libc_nano.a(lib_a-reent.o)
 .ARM.attributes
                0x000008d7       0x2c c:/program files (x86)/gnu tools arm embedded/4.9 2015q3/bin/../lib/gcc/arm-none-eabi/4.9.3/../../../../arm-none-eabi/lib/armv6-m\libc_nano.a(lib_a-fstatr.o)
 .ARM.attributes
                0x00000903       0x2c c:/program files (x86)/gnu tools arm embedded/4.9 2015q3/bin/../lib/gcc/arm-none-eabi/4.9.3/../../../../arm-none-eabi/lib/armv6-m\libc_nano.a(lib_a-isattyr.o)
 .ARM.attributes
                0x0000092f       0x1e c:/program files (x86)/gnu tools arm embedded/4.9 2015q3/bin/../lib/gcc/arm-none-eabi/4.9.3/armv6-m/crtn.o
 .ARM.attributes
                0x0000094d       0x2c c:/program files (x86)/gnu tools arm embedded/4.9 2015q3/bin/../lib/gcc/arm-none-eabi/4.9.3/../../../../arm-none-eabi/lib/armv6-m\libnosys.a(close.o)
 .ARM.attributes
                0x00000979       0x2c c:/program files (x86)/gnu tools arm embedded/4.9 2015q3/bin/../lib/gcc/arm-none-eabi/4.9.3/../../../../arm-none-eabi/lib/armv6-m\libnosys.a(fstat.o)
 .ARM.attributes
                0x000009a5       0x2c c:/program files (x86)/gnu tools arm embedded/4.9 2015q3/bin/../lib/gcc/arm-none-eabi/4.9.3/../../../../arm-none-eabi/lib/armv6-m\libnosys.a(isatty.o)
 .ARM.attributes
                0x000009d1       0x2c c:/program files (x86)/gnu tools arm embedded/4.9 2015q3/bin/../lib/gcc/arm-none-eabi/4.9.3/../../../../arm-none-eabi/lib/armv6-m\libnosys.a(lseek.o)
 .ARM.attributes
                0x000009fd       0x2c c:/program files (x86)/gnu tools arm embedded/4.9 2015q3/bin/../lib/gcc/arm-none-eabi/4.9.3/../../../../arm-none-eabi/lib/armv6-m\libnosys.a(sbrk.o)

.comment        0x00000000       0x70
 .comment       0x00000000       0x70 _build/app_button.o
                                 0x71 (size before relaxing)
 .comment       0x00000000       0x71 _build/app_error.o
 .comment       0x00000000       0x71 _build/app_fifo.o
 .comment       0x00000000       0x71 _build/app_timer.o
 .comment       0x00000000       0x71 _build/retarget.o
 .comment       0x00000000       0x71 _build/app_uart_fifo.o
 .comment       0x00000000       0x71 _build/nrf_drv_common.o
 .comment       0x00000000       0x71 _build/nrf_drv_gpiote.o
 .comment       0x00000000       0x71 _build/nrf_drv_uart.o
 .comment       0x00000000       0x71 _build/pstorage.o
 .comment       0x00000000       0x71 _build/bsp.o
 .comment       0x00000000       0x71 _build/bsp_btn_ble.o
 .comment       0x00000000       0x71 _build/main.o
 .comment       0x00000000       0x71 _build/ble_advdata.o
 .comment       0x00000000       0x71 _build/ble_advertising.o
 .comment       0x00000000       0x71 _build/ble_conn_params.o
 .comment       0x00000000       0x71 _build/ble_nus.o
 .comment       0x00000000       0x71 _build/system_nrf51.o
 .comment       0x00000000       0x71 _build/softdevice_handler.o

.debug_frame    0x00000000      0x804
 .debug_frame   0x00000000       0x28 c:/program files (x86)/gnu tools arm embedded/4.9 2015q3/bin/../lib/gcc/arm-none-eabi/4.9.3/../../../../arm-none-eabi/lib/armv6-m\libc_nano.a(lib_a-exit.o)
 .debug_frame   0x00000028       0x2c c:/program files (x86)/gnu tools arm embedded/4.9 2015q3/bin/../lib/gcc/arm-none-eabi/4.9.3/../../../../arm-none-eabi/lib/armv6-m\libc_nano.a(lib_a-init.o)
 .debug_frame   0x00000054       0x20 c:/program files (x86)/gnu tools arm embedded/4.9 2015q3/bin/../lib/gcc/arm-none-eabi/4.9.3/../../../../arm-none-eabi/lib/armv6-m\libc_nano.a(lib_a-memset.o)
 .debug_frame   0x00000074       0x20 c:/program files (x86)/gnu tools arm embedded/4.9 2015q3/bin/../lib/gcc/arm-none-eabi/4.9.3/../../../../arm-none-eabi/lib/armv6-m\libnosys.a(_exit.o)
 .debug_frame   0x00000094       0x20 c:/program files (x86)/gnu tools arm embedded/4.9 2015q3/bin/../lib/gcc/arm-none-eabi/4.9.3/armv6-m\libgcc.a(_udivsi3.o)
 .debug_frame   0x000000b4       0x28 c:/program files (x86)/gnu tools arm embedded/4.9 2015q3/bin/../lib/gcc/arm-none-eabi/4.9.3/../../../../arm-none-eabi/lib/armv6-m\libc_nano.a(lib_a-memcpy.o)
 .debug_frame   0x000000dc       0x50 c:/program files (x86)/gnu tools arm embedded/4.9 2015q3/bin/../lib/gcc/arm-none-eabi/4.9.3/../../../../arm-none-eabi/lib/armv6-m\libc_nano.a(lib_a-printf.o)
 .debug_frame   0x0000012c       0x20 c:/program files (x86)/gnu tools arm embedded/4.9 2015q3/bin/../lib/gcc/arm-none-eabi/4.9.3/../../../../arm-none-eabi/lib/armv6-m\libc_nano.a(lib_a-strlen.o)
 .debug_frame   0x0000014c      0x140 c:/program files (x86)/gnu tools arm embedded/4.9 2015q3/bin/../lib/gcc/arm-none-eabi/4.9.3/../../../../arm-none-eabi/lib/armv6-m\libc_nano.a(lib_a-findfp.o)
 .debug_frame   0x0000028c       0x58 c:/program files (x86)/gnu tools arm embedded/4.9 2015q3/bin/../lib/gcc/arm-none-eabi/4.9.3/../../../../arm-none-eabi/lib/armv6-m\libc_nano.a(lib_a-fwalk.o)
 .debug_frame   0x000002e4       0x2c c:/program files (x86)/gnu tools arm embedded/4.9 2015q3/bin/../lib/gcc/arm-none-eabi/4.9.3/../../../../arm-none-eabi/lib/armv6-m\libc_nano.a(lib_a-nano-mallocr.o)
 .debug_frame   0x00000310       0xa0 c:/program files (x86)/gnu tools arm embedded/4.9 2015q3/bin/../lib/gcc/arm-none-eabi/4.9.3/../../../../arm-none-eabi/lib/armv6-m\libc_nano.a(lib_a-nano-vfprintf.o)
 .debug_frame   0x000003b0       0x54 c:/program files (x86)/gnu tools arm embedded/4.9 2015q3/bin/../lib/gcc/arm-none-eabi/4.9.3/../../../../arm-none-eabi/lib/armv6-m\libc_nano.a(lib_a-nano-vfprintf_i.o)
 .debug_frame   0x00000404       0x2c c:/program files (x86)/gnu tools arm embedded/4.9 2015q3/bin/../lib/gcc/arm-none-eabi/4.9.3/../../../../arm-none-eabi/lib/armv6-m\libc_nano.a(lib_a-sbrkr.o)
 .debug_frame   0x00000430       0x90 c:/program files (x86)/gnu tools arm embedded/4.9 2015q3/bin/../lib/gcc/arm-none-eabi/4.9.3/../../../../arm-none-eabi/lib/armv6-m\libc_nano.a(lib_a-stdio.o)
 .debug_frame   0x000004c0       0x44 c:/program files (x86)/gnu tools arm embedded/4.9 2015q3/bin/../lib/gcc/arm-none-eabi/4.9.3/../../../../arm-none-eabi/lib/armv6-m\libc_nano.a(lib_a-wbuf.o)
 .debug_frame   0x00000504       0x2c c:/program files (x86)/gnu tools arm embedded/4.9 2015q3/bin/../lib/gcc/arm-none-eabi/4.9.3/../../../../arm-none-eabi/lib/armv6-m\libc_nano.a(lib_a-writer.o)
 .debug_frame   0x00000530       0x2c c:/program files (x86)/gnu tools arm embedded/4.9 2015q3/bin/../lib/gcc/arm-none-eabi/4.9.3/../../../../arm-none-eabi/lib/armv6-m\libc_nano.a(lib_a-wsetup.o)
 .debug_frame   0x0000055c       0x2c c:/program files (x86)/gnu tools arm embedded/4.9 2015q3/bin/../lib/gcc/arm-none-eabi/4.9.3/../../../../arm-none-eabi/lib/armv6-m\libc_nano.a(lib_a-closer.o)
 .debug_frame   0x00000588       0x68 c:/program files (x86)/gnu tools arm embedded/4.9 2015q3/bin/../lib/gcc/arm-none-eabi/4.9.3/../../../../arm-none-eabi/lib/armv6-m\libc_nano.a(lib_a-fflush.o)
 .debug_frame   0x000005f0       0x2c c:/program files (x86)/gnu tools arm embedded/4.9 2015q3/bin/../lib/gcc/arm-none-eabi/4.9.3/../../../../arm-none-eabi/lib/armv6-m\libc_nano.a(lib_a-lseekr.o)
 .debug_frame   0x0000061c       0x30 c:/program files (x86)/gnu tools arm embedded/4.9 2015q3/bin/../lib/gcc/arm-none-eabi/4.9.3/../../../../arm-none-eabi/lib/armv6-m\libc_nano.a(lib_a-makebuf.o)
 .debug_frame   0x0000064c       0x20 c:/program files (x86)/gnu tools arm embedded/4.9 2015q3/bin/../lib/gcc/arm-none-eabi/4.9.3/../../../../arm-none-eabi/lib/armv6-m\libc_nano.a(lib_a-memchr.o)
 .debug_frame   0x0000066c       0x2c c:/program files (x86)/gnu tools arm embedded/4.9 2015q3/bin/../lib/gcc/arm-none-eabi/4.9.3/../../../../arm-none-eabi/lib/armv6-m\libc_nano.a(lib_a-nano-freer.o)
 .debug_frame   0x00000698       0x2c c:/program files (x86)/gnu tools arm embedded/4.9 2015q3/bin/../lib/gcc/arm-none-eabi/4.9.3/../../../../arm-none-eabi/lib/armv6-m\libc_nano.a(lib_a-readr.o)
 .debug_frame   0x000006c4       0x48 c:/program files (x86)/gnu tools arm embedded/4.9 2015q3/bin/../lib/gcc/arm-none-eabi/4.9.3/../../../../arm-none-eabi/lib/armv6-m\libc_nano.a(lib_a-reent.o)
 .debug_frame   0x0000070c       0x2c c:/program files (x86)/gnu tools arm embedded/4.9 2015q3/bin/../lib/gcc/arm-none-eabi/4.9.3/../../../../arm-none-eabi/lib/armv6-m\libc_nano.a(lib_a-fstatr.o)
 .debug_frame   0x00000738       0x2c c:/program files (x86)/gnu tools arm embedded/4.9 2015q3/bin/../lib/gcc/arm-none-eabi/4.9.3/../../../../arm-none-eabi/lib/armv6-m\libc_nano.a(lib_a-isattyr.o)
 .debug_frame   0x00000764       0x20 c:/program files (x86)/gnu tools arm embedded/4.9 2015q3/bin/../lib/gcc/arm-none-eabi/4.9.3/../../../../arm-none-eabi/lib/armv6-m\libnosys.a(close.o)
 .debug_frame   0x00000784       0x20 c:/program files (x86)/gnu tools arm embedded/4.9 2015q3/bin/../lib/gcc/arm-none-eabi/4.9.3/../../../../arm-none-eabi/lib/armv6-m\libnosys.a(fstat.o)
 .debug_frame   0x000007a4       0x20 c:/program files (x86)/gnu tools arm embedded/4.9 2015q3/bin/../lib/gcc/arm-none-eabi/4.9.3/../../../../arm-none-eabi/lib/armv6-m\libnosys.a(isatty.o)
 .debug_frame   0x000007c4       0x20 c:/program files (x86)/gnu tools arm embedded/4.9 2015q3/bin/../lib/gcc/arm-none-eabi/4.9.3/../../../../arm-none-eabi/lib/armv6-m\libnosys.a(lseek.o)
 .debug_frame   0x000007e4       0x20 c:/program files (x86)/gnu tools arm embedded/4.9 2015q3/bin/../lib/gcc/arm-none-eabi/4.9.3/../../../../arm-none-eabi/lib/armv6-m\libnosys.a(sbrk.o)

.stab           0x00000000       0x6c
 .stab          0x00000000       0x24 c:/program files (x86)/gnu tools arm embedded/4.9 2015q3/bin/../lib/gcc/arm-none-eabi/4.9.3/../../../../arm-none-eabi/lib/armv6-m\libnosys.a(close.o)
 .stab          0x00000024       0x18 c:/program files (x86)/gnu tools arm embedded/4.9 2015q3/bin/../lib/gcc/arm-none-eabi/4.9.3/../../../../arm-none-eabi/lib/armv6-m\libnosys.a(fstat.o)
                                 0x24 (size before relaxing)
 .stab          0x0000003c       0x18 c:/program files (x86)/gnu tools arm embedded/4.9 2015q3/bin/../lib/gcc/arm-none-eabi/4.9.3/../../../../arm-none-eabi/lib/armv6-m\libnosys.a(isatty.o)
                                 0x24 (size before relaxing)
 .stab          0x00000054       0x18 c:/program files (x86)/gnu tools arm embedded/4.9 2015q3/bin/../lib/gcc/arm-none-eabi/4.9.3/../../../../arm-none-eabi/lib/armv6-m\libnosys.a(lseek.o)
                                 0x24 (size before relaxing)

.stabstr        0x00000000       0xe3
 .stabstr       0x00000000       0xe3 c:/program files (x86)/gnu tools arm embedded/4.9 2015q3/bin/../lib/gcc/arm-none-eabi/4.9.3/../../../../arm-none-eabi/lib/armv6-m\libnosys.a(close.o)
