Component: ARM Compiler 5.06 update 1 (build 61) Tool: armlink [4d35a8]

==============================================================================

Section Cross References

    main.o(i.CC1101_Calibrate) refers to main.o(i.CC1101_WriteSingle) for CC1101_WriteSingle
    main.o(i.CC1101_Init) refers to main.o(i.nrf_gpio_pin_clear) for nrf_gpio_pin_clear
    main.o(i.CC1101_Init) refers to nrf_delay.o(i.nrf_delay_ms) for nrf_delay_ms
    main.o(i.CC1101_Init) refers to main.o(i.nrf_gpio_pin_set) for nrf_gpio_pin_set
    main.o(i.CC1101_Init) refers to main.o(i.SpiStrobe) for SpiStrobe
    main.o(i.CC1101_Init) refers to main.o(i.nrf_gpio_pin_read) for nrf_gpio_pin_read
    main.o(i.CC1101_ReadSingle) refers to main.o(i.nrf_gpio_pin_clear) for nrf_gpio_pin_clear
    main.o(i.CC1101_ReadSingle) refers to main.o(i.nrf_gpio_pin_read) for nrf_gpio_pin_read
    main.o(i.CC1101_ReadSingle) refers to main.o(i.spi_send_recv) for spi_send_recv
    main.o(i.CC1101_ReadSingle) refers to main.o(i.nrf_gpio_pin_set) for nrf_gpio_pin_set
    main.o(i.CC1101_ReadSingle) refers to main.o(.bss) for .bss
    main.o(i.CC1101_WriteBurst) refers to main.o(i.nrf_gpio_pin_clear) for nrf_gpio_pin_clear
    main.o(i.CC1101_WriteBurst) refers to main.o(i.nrf_gpio_pin_read) for nrf_gpio_pin_read
    main.o(i.CC1101_WriteBurst) refers to main.o(i.spi_send_recv) for spi_send_recv
    main.o(i.CC1101_WriteBurst) refers to segger_rtt.o(i.SEGGER_RTT_WriteString) for SEGGER_RTT_WriteString
    main.o(i.CC1101_WriteBurst) refers to main.o(i.nrf_gpio_pin_set) for nrf_gpio_pin_set
    main.o(i.CC1101_WriteBurst) refers to main.o(.bss) for .bss
    main.o(i.CC1101_WriteSingle) refers to main.o(i.nrf_gpio_pin_clear) for nrf_gpio_pin_clear
    main.o(i.CC1101_WriteSingle) refers to main.o(i.nrf_gpio_pin_read) for nrf_gpio_pin_read
    main.o(i.CC1101_WriteSingle) refers to main.o(i.spi_send_recv) for spi_send_recv
    main.o(i.CC1101_WriteSingle) refers to main.o(i.nrf_gpio_pin_set) for nrf_gpio_pin_set
    main.o(i.CC1101_WriteSingle) refers to main.o(.bss) for .bss
    main.o(i.RecvDataPacket) refers to main.o(i.SpiStrobe) for SpiStrobe
    main.o(i.RecvDataPacket) refers to main.o(.emb_text) for __asm___6_main_c_48b9ef9b__nrf_delay_us
    main.o(i.RecvDataPacket) refers to main.o(i.SpiReadBurstReg) for SpiReadBurstReg
    main.o(i.SendDataPacket) refers to main.o(i.SpiStrobe) for SpiStrobe
    main.o(i.SendDataPacket) refers to main.o(i.nrf_gpio_pin_set) for nrf_gpio_pin_set
    main.o(i.SendDataPacket) refers to main.o(.emb_text) for __asm___6_main_c_48b9ef9b__nrf_delay_us
    main.o(i.SendDataPacket) refers to main.o(i.CC1101_WriteBurst) for CC1101_WriteBurst
    main.o(i.SendDataPacket) refers to segger_rtt.o(i.SEGGER_RTT_WriteString) for SEGGER_RTT_WriteString
    main.o(i.SendDataPacket) refers to main.o(.data) for .data
    main.o(i.SpiReadBurstReg) refers to main.o(i.nrf_gpio_pin_clear) for nrf_gpio_pin_clear
    main.o(i.SpiReadBurstReg) refers to nrf_drv_spi.o(i.nrf_drv_spi_transfer) for nrf_drv_spi_transfer
    main.o(i.SpiReadBurstReg) refers to main.o(i.nrf_gpio_pin_set) for nrf_gpio_pin_set
    main.o(i.SpiReadBurstReg) refers to main.o(.bss) for .bss
    main.o(i.SpiReadBurstReg) refers to main.o(.constdata) for .constdata
    main.o(i.SpiStrobe) refers to main.o(i.nrf_gpio_pin_clear) for nrf_gpio_pin_clear
    main.o(i.SpiStrobe) refers to main.o(i.nrf_gpio_pin_read) for nrf_gpio_pin_read
    main.o(i.SpiStrobe) refers to main.o(i.spi_send_recv) for spi_send_recv
    main.o(i.SpiStrobe) refers to main.o(i.nrf_gpio_pin_set) for nrf_gpio_pin_set
    main.o(i.SpiStrobe) refers to main.o(.bss) for .bss
    main.o(i.app_error_handler) refers to bsp.o(i.bsp_indication_set) for bsp_indication_set
    main.o(i.assert_nrf_callback) refers to bsp.o(i.bsp_indication_set) for bsp_indication_set
    main.o(i.ble_evt_dispatch) refers to ble_conn_params.o(i.ble_conn_params_on_ble_evt) for ble_conn_params_on_ble_evt
    main.o(i.ble_evt_dispatch) refers to ble_nus.o(i.ble_nus_on_ble_evt) for ble_nus_on_ble_evt
    main.o(i.ble_evt_dispatch) refers to main.o(i.on_ble_evt) for on_ble_evt
    main.o(i.ble_evt_dispatch) refers to ble_advertising.o(i.ble_advertising_on_ble_evt) for ble_advertising_on_ble_evt
    main.o(i.ble_evt_dispatch) refers to bsp_btn_ble.o(i.bsp_btn_ble_on_ble_evt) for bsp_btn_ble_on_ble_evt
    main.o(i.ble_evt_dispatch) refers to main.o(.bss) for .bss
    main.o(i.bsp_event_handler) refers to main.o(i.sleep_mode_enter) for sleep_mode_enter
    main.o(i.bsp_event_handler) refers to bsp.o(i.bsp_indication_set) for bsp_indication_set
    main.o(i.bsp_event_handler) refers to ble_advertising.o(i.ble_advertising_restart_without_whitelist) for ble_advertising_restart_without_whitelist
    main.o(i.bsp_event_handler) refers to main.o(.data) for .data
    main.o(i.conn_params_error_handler) refers to bsp.o(i.bsp_indication_set) for bsp_indication_set
[...]
    i.le_role_encode                         0x0001eebc   Section        0  ble_advdata.o(i.le_role_encode)
    le_role_encode                           0x0001eebd   Thumb Code    84  ble_advdata.o(i.le_role_encode)
    i.list_deletions_handler                 0x0001ef10   Section        0  app_timer.o(i.list_deletions_handler)
    list_deletions_handler                   0x0001ef11   Thumb Code   180  app_timer.o(i.list_deletions_handler)
    i.list_insertions_handler                0x0001efcc   Section        0  app_timer.o(i.list_insertions_handler)
    list_insertions_handler                  0x0001efcd   Thumb Code   202  app_timer.o(i.list_insertions_handler)
    i.main                                   0x0001f0a0   Section        0  main.o(i.main)
    i.manuf_specific_data_encode             0x0001f334   Section        0  ble_advdata.o(i.manuf_specific_data_encode)
    manuf_specific_data_encode               0x0001f335   Thumb Code   104  ble_advdata.o(i.manuf_specific_data_encode)
    i.name_encode                            0x0001f39c   Section        0  ble_advdata.o(i.name_encode)
    name_encode                              0x0001f39d   Thumb Code   158  ble_advdata.o(i.name_encode)
    i.nrf_delay_ms                           0x0001f43c   Section        0  nrf_delay.o(i.nrf_delay_ms)
    i.nrf_drv_common_irq_enable              0x0001f458   Section        0  nrf_drv_common.o(i.nrf_drv_common_irq_enable)
    i.nrf_drv_gpiote_in_init                 0x0001f4b8   Section        0  nrf_drv_gpiote.o(i.nrf_drv_gpiote_in_init)
    i.nrf_drv_gpiote_init                    0x0001f55c   Section        0  nrf_drv_gpiote.o(i.nrf_drv_gpiote_init)
    i.nrf_drv_spi_init                       0x0001f5b0   Section        0  nrf_drv_spi.o(i.nrf_drv_spi_init)
    i.nrf_drv_spi_transfer                   0x0001f6d8   Section        0  nrf_drv_spi.o(i.nrf_drv_spi_transfer)
    i.nrf_drv_uart_init                      0x0001f79c   Section        0  nrf_drv_uart.o(i.nrf_drv_uart_init)
    i.nrf_drv_uart_rx                        0x0001f84c   Section        0  nrf_drv_uart.o(i.nrf_drv_uart_rx)
    i.nrf_drv_uart_rx_enable                 0x0001f900   Section        0  nrf_drv_uart.o(i.nrf_drv_uart_rx_enable)
    i.nrf_drv_uart_tx                        0x0001f918   Section        0  nrf_drv_uart.o(i.nrf_drv_uart_tx)
    i.nrf_gpio_cfg                           0x0001f9a4   Section        0  nrf_drv_gpiote.o(i.nrf_gpio_cfg)
    nrf_gpio_cfg                             0x0001f9a5   Thumb Code    32  nrf_drv_gpiote.o(i.nrf_gpio_cfg)
    i.nrf_gpio_cfg                           0x0001f9c8   Section        0  nrf_drv_uart.o(i.nrf_gpio_cfg)
    nrf_gpio_cfg                             0x0001f9c9   Thumb Code    32  nrf_drv_uart.o(i.nrf_gpio_cfg)
    i.nrf_gpio_cfg                           0x0001f9ec   Section        0  nrf_drv_spi.o(i.nrf_gpio_cfg)
    nrf_gpio_cfg                             0x0001f9ed   Thumb Code    32  nrf_drv_spi.o(i.nrf_gpio_cfg)
    i.nrf_gpio_cfg_input                     0x0001fa10   Section        0  nrf_drv_uart.o(i.nrf_gpio_cfg_input)
    nrf_gpio_cfg_input                       0x0001fa11   Thumb Code    18  nrf_drv_uart.o(i.nrf_gpio_cfg_input)
    i.nrf_gpio_cfg_output                    0x0001fa22   Section        0  nrf_drv_uart.o(i.nrf_gpio_cfg_output)
    nrf_gpio_cfg_output                      0x0001fa23   Thumb Code    20  nrf_drv_uart.o(i.nrf_gpio_cfg_output)
    i.nrf_gpio_cfg_output                    0x0001fa36   Section        0  nrf_drv_spi.o(i.nrf_gpio_cfg_output)
    nrf_gpio_cfg_output                      0x0001fa37   Thumb Code    20  nrf_drv_spi.o(i.nrf_gpio_cfg_output)
    i.nrf_gpio_cfg_sense_set                 0x0001fa4c   Section        0  nrf_drv_gpiote.o(i.nrf_gpio_cfg_sense_set)
    nrf_gpio_cfg_sense_set                   0x0001fa4d   Thumb Code    26  nrf_drv_gpiote.o(i.nrf_gpio_cfg_sense_set)
    i.nrf_gpio_pin_clear                     0x0001fa6c   Section        0  main.o(i.nrf_gpio_pin_clear)
    nrf_gpio_pin_clear                       0x0001fa6d   Thumb Code    10  main.o(i.nrf_gpio_pin_clear)
    i.nrf_gpio_pin_read                      0x0001fa7c   Section        0  main.o(i.nrf_gpio_pin_read)
    nrf_gpio_pin_read                        0x0001fa7d   Thumb Code    12  main.o(i.nrf_gpio_pin_read)
    i.nrf_gpio_pin_set                       0x0001fa8c   Section        0  main.o(i.nrf_gpio_pin_set)
    nrf_gpio_pin_set                         0x0001fa8d   Thumb Code    10  main.o(i.nrf_gpio_pin_set)
    i.nrf_gpiote_event_is_set                0x0001fa9c   Section        0  nrf_drv_gpiote.o(i.nrf_gpiote_event_is_set)
    nrf_gpiote_event_is_set                  0x0001fa9d   Thumb Code    14  nrf_drv_gpiote.o(i.nrf_gpiote_event_is_set)
    i.nrf_uart_event_check                   0x0001fab0   Section        0  nrf_drv_uart.o(i.nrf_uart_event_check)
    nrf_uart_event_check                     0x0001fab1   Thumb Code    10  nrf_drv_uart.o(i.nrf_uart_event_check)
    i.nrf_uart_int_enable_check              0x0001faba   Section        0  nrf_drv_uart.o(i.nrf_uart_int_enable_check)
    nrf_uart_int_enable_check                0x0001fabb   Thumb Code    16  nrf_drv_uart.o(i.nrf_uart_int_enable_check)
    i.nus_data_handler                       0x0001facc   Section        0  main.o(i.nus_data_handler)
    nus_data_handler                         0x0001facd   Thumb Code   102  main.o(i.nus_data_handler)
    i.on_adv_evt                             0x0001fb64   Section        0  main.o(i.on_adv_evt)
    on_adv_evt                               0x0001fb65   Thumb Code    34  main.o(i.on_adv_evt)
    i.on_ble_evt                             0x0001fb88   Section        0  main.o(i.on_ble_evt)
    on_ble_evt                               0x0001fb89   Thumb Code   142  main.o(i.on_ble_evt)
    i.on_conn_params_evt                     0x0001fc48   Section        0  main.o(i.on_conn_params_evt)
    on_conn_params_evt                       0x0001fc49   Thumb Code    30  main.o(i.on_conn_params_evt)
    i.peer_address_exists                    0x0001fc6c   Section        0  ble_advertising.o(i.peer_address_exists)
    peer_address_exists                      0x0001fc6d   Thumb Code    22  ble_advertising.o(i.peer_address_exists)
    i.pin_event_handler                      0x0001fc84   Section        0  main.o(i.pin_event_handler)
    i.pstorage_access_status_get             0x0001fd3c   Section        0  pstorage.o(i.pstorage_access_status_get)
    i.rtc1_stop                              0x0001fd64   Section        0  app_timer.o(i.rtc1_stop)
    rtc1_stop                                0x0001fd65   Thumb Code    50  app_timer.o(i.rtc1_stop)
    i.rx_byte                                0x0001fda8   Section        0  nrf_drv_uart.o(i.rx_byte)
    rx_byte                                  0x0001fda9   Thumb Code    30  nrf_drv_uart.o(i.rx_byte)
    i.rx_char_add                            0x0001fdd4   Section        0  ble_nus.o(i.rx_char_add)
    rx_char_add                              0x0001fdd5   Thumb Code   158  ble_nus.o(i.rx_char_add)
    i.rx_done_event                          0x0001fe74   Section        0  nrf_drv_uart.o(i.rx_done_event)
    rx_done_event                            0x0001fe75   Thumb Code    28  nrf_drv_uart.o(i.rx_done_event)
    i.rx_enable                              0x0001fe94   Section        0  nrf_drv_uart.o(i.rx_enable)
    rx_enable                                0x0001fe95   Thumb Code    22  nrf_drv_uart.o(i.rx_enable)
    i.service_data_encode                    0x0001feb0   Section        0  ble_advdata.o(i.service_data_encode)
    service_data_encode                      0x0001feb1   Thumb Code   142  ble_advdata.o(i.service_data_encode)
    i.sleep_mode_enter                       0x0001ff3e   Section        0  main.o(i.sleep_mode_enter)
    sleep_mode_enter                         0x0001ff3f   Thumb Code    52  main.o(i.sleep_mode_enter)
    i.softdevice_assertion_handler           0x0001ff72   Section        0  softdevice_handler.o(i.softdevice_assertion_handler)
    i.softdevice_ble_evt_handler_set         0x0001ff80   Section        0  softdevice_handler.o(i.softdevice_ble_evt_handler_set)
    i.softdevice_handler_init                0x0001ff94   Section        0  softdevice_handler.o(i.softdevice_handler_init)
    i.spi_master_event_handler               0x0001ffc4   Section        0  main.o(i.spi_master_event_handler)
    spi_master_event_handler                 0x0001ffc5   Thumb Code    32  main.o(i.spi_master_event_handler)
    i.spi_send_recv                          0x0001ffe8   Section        0  main.o(i.spi_send_recv)
    spi_send_recv                            0x0001ffe9   Thumb Code    62  main.o(i.spi_send_recv)
    i.timer_list_handler                     0x00020030   Section        0  app_timer.o(i.timer_list_handler)
    timer_list_handler                       0x00020031   Thumb Code   128  app_timer.o(i.timer_list_handler)
    i.timer_list_handler_sched               0x000200b4   Section        0  app_timer.o(i.timer_list_handler_sched)
    timer_list_handler_sched                 0x000200b5   Thumb Code    10  app_timer.o(i.timer_list_handler_sched)
    i.timer_list_insert                      0x000200c4   Section        0  app_timer.o(i.timer_list_insert)
    timer_list_insert                        0x000200c5   Thumb Code    60  app_timer.o(i.timer_list_insert)
    i.timer_timeouts_check                   0x00020104   Section        0  app_timer.o(i.timer_timeouts_check)
    timer_timeouts_check                     0x00020105   Thumb Code   122  app_timer.o(i.timer_timeouts_check)
    i.transfer_byte                          0x00020188   Section        0  nrf_drv_spi.o(i.transfer_byte)
    transfer_byte                            0x00020189   Thumb Code    80  nrf_drv_spi.o(i.transfer_byte)
    i.tx_byte                                0x000201d8   Section        0  nrf_drv_uart.o(i.tx_byte)
    tx_byte                                  0x000201d9   Thumb Code    30  nrf_drv_uart.o(i.tx_byte)
    i.tx_char_add                            0x00020204   Section        0  ble_nus.o(i.tx_char_add)
    tx_char_add                              0x00020205   Thumb Code   128  ble_nus.o(i.tx_char_add)
    i.tx_done_event                          0x00020284   Section        0  nrf_drv_uart.o(i.tx_done_event)
    tx_done_event                            0x00020285   Thumb Code    26  nrf_drv_uart.o(i.tx_done_event)
    i.uart_event_handle                      0x000202a4   Section        0  main.o(i.uart_event_handle)
    i.uart_event_handler                     0x00020310   Section        0  app_uart_fifo.o(i.uart_event_handler)
    uart_event_handler                       0x00020311   Thumb Code   156  app_uart_fifo.o(i.uart_event_handler)
    i.uint16_encode                          0x000203b4   Section        0  ble_advdata.o(i.uint16_encode)
    uint16_encode                            0x000203b5   Thumb Code    10  ble_advdata.o(i.uint16_encode)
    i.update_timeout_handler                 0x000203c0   Section        0  ble_conn_params.o(i.update_timeout_handler)
    update_timeout_handler                   0x000203c1   Thumb Code    86  ble_conn_params.o(i.update_timeout_handler)
    i.user_id_get                            0x00020424   Section        0  app_timer.o(i.user_id_get)
    user_id_get                              0x00020425   Thumb Code    74  app_timer.o(i.user_id_get)
    i.user_op_alloc                          0x00020478   Section        0  app_timer.o(i.user_op_alloc)
    user_op_alloc                            0x00020479   Thumb Code    38  app_timer.o(i.user_op_alloc)
    i.uuid_list_encode                       0x0002049e   Section        0  ble_advdata.o(i.uuid_list_encode)
    uuid_list_encode                         0x0002049f   Thumb Code    48  ble_advdata.o(i.uuid_list_encode)
    i.uuid_list_sized_encode                 0x000204ce   Section        0  ble_advdata.o(i.uuid_list_sized_encode)
    uuid_list_sized_encode                   0x000204cf   Thumb Code   174  ble_advdata.o(i.uuid_list_sized_encode)
    i.whitelist_has_entries                  0x0002057c   Section        0  ble_advertising.o(i.whitelist_has_entries)
    whitelist_has_entries                    0x0002057d   Thumb Code    16  ble_advertising.o(i.whitelist_has_entries)
    .constdata                               0x0002058c   Section       40  main.o(.constdata)
    m_spi_master                             0x00020590   Data           8  main.o(.constdata)
    .constdata                               0x000205b4   Section       60  bsp.o(.constdata)
    m_leds_timer_id                          0x000205b4   Data           4  bsp.o(.constdata)
    m_alert_timer_id                         0x000205b8   Data           4  bsp.o(.constdata)
    m_button_timer_id                        0x000205bc   Data           4  bsp.o(.constdata)
    m_buttons_list                           0x000205c0   Data          16  bsp.o(.constdata)
    app_buttons                              0x000205d0   Data          32  bsp.o(.constdata)
    .constdata                               0x000205f0   Section        4  ble_conn_params.o(.constdata)
    m_conn_params_timer_id                   0x000205f0   Data           4  ble_conn_params.o(.constdata)
    .constdata                               0x000205f4   Section       16  ble_nus.o(.constdata)
    .constdata                               0x00020604   Section       32  app_uart_fifo.o(.constdata)
    .constdata                               0x00020624   Section       32  nrf_drv_uart.o(.constdata)
    m_default_config                         0x00020624   Data          32  nrf_drv_uart.o(.constdata)
    .constdata                               0x00020644   Section       16  nrf_drv_spi.o(.constdata)
    m_default_config                         0x00020644   Data          16  nrf_drv_spi.o(.constdata)
    .constdata                               0x00020654   Section       16  segger_rtt_printf.o(.constdata)
    _aV2C                                    0x00020654   Data          16  segger_rtt_printf.o(.constdata)
    .constdata                               0x00020664   Section        6  rtt_syscalls_keil.o(.constdata)
    .constdata                               0x0002066a   Section       14  rtt_syscalls_keil.o(.constdata)
    .conststring                             0x00020678   Section        9  segger_rtt.o(.conststring)
    .data                                    0x20002800   Section       12  main.o(.data)
    newData                                  0x20002800   Data           1  main.o(.data)
    sendPacket                               0x20002801   Data           1  main.o(.data)
    pinToggle                                0x20002802   Data           1  main.o(.data)
    m_transfer_completed                     0x20002803   Data           1  main.o(.data)
    index                                    0x20002804   Data           1  main.o(.data)
    m_conn_handle                            0x20002806   Data           2  main.o(.data)
    m_adv_uuids                              0x20002808   Data           4  main.o(.data)
    .data                                    0x2000280c   Section       24  bsp.o(.data)
    m_stable_state                           0x2000280c   Data           1  bsp.o(.data)
    current_long_push_pin_no                 0x2000280d   Data           1  bsp.o(.data)
    m_app_ticks_per_100ms                    0x20002810   Data           4  bsp.o(.data)
    m_indication_type                        0x20002814   Data           4  bsp.o(.data)
    m_alert_mask                             0x20002818   Data           4  bsp.o(.data)
    m_registered_callback                    0x2000281c   Data           4  bsp.o(.data)
    release_event_at_push                    0x20002820   Data           4  bsp.o(.data)
    .data                                    0x20002824   Section        8  bsp_btn_ble.o(.data)
    m_error_handler                          0x20002824   Data           4  bsp_btn_ble.o(.data)
    m_num_connections                        0x20002828   Data           4  bsp_btn_ble.o(.data)
    .data                                    0x2000282c   Section       31  ble_advertising.o(.data)
    m_advertising_start_pending              0x2000282c   Data           1  ble_advertising.o(.data)
    m_whitelist_temporarily_disabled         0x2000282d   Data           1  ble_advertising.o(.data)
    m_whitelist_reply_expected               0x2000282e   Data           1  ble_advertising.o(.data)
    m_peer_addr_reply_expected               0x2000282f   Data           1  ble_advertising.o(.data)
    m_adv_evt                                0x20002830   Data           1  ble_advertising.o(.data)
    m_adv_mode_current                       0x20002831   Data           1  ble_advertising.o(.data)
    m_tx_power_level                         0x20002832   Data           1  ble_advertising.o(.data)
    current_slave_link_conn_handle           0x20002834   Data           2  ble_advertising.o(.data)
    m_evt_handler                            0x20002838   Data           4  ble_advertising.o(.data)
    m_error_handler                          0x2000283c   Data           4  ble_advertising.o(.data)
    m_slave_conn_int                         0x20002840   Data           4  ble_advertising.o(.data)
    m_peer_address                           0x20002844   Data           7  ble_advertising.o(.data)
    .data                                    0x2000284c   Section       20  ble_conn_params.o(.data)
    m_change_param                           0x2000284c   Data           1  ble_conn_params.o(.data)
    m_update_count                           0x2000284d   Data           1  ble_conn_params.o(.data)
    m_conn_handle                            0x2000284e   Data           2  ble_conn_params.o(.data)
    m_preferred_conn_params                  0x20002850   Data           8  ble_conn_params.o(.data)
    m_current_conn_params                    0x20002858   Data           8  ble_conn_params.o(.data)
    .data                                    0x20002860   Section        8  app_uart_fifo.o(.data)
    tx_buffer                                0x20002860   Data           1  app_uart_fifo.o(.data)
    tx_tmp                                   0x20002861   Data           1  app_uart_fifo.o(.data)
    rx_buffer                                0x20002862   Data           1  app_uart_fifo.o(.data)
    m_event_handler                          0x20002864   Data           4  app_uart_fifo.o(.data)
    .data                                    0x20002868   Section       36  pstorage.o(.data)
    m_state                                  0x20002868   Data           1  pstorage.o(.data)
    m_swap_sub_state                         0x20002869   Data           1  pstorage.o(.data)
    m_next_app_instance                      0x2000286a   Data           2  pstorage.o(.data)
    m_flags                                  0x2000286c   Data           4  pstorage.o(.data)
    m_next_page_addr                         0x20002870   Data           4  pstorage.o(.data)
    m_head_word_size                         0x20002874   Data           4  pstorage.o(.data)
    m_tail_word_size                         0x20002878   Data           4  pstorage.o(.data)
    m_current_page_id                        0x2000287c   Data           4  pstorage.o(.data)
    m_num_of_command_retries                 0x20002880   Data           4  pstorage.o(.data)
    m_num_of_bytes_written                   0x20002884   Data           4  pstorage.o(.data)
    m_app_data_size                          0x20002888   Data           4  pstorage.o(.data)
    .data                                    0x2000288c   Section       32  app_timer.o(.data)
    m_user_array_size                        0x2000288c   Data           1  app_timer.o(.data)
    m_ticks_elapsed_q_read_ind               0x2000288d   Data           1  app_timer.o(.data)
    m_ticks_elapsed_q_write_ind              0x2000288e   Data           1  app_timer.o(.data)
    m_rtc1_running                           0x2000288f   Data           1  app_timer.o(.data)
    m_rtc1_reset                             0x20002890   Data           1  app_timer.o(.data)
    mp_users                                 0x20002894   Data           4  app_timer.o(.data)
    mp_timer_id_head                         0x20002898   Data           4  app_timer.o(.data)
    m_ticks_latest                           0x2000289c   Data           4  app_timer.o(.data)
    m_evt_schedule_func                      0x200028a0   Data           4  app_timer.o(.data)
    m_ticks_elapsed                          0x200028a4   Data           8  app_timer.o(.data)
    .data                                    0x200028ac   Section       20  softdevice_handler.o(.data)
    m_softdevice_enabled                     0x200028ac   Data           1  softdevice_handler.o(.data)
    m_ble_evt_buffer_size                    0x200028ae   Data           2  softdevice_handler.o(.data)
    m_evt_schedule_func                      0x200028b0   Data           4  softdevice_handler.o(.data)
    mp_ble_evt_buffer                        0x200028b4   Data           4  softdevice_handler.o(.data)
    m_ble_evt_handler                        0x200028b8   Data           4  softdevice_handler.o(.data)
    m_sys_evt_handler                        0x200028bc   Data           4  softdevice_handler.o(.data)
    .data                                    0x200028c0   Section      124  segger_rtt.o(.data)
    _ActiveTerminal                          0x200028c0   Data           1  segger_rtt.o(.data)
    _SEGGER_RTT                              0x200028c4   Data         120  segger_rtt.o(.data)
    .data                                    0x2000293c   Section        4  system_nrf51.o(.data)
    __tagsym$$used                           0x2000293c   Number         0  system_nrf51.o(.data)
    .data                                    0x20002940   Section        4  stdio_streams.o(.data)
    .data                                    0x20002944   Section        4  stdio_streams.o(.data)
    .data                                    0x20002948   Section        4  stdio_streams.o(.data)
    .bss                                     0x2000294c   Section     1136  main.o(.bss)
    m_tx_data                                0x2000294c   Data          16  main.o(.bss)
    txt_data                                 0x2000295c   Data          16  main.o(.bss)
    m_rx_data                                0x2000296c   Data          16  main.o(.bss)
    BLE_EVT_BUFFER                           0x2000297c   Data          72  main.o(.bss)
    data_array                               0x200029c4   Data          20  main.o(.bss)
    rx_buf                                   0x200029d8   Data         256  main.o(.bss)
    tx_buf                                   0x20002ad8   Data         256  main.o(.bss)
    APP_TIMER_BUF                            0x20002bd8   Data         456  main.o(.bss)
    m_nus                                    0x20002da0   Data          28  main.o(.bss)
    .bss                                     0x20002dbc   Section       32  bsp.o(.bss)
    m_leds_timer_id_data                     0x20002dbc   Data          32  bsp.o(.bss)
    .bss                                     0x20002ddc   Section       32  bsp.o(.bss)
    m_alert_timer_id_data                    0x20002ddc   Data          32  bsp.o(.bss)
    .bss                                     0x20002dfc   Section       12  bsp.o(.bss)
    m_events_list                            0x20002dfc   Data          12  bsp.o(.bss)
    .bss                                     0x20002e08   Section       32  bsp.o(.bss)
    m_button_timer_id_data                   0x20002e08   Data          32  bsp.o(.bss)
    .bss                                     0x20002e28   Section      259  ble_advertising.o(.bss)
    m_advdata                                0x20002e28   Data          56  ble_advertising.o(.bss)
    m_adv_modes_config                       0x20002e60   Data          36  ble_advertising.o(.bss)
    m_whitelist                              0x20002e84   Data          16  ble_advertising.o(.bss)
    mp_whitelist_addr                        0x20002e94   Data          32  ble_advertising.o(.bss)
    mp_whitelist_irk                         0x20002eb4   Data          32  ble_advertising.o(.bss)
    m_manuf_specific_data                    0x20002ed4   Data          12  ble_advertising.o(.bss)
    m_manuf_data_array                       0x20002ee0   Data          31  ble_advertising.o(.bss)
    m_service_data                           0x20002f00   Data          12  ble_advertising.o(.bss)
    m_service_data_array                     0x20002f0c   Data          31  ble_advertising.o(.bss)
    .bss                                     0x20002f2c   Section       32  ble_conn_params.o(.bss)
    m_conn_params_timer_id_data              0x20002f2c   Data          32  ble_conn_params.o(.bss)
    .bss                                     0x20002f4c   Section       28  ble_conn_params.o(.bss)
    m_conn_params_config                     0x20002f4c   Data          28  ble_conn_params.o(.bss)
    .bss                                     0x20002f68   Section       32  app_uart_fifo.o(.bss)
    m_rx_fifo                                0x20002f68   Data          16  app_uart_fifo.o(.bss)
    m_tx_fifo                                0x20002f78   Data          16  app_uart_fifo.o(.bss)
    .bss                                     0x20002f88   Section       72  nrf_drv_gpiote.o(.bss)
    m_cb                                     0x20002f88   Data          72  nrf_drv_gpiote.o(.bss)
    .bss                                     0x20002fd0   Section       24  nrf_drv_uart.o(.bss)
    m_cb                                     0x20002fd0   Data          24  nrf_drv_uart.o(.bss)
    .bss                                     0x20002fe8   Section      216  pstorage.o(.bss)
    m_cmd_queue                              0x20002fe8   Data         204  pstorage.o(.bss)
    m_app_table                              0x200030b4   Data          12  pstorage.o(.bss)
    .bss                                     0x200030c0   Section       24  nrf_drv_spi.o(.bss)
    m_cb                                     0x200030c0   Data          24  nrf_drv_spi.o(.bss)
    .bss                                     0x200030d8   Section     1024  segger_rtt.o(.bss)
    _acUpBuffer                              0x200030d8   Data        1024  segger_rtt.o(.bss)
    .bss                                     0x200034d8   Section       16  segger_rtt.o(.bss)
    _acDownBuffer                            0x200034d8   Data          16  segger_rtt.o(.bss)
    .bss                                     0x200034e8   Section       84  stdio_streams.o(.bss)
    .bss                                     0x2000353c   Section       84  stdio_streams.o(.bss)
    .bss                                     0x20003590   Section       84  stdio_streams.o(.bss)
    .bss                                     0x200035e4   Section       96  libspace.o(.bss)
    HEAP                                     0x20003648   Section     2048  arm_startup_nrf51.o(HEAP)
    Heap_Mem                                 0x20003648   Data        2048  arm_startup_nrf51.o(HEAP)
    STACK                                    0x20003e48   Section     2048  arm_startup_nrf51.o(STACK)
    Stack_Mem                                0x20003e48   Data        2048  arm_startup_nrf51.o(STACK)
    __initial_sp                             0x20004648   Data           0  arm_startup_nrf51.o(STACK)

    Global Symbols

    Symbol Name                              Value     Ov Type        Size  Object(Section)

    BuildAttributes$$THM_ISAv3M$S$PE$A:L22$X:L11$S22$IEEE1$IW$USESV6$~STKCKD$USESV7$~SHL$OTIME$ROPI$EBA8$UX$STANDARDLIB$REQ8$PRES8$EABIv2 0x00000000   Number         0  anon$$obj.o ABSOLUTE
    __ARM_use_no_argv                        0x00000000   Number         0  main.o ABSOLUTE
    __ARM_exceptions_init                     - Undefined Weak Reference
    __alloca_initialize                       - Undefined Weak Reference
    __arm_preinit_                            - Undefined Weak Reference
    __cpp_initialize__aeabi_                  - Undefined Weak Reference
    __cxa_finalize                            - Undefined Weak Reference
    __rt_locale                               - Undefined Weak Reference
    __sigvec_lookup                           - Undefined Weak Reference
    __user_heap_extent                        - Undefined Weak Reference
    _atexit_init                              - Undefined Weak Reference
    _call_atexit_fns                          - Undefined Weak Reference
    _clock_init                               - Undefined Weak Reference
    _fp_trap_init                             - Undefined Weak Reference
    _fp_trap_shutdown                         - Undefined Weak Reference
    _get_lc_collate                           - Undefined Weak Reference
    _get_lc_ctype                             - Undefined Weak Reference
    _get_lc_monetary                          - Undefined Weak Reference
    _get_lc_numeric                           - Undefined Weak Reference
    _get_lc_time                              - Undefined Weak Reference
    _getenv_init                              - Undefined Weak Reference
    _handle_redirection                       - Undefined Weak Reference
    _mutex_acquire                            - Undefined Weak Reference
    _mutex_free                               - Undefined Weak Reference
    _mutex_release                            - Undefined Weak Reference
    _printf_mbtowc                            - Undefined Weak Reference
    _printf_post_padding                      - Undefined Weak Reference
    _printf_pre_padding                       - Undefined Weak Reference
    _rand_init                                - Undefined Weak Reference
    _signal_finish                            - Undefined Weak Reference
    _signal_init                              - Undefined Weak Reference
    __Vectors_Size                           0x000000c0   Number         0  arm_startup_nrf51.o ABSOLUTE
    __Vectors                                0x0001c000   Data           4  arm_startup_nrf51.o(RESET)
    __Vectors_End                            0x0001c0c0   Data           0  arm_startup_nrf51.o(RESET)
    __main                                   0x0001c0c1   Thumb Code     8  __main.o(!!!main)
    __scatterload                            0x0001c0c9   Thumb Code     0  __scatter.o(!!!scatter)
    __scatterload_rt2                        0x0001c0c9   Thumb Code    52  __scatter.o(!!!scatter)
    __scatterload_rt2_thumb_only             0x0001c0c9   Thumb Code     0  __scatter.o(!!!scatter)
    __scatterload_null                       0x0001c0d9   Thumb Code     0  __scatter.o(!!!scatter)
    __scatterload_zeroinit                   0x0001c105   Thumb Code    28  __scatter_zi.o(!!handler_zi)
    _printf_percent                          0x0001c121   Thumb Code     0  _printf_percent.o(.ARM.Collect$$_printf_percent$$00000000)
    _printf_s                                0x0001c123   Thumb Code     0  _printf_s.o(.ARM.Collect$$_printf_percent$$00000014)
    _printf_percent_end                      0x0001c12d   Thumb Code     0  _printf_percent_end.o(.ARM.Collect$$_printf_percent$$00000017)
    __rt_lib_init                            0x0001c131   Thumb Code     0  libinit.o(.ARM.Collect$$libinit$$00000000)
    __rt_lib_init_fp_1                       0x0001c133   Thumb Code     0  libinit2.o(.ARM.Collect$$libinit$$00000002)
    __rt_lib_init_heap_2                     0x0001c133   Thumb Code     0  libinit2.o(.ARM.Collect$$libinit$$00000005)
    __rt_lib_init_preinit_1                  0x0001c133   Thumb Code     0  libinit2.o(.ARM.Collect$$libinit$$00000004)
    __rt_lib_init_atexit_1                   0x0001c13b   Thumb Code     0  libinit2.o(.ARM.Collect$$libinit$$0000001B)
    __rt_lib_init_clock_1                    0x0001c13b   Thumb Code     0  libinit2.o(.ARM.Collect$$libinit$$00000021)
    __rt_lib_init_fp_trap_1                  0x0001c13b   Thumb Code     0  libinit2.o(.ARM.Collect$$libinit$$0000001F)
    __rt_lib_init_getenv_1                   0x0001c13b   Thumb Code     0  libinit2.o(.ARM.Collect$$libinit$$00000023)
    __rt_lib_init_heap_1                     0x0001c13b   Thumb Code     0  libinit2.o(.ARM.Collect$$libinit$$0000000A)
    __rt_lib_init_lc_collate_1               0x0001c13b   Thumb Code     0  libinit2.o(.ARM.Collect$$libinit$$00000011)
    __rt_lib_init_lc_ctype_1                 0x0001c13b   Thumb Code     0  libinit2.o(.ARM.Collect$$libinit$$00000013)
    __rt_lib_init_lc_monetary_1              0x0001c13b   Thumb Code     0  libinit2.o(.ARM.Collect$$libinit$$00000015)
    __rt_lib_init_lc_numeric_1               0x0001c13b   Thumb Code     0  libinit2.o(.ARM.Collect$$libinit$$00000017)
    __rt_lib_init_lc_time_1                  0x0001c13b   Thumb Code     0  libinit2.o(.ARM.Collect$$libinit$$00000019)
    __rt_lib_init_rand_1                     0x0001c13b   Thumb Code     0  libinit2.o(.ARM.Collect$$libinit$$0000000E)
    __rt_lib_init_signal_1                   0x0001c13b   Thumb Code     0  libinit2.o(.ARM.Collect$$libinit$$0000001D)
    __rt_lib_init_stdio_2                    0x0001c13b   Thumb Code     0  libinit2.o(.ARM.Collect$$libinit$$00000024)
    __rt_lib_init_user_alloc_1               0x0001c13b   Thumb Code     0  libinit2.o(.ARM.Collect$$libinit$$0000000C)
    __rt_lib_init_alloca_1                   0x0001c13f   Thumb Code     0  libinit2.o(.ARM.Collect$$libinit$$0000002E)
    __rt_lib_init_argv_1                     0x0001c13f   Thumb Code     0  libinit2.o(.ARM.Collect$$libinit$$0000002C)
    __rt_lib_init_cpp_1                      0x0001c13f   Thumb Code     0  libinit2.o(.ARM.Collect$$libinit$$00000032)
    __rt_lib_init_exceptions_1               0x0001c13f   Thumb Code     0  libinit2.o(.ARM.Collect$$libinit$$00000030)
    __rt_lib_init_return                     0x0001c13f   Thumb Code     0  libinit2.o(.ARM.Collect$$libinit$$00000033)
    __rt_lib_init_stdio_1                    0x0001c13f   Thumb Code     0  libinit2.o(.ARM.Collect$$libinit$$00000025)
    __rt_lib_shutdown                        0x0001c141   Thumb Code     0  libshutdown.o(.ARM.Collect$$libshutdown$$00000000)
    __rt_lib_shutdown_cpp_1                  0x0001c143   Thumb Code     0  libshutdown2.o(.ARM.Collect$$libshutdown$$00000002)
    __rt_lib_shutdown_stdio_2                0x0001c143   Thumb Code     0  libshutdown2.o(.ARM.Collect$$libshutdown$$00000003)
    __rt_lib_shutdown_fp_trap_1              0x0001c147   Thumb Code     0  libshutdown2.o(.ARM.Collect$$libshutdown$$00000007)
    __rt_lib_shutdown_heap_1                 0x0001c147   Thumb Code     0  libshutdown2.o(.ARM.Collect$$libshutdown$$0000000F)
    __rt_lib_shutdown_return                 0x0001c147   Thumb Code     0  libshutdown2.o(.ARM.Collect$$libshutdown$$00000010)
    __rt_lib_shutdown_signal_1               0x0001c147   Thumb Code     0  libshutdown2.o(.ARM.Collect$$libshutdown$$0000000A)
    __rt_lib_shutdown_stdio_1                0x0001c147   Thumb Code     0  libshutdown2.o(.ARM.Collect$$libshutdown$$00000004)
    __rt_lib_shutdown_user_alloc_1           0x0001c147   Thumb Code     0  libshutdown2.o(.ARM.Collect$$libshutdown$$0000000C)
    __rt_entry                               0x0001c149   Thumb Code     0  __rtentry.o(.ARM.Collect$$rtentry$$00000000)
    __rt_entry_presh_1                       0x0001c149   Thumb Code     0  __rtentry2.o(.ARM.Collect$$rtentry$$00000002)
    __rt_entry_sh                            0x0001c149   Thumb Code     0  __rtentry4.o(.ARM.Collect$$rtentry$$00000004)
    __rt_entry_li                            0x0001c14f   Thumb Code     0  __rtentry2.o(.ARM.Collect$$rtentry$$0000000A)
    __rt_entry_postsh_1                      0x0001c14f   Thumb Code     0  __rtentry2.o(.ARM.Collect$$rtentry$$00000009)
    __rt_entry_main                          0x0001c153   Thumb Code     0  __rtentry2.o(.ARM.Collect$$rtentry$$0000000D)
    __rt_entry_postli_1                      0x0001c153   Thumb Code     0  __rtentry2.o(.ARM.Collect$$rtentry$$0000000C)
    __rt_exit                                0x0001c15b   Thumb Code     0  rtexit.o(.ARM.Collect$$rtexit$$00000000)
    __rt_exit_ls                             0x0001c15d   Thumb Code     0  rtexit2.o(.ARM.Collect$$rtexit$$00000003)
    __rt_exit_prels_1                        0x0001c15d   Thumb Code     0  rtexit2.o(.ARM.Collect$$rtexit$$00000002)
    __rt_exit_exit                           0x0001c161   Thumb Code     0  rtexit2.o(.ARM.Collect$$rtexit$$00000004)
    __asm___6_main_c_48b9ef9b__nrf_delay_us  0x0001c169   Thumb Code    30  main.o(.emb_text)
    __asm___11_nrf_delay_c_532987f3__nrf_delay_us 0x0001c189   Thumb Code    30  nrf_delay.o(.emb_text)
    __asm___11_app_timer_c_cd27f9c3__nrf_delay_us 0x0001c1a9   Thumb Code    30  app_timer.o(.emb_text)
    __aeabi_memcpy4                          0x0001c1c9   Thumb Code    56  rt_memcpy.o(.emb_text)
    __aeabi_memcpy8                          0x0001c1c9   Thumb Code     0  rt_memcpy.o(.emb_text)
    Reset_Handler                            0x0001c201   Thumb Code    26  arm_startup_nrf51.o(.text)
    _maybe_terminate_alloc                   0x0001c201   Thumb Code     0  maybetermalloc1.o(.emb_text)
    NMI_Handler                              0x0001c21b   Thumb Code     2  arm_startup_nrf51.o(.text)
    HardFault_Handler                        0x0001c21d   Thumb Code     2  arm_startup_nrf51.o(.text)
    SVC_Handler                              0x0001c21f   Thumb Code     2  arm_startup_nrf51.o(.text)
    PendSV_Handler                           0x0001c221   Thumb Code     2  arm_startup_nrf51.o(.text)
    SysTick_Handler                          0x0001c223   Thumb Code     2  arm_startup_nrf51.o(.text)
    ADC_IRQHandler                           0x0001c225   Thumb Code     0  arm_startup_nrf51.o(.text)
    CCM_AAR_IRQHandler                       0x0001c225   Thumb Code     0  arm_startup_nrf51.o(.text)
    ECB_IRQHandler                           0x0001c225   Thumb Code     0  arm_startup_nrf51.o(.text)
    LPCOMP_IRQHandler                        0x0001c225   Thumb Code     0  arm_startup_nrf51.o(.text)
    POWER_CLOCK_IRQHandler                   0x0001c225   Thumb Code     0  arm_startup_nrf51.o(.text)
    QDEC_IRQHandler                          0x0001c225   Thumb Code     0  arm_startup_nrf51.o(.text)
    RADIO_IRQHandler                         0x0001c225   Thumb Code     0  arm_startup_nrf51.o(.text)
    RNG_IRQHandler                           0x0001c225   Thumb Code     0  arm_startup_nrf51.o(.text)
    RTC0_IRQHandler                          0x0001c225   Thumb Code     0  arm_startup_nrf51.o(.text)
    SPI1_TWI1_IRQHandler                     0x0001c225   Thumb Code     0  arm_startup_nrf51.o(.text)
    SWI1_IRQHandler                          0x0001c225   Thumb Code     0  arm_startup_nrf51.o(.text)
    SWI3_IRQHandler                          0x0001c225   Thumb Code     0  arm_startup_nrf51.o(.text)
    SWI4_IRQHandler                          0x0001c225   Thumb Code     0  arm_startup_nrf51.o(.text)
    SWI5_IRQHandler                          0x0001c225   Thumb Code     0  arm_startup_nrf51.o(.text)
    TEMP_IRQHandler                          0x0001c225   Thumb Code     0  arm_startup_nrf51.o(.text)
    TIMER0_IRQHandler                        0x0001c225   Thumb Code     0  arm_startup_nrf51.o(.text)
    TIMER1_IRQHandler                        0x0001c225   Thumb Code     0  arm_startup_nrf51.o(.text)
    TIMER2_IRQHandler                        0x0001c225   Thumb Code     0  arm_startup_nrf51.o(.text)
    WDT_IRQHandler                           0x0001c225   Thumb Code     0  arm_startup_nrf51.o(.text)
    __user_initial_stackheap                 0x0001c229   Thumb Code     0  arm_startup_nrf51.o(.text)
    __use_no_semihosting                     0x0001c255   Thumb Code     2  use_no_semi_2.o(.text)
    __2printf                                0x0001c259   Thumb Code    22  noretval__2printf.o(.text)
    __printf                                 0x0001c275   Thumb Code   108  __printf.o(.text)
    _printf_str                              0x0001c2e1   Thumb Code    82  _printf_str.o(.text)
    _do_fflush                               0x0001c335   Thumb Code    54  fflush.o(.text)
    fflush                                   0x0001c36b   Thumb Code    46  fflush.o(.text)
    strlen                                   0x0001c39d   Thumb Code    62  strlen.o(.text)
    __aeabi_memcpy                           0x0001c3e1   Thumb Code   130  rt_memcpy.o(.text)
    __rt_memcpy                              0x0001c3e1   Thumb Code     0  rt_memcpy.o(.text)
    _memset_w                                0x0001c463   Thumb Code    26  rt_memclr.o(.text)
    _memset                                  0x0001c47d   Thumb Code    30  rt_memclr.o(.text)
    __aeabi_memclr                           0x0001c49b   Thumb Code     4  rt_memclr.o(.text)
    __rt_memclr                              0x0001c49b   Thumb Code     0  rt_memclr.o(.text)
    __aeabi_memclr4                          0x0001c49f   Thumb Code     0  rt_memclr.o(.text)
    __aeabi_memclr8                          0x0001c49f   Thumb Code     0  rt_memclr.o(.text)
    __rt_memclr_w                            0x0001c49f   Thumb Code     4  rt_memclr.o(.text)
    strcmp                                   0x0001c4a5   Thumb Code   132  strcmp.o(.text)
    __aeabi_uidiv                            0x0001c52d   Thumb Code     0  aeabi_sdiv.o(.text)
    __aeabi_uidivmod                         0x0001c52d   Thumb Code    20  aeabi_sdiv.o(.text)
    __aeabi_idiv                             0x0001c541   Thumb Code     0  aeabi_sdiv.o(.text)
    __aeabi_idivmod                          0x0001c541   Thumb Code   326  aeabi_sdiv.o(.text)
    __use_two_region_memory                  0x0001c687   Thumb Code     2  heapauxi.o(.text)
    __rt_heap_escrow                         0x0001c689   Thumb Code     2  heapauxi.o(.text)
    __rt_heap_expand                         0x0001c68b   Thumb Code     2  heapauxi.o(.text)
    __semihosting$guard                      0x0001c68d   Thumb Code     0  use_no_semi.o(.text)
    __use_no_semihosting_swi                 0x0001c68d   Thumb Code     2  use_no_semi.o(.text)
    _printf_cs_common                        0x0001c68f   Thumb Code    22  _printf_char.o(.text)
    _printf_char                             0x0001c6a5   Thumb Code    16  _printf_char.o(.text)
    _printf_string                           0x0001c6b5   Thumb Code     8  _printf_char.o(.text)
    _printf_char_file                        0x0001c6bd   Thumb Code    34  _printf_char_file.o(.text)
    __flsbuf                                 0x0001c6e5   Thumb Code   486  flsbuf.o(.text)
    __flsbuf_byte                            0x0001c6e5   Thumb Code     0  flsbuf.o(.text)
    __flsbuf_wide                            0x0001c6e5   Thumb Code     0  flsbuf.o(.text)
    _fseek                                   0x0001c8d5   Thumb Code   240  fseek.o(.text)
    fseek                                    0x0001c8d5   Thumb Code     0  fseek.o(.text)
    _seterr                                  0x0001c9c9   Thumb Code    20  stdio.o(.text)
    _writebuf                                0x0001c9dd   Thumb Code    76  stdio.o(.text)
    _fflush                                  0x0001ca29   Thumb Code    76  stdio.o(.text)
    _deferredlazyseek                        0x0001ca75   Thumb Code    60  stdio.o(.text)
    _initio                                  0x0001cab9   Thumb Code   216  initio.o(.text)
    _terminateio                             0x0001cb91   Thumb Code    56  initio.o(.text)
    malloc                                   0x0001cbf5   Thumb Code    98  h1_alloc.o(.text)
    free                                     0x0001cc57   Thumb Code    76  h1_free.o(.text)
    _printf_char_common                      0x0001ccaf   Thumb Code    32  _printf_char_common.o(.text)
    ferror                                   0x0001ccd5   Thumb Code     8  ferror.o(.text)
    _ftell_internal                          0x0001ccdd   Thumb Code    66  ftell.o(.text)
    ftell                                    0x0001ccdd   Thumb Code     0  ftell.o(.text)
    setvbuf                                  0x0001cd21   Thumb Code    72  setvbuf.o(.text)
    freopen                                  0x0001cd6d   Thumb Code   148  fopen.o(.text)
    fopen                                    0x0001ce01   Thumb Code    76  fopen.o(.text)
    _fclose_internal                         0x0001ce55   Thumb Code    72  fclose.o(.text)
    fclose                                   0x0001ce55   Thumb Code     0  fclose.o(.text)
    __rt_SIGRTRED                            0x0001cea1   Thumb Code    12  defsig_rtred_outer.o(.text)
    __user_setup_stackheap                   0x0001cead   Thumb Code    62  sys_stackheap_outer.o(.text)
    __rt_heap_descriptor                     0x0001ceed   Thumb Code     8  rt_heap_descriptor_intlibspace.o(.text)
    __aeabi_errno_addr                       0x0001cef5   Thumb Code     8  rt_errno_addr_intlibspace.o(.text)
    __errno$intlibspace                      0x0001cef5   Thumb Code     0  rt_errno_addr_intlibspace.o(.text)
    __rt_errno_addr$intlibspace              0x0001cef5   Thumb Code     0  rt_errno_addr_intlibspace.o(.text)
    __use_no_heap                            0x0001cefd   Thumb Code     2  hguard.o(.text)
    __heap$guard                             0x0001ceff   Thumb Code     2  hguard.o(.text)
    _terminate_user_alloc                    0x0001cf01   Thumb Code     2  init_alloc.o(.text)
    _init_user_alloc                         0x0001cf03   Thumb Code     2  init_alloc.o(.text)
    __Heap_Full                              0x0001cf05   Thumb Code    32  init_alloc.o(.text)
    __Heap_Broken                            0x0001cf25   Thumb Code    10  init_alloc.o(.text)
    _init_alloc                              0x0001cf2f   Thumb Code    90  init_alloc.o(.text)
    __Heap_Initialize                        0x0001cf89   Thumb Code    10  h1_init.o(.text)
    __Heap_DescSize                          0x0001cf93   Thumb Code     4  h1_init.o(.text)
    exit                                     0x0001cf97   Thumb Code    16  exit.o(.text)
    __sig_exit                               0x0001cfa7   Thumb Code    12  defsig_exit.o(.text)
    __rt_SIGRTRED_inner                      0x0001cfb5   Thumb Code    14  defsig_rtred_inner.o(.text)
    __user_libspace                          0x0001cfe9   Thumb Code     8  libspace.o(.text)
    __user_perproc_libspace                  0x0001cfe9   Thumb Code     0  libspace.o(.text)
    __user_perthread_libspace                0x0001cfe9   Thumb Code     0  libspace.o(.text)
    __Heap_ProvideMemory                     0x0001cff1   Thumb Code    52  h1_extend.o(.text)
    __default_signal_display                 0x0001d025   Thumb Code    52  defsig_general.o(.text)
    __rt_SIGRTMEM                            0x0001d059   Thumb Code    12  defsig_rtmem_outer.o(.text)
    __rt_SIGRTMEM_inner                      0x0001d065   Thumb Code    22  defsig_rtmem_inner.o(.text)
    __decompress                             0x0001d0b5   Thumb Code     0  __dczerorl.o(.text)
    __decompress0                            0x0001d0b5   Thumb Code    58  __dczerorl.o(.text)
    CC1101_Calibrate                         0x0001d0ef   Thumb Code   308  main.o(i.CC1101_Calibrate)
    CC1101_Init                              0x0001d223   Thumb Code    56  main.o(i.CC1101_Init)
    CC1101_WriteBurst                        0x0001d25d   Thumb Code    96  main.o(i.CC1101_WriteBurst)
    CC1101_WriteSingle                       0x0001d2d1   Thumb Code    54  main.o(i.CC1101_WriteSingle)
    GPIOTE_IRQHandler                        0x0001d30d   Thumb Code   234  nrf_drv_gpiote.o(i.GPIOTE_IRQHandler)
    RTC1_IRQHandler                          0x0001d459   Thumb Code    28  app_timer.o(i.RTC1_IRQHandler)
    SEGGER_RTT_Write                         0x0001d479   Thumb Code   140  segger_rtt.o(i.SEGGER_RTT_Write)
    SEGGER_RTT_WriteString                   0x0001d509   Thumb Code    30  segger_rtt.o(i.SEGGER_RTT_WriteString)
    SEGGER_RTT_printf                        0x0001d527   Thumb Code    24  segger_rtt_printf.o(i.SEGGER_RTT_printf)
    SEGGER_RTT_vprintf                       0x0001d53f   Thumb Code   398  segger_rtt_printf.o(i.SEGGER_RTT_vprintf)
    SPI0_TWI0_IRQHandler                     0x0001d6cd   Thumb Code    32  nrf_drv_spi.o(i.SPI0_TWI0_IRQHandler)
    SWI0_IRQHandler                          0x0001d6f5   Thumb Code     8  app_timer.o(i.SWI0_IRQHandler)
    SWI2_IRQHandler                          0x0001d6fd   Thumb Code    32  softdevice_handler.o(i.SWI2_IRQHandler)
    SendDataPacket                           0x0001d721   Thumb Code    94  main.o(i.SendDataPacket)
    SpiStrobe                                0x0001d7b1   Thumb Code    58  main.o(i.SpiStrobe)
    SystemInit                               0x0001d7f1   Thumb Code    64  system_nrf51.o(i.SystemInit)
    UART0_IRQHandler                         0x0001d845   Thumb Code   244  nrf_drv_uart.o(i.UART0_IRQHandler)
    __ARM_common_switch8                     0x0001db2f   Thumb Code    26  bsp.o(i.__ARM_common_switch8)
    _sys_close                               0x0001db49   Thumb Code     4  rtt_syscalls_keil.o(i._sys_close)
    _sys_exit                                0x0001db4d   Thumb Code     2  rtt_syscalls_keil.o(i._sys_exit)
    _sys_flen                                0x0001db4f   Thumb Code     4  rtt_syscalls_keil.o(i._sys_flen)
    _sys_istty                               0x0001db53   Thumb Code    16  rtt_syscalls_keil.o(i._sys_istty)
    _sys_open                                0x0001db65   Thumb Code    42  rtt_syscalls_keil.o(i._sys_open)
    _sys_seek                                0x0001db99   Thumb Code     4  rtt_syscalls_keil.o(i._sys_seek)
    _sys_write                               0x0001db9d   Thumb Code    24  rtt_syscalls_keil.o(i._sys_write)
    _ttywrch                                 0x0001dbb9   Thumb Code    16  rtt_syscalls_keil.o(i._ttywrch)
    adv_data_encode                          0x0001dbcd   Thumb Code   534  ble_advdata.o(i.adv_data_encode)
    app_error_handler                        0x0001de1f   Thumb Code     8  main.o(i.app_error_handler)
    app_fifo_get                             0x0001de27   Thumb Code    22  app_fifo.o(i.app_fifo_get)
    app_fifo_init                            0x0001de3d   Thumb Code    36  app_fifo.o(i.app_fifo_init)
    app_fifo_put                             0x0001de61   Thumb Code    26  app_fifo.o(i.app_fifo_put)
    app_timer_create                         0x0001de7d   Thumb Code    40  app_timer.o(i.app_timer_create)
    app_timer_init                           0x0001dea9   Thumb Code   126  app_timer.o(i.app_timer_init)
    app_timer_start                          0x0001df39   Thumb Code   114  app_timer.o(i.app_timer_start)
    app_timer_stop                           0x0001dfb5   Thumb Code    78  app_timer.o(i.app_timer_stop)
    app_uart_get                             0x0001e009   Thumb Code    44  app_uart_fifo.o(i.app_uart_get)
    app_uart_init                            0x0001e03d   Thumb Code   144  app_uart_fifo.o(i.app_uart_init)
    app_uart_put                             0x0001e0dd   Thumb Code    30  app_uart_fifo.o(i.app_uart_put)
    ble_advdata_set                          0x0001e105   Thumb Code   104  ble_advdata.o(i.ble_advdata_set)
    ble_advertising_init                     0x0001e16d   Thumb Code   284  ble_advertising.o(i.ble_advertising_init)
    ble_advertising_on_ble_evt               0x0001e291   Thumb Code   118  ble_advertising.o(i.ble_advertising_on_ble_evt)
    ble_advertising_start                    0x0001e31d   Thumb Code   470  ble_advertising.o(i.ble_advertising_start)
    ble_conn_params_init                     0x0001e4fd   Thumb Code    68  ble_conn_params.o(i.ble_conn_params_init)
    ble_conn_params_on_ble_evt               0x0001e551   Thumb Code   132  ble_conn_params.o(i.ble_conn_params_on_ble_evt)
    ble_nus_init                             0x0001e669   Thumb Code    98  ble_nus.o(i.ble_nus_init)
    ble_nus_on_ble_evt                       0x0001e6d1   Thumb Code    88  ble_nus.o(i.ble_nus_on_ble_evt)
    ble_nus_string_send                      0x0001e729   Thumb Code    78  ble_nus.o(i.ble_nus_string_send)
    bsp_btn_ble_on_ble_evt                   0x0001e77d   Thumb Code   114  bsp_btn_ble.o(i.bsp_btn_ble_on_ble_evt)
    bsp_btn_ble_sleep_mode_prepare           0x0001e7f5   Thumb Code    20  bsp_btn_ble.o(i.bsp_btn_ble_sleep_mode_prepare)
    bsp_event_to_button_action_assign        0x0001e8a9   Thumb Code    66  bsp.o(i.bsp_event_to_button_action_assign)
    bsp_indication_set                       0x0001e8f1   Thumb Code    22  bsp.o(i.bsp_indication_set)
    bsp_wakeup_buttons_set                   0x0001eb05   Thumb Code    50  bsp.o(i.bsp_wakeup_buttons_set)
    fputc                                    0x0001edbb   Thumb Code    30  fputc.o(i.fputc)
    intern_softdevice_events_execute         0x0001edd9   Thumb Code   124  softdevice_handler.o(i.intern_softdevice_events_execute)
    main                                     0x0001f0a1   Thumb Code   570  main.o(i.main)
    nrf_delay_ms                             0x0001f43d   Thumb Code    24  nrf_delay.o(i.nrf_delay_ms)
    nrf_drv_common_irq_enable                0x0001f459   Thumb Code    78  nrf_drv_common.o(i.nrf_drv_common_irq_enable)
    nrf_drv_gpiote_in_init                   0x0001f4b9   Thumb Code   146  nrf_drv_gpiote.o(i.nrf_drv_gpiote_in_init)
    nrf_drv_gpiote_init                      0x0001f55d   Thumb Code    76  nrf_drv_gpiote.o(i.nrf_drv_gpiote_init)
    nrf_drv_spi_init                         0x0001f5b1   Thumb Code   280  nrf_drv_spi.o(i.nrf_drv_spi_init)
    nrf_drv_spi_transfer                     0x0001f6d9   Thumb Code   188  nrf_drv_spi.o(i.nrf_drv_spi_transfer)
    nrf_drv_uart_init                        0x0001f79d   Thumb Code   152  nrf_drv_uart.o(i.nrf_drv_uart_init)
    nrf_drv_uart_rx                          0x0001f84d   Thumb Code   166  nrf_drv_uart.o(i.nrf_drv_uart_rx)
    nrf_drv_uart_rx_enable                   0x0001f901   Thumb Code    20  nrf_drv_uart.o(i.nrf_drv_uart_rx_enable)
    nrf_drv_uart_tx                          0x0001f919   Thumb Code   130  nrf_drv_uart.o(i.nrf_drv_uart_tx)
    pin_event_handler                        0x0001fc85   Thumb Code    82  main.o(i.pin_event_handler)
    pstorage_access_status_get               0x0001fd3d   Thumb Code    30  pstorage.o(i.pstorage_access_status_get)
    softdevice_assertion_handler             0x0001ff73   Thumb Code    12  softdevice_handler.o(i.softdevice_assertion_handler)
    softdevice_ble_evt_handler_set           0x0001ff81   Thumb Code    16  softdevice_handler.o(i.softdevice_ble_evt_handler_set)
    softdevice_handler_init                  0x0001ff95   Thumb Code    40  softdevice_handler.o(i.softdevice_handler_init)
    uart_event_handle                        0x000202a5   Thumb Code    96  main.o(i.uart_event_handle)
    __stdin_name                             0x00020664   Data           6  rtt_syscalls_keil.o(.constdata)
    __stdout_name                            0x0002066a   Data           7  rtt_syscalls_keil.o(.constdata)
    __stderr_name                            0x00020671   Data           7  rtt_syscalls_keil.o(.constdata)
    Region$$Table$$Base                      0x00020684   Number         0  anon$$obj.o(Region$$Table)
    Region$$Table$$Limit                     0x000206a4   Number         0  anon$$obj.o(Region$$Table)
    SystemCoreClock                          0x2000293c   Data           4  system_nrf51.o(.data)
    __aeabi_stdin                            0x20002940   Data           4  stdio_streams.o(.data)
    __aeabi_stdout                           0x20002944   Data           4  stdio_streams.o(.data)
    __aeabi_stderr                           0x20002948   Data           4  stdio_streams.o(.data)
    __stdin                                  0x200034e8   Data          84  stdio_streams.o(.bss)
    __stdout                                 0x2000353c   Data          84  stdio_streams.o(.bss)
    __stderr                                 0x20003590   Data          84  stdio_streams.o(.bss)
    __libspace_start                         0x200035e4   Data          96  libspace.o(.bss)
    __temporary_stack_top$libspace           0x20003644   Data           0  libspace.o(.bss)



==============================================================================

Memory Map of the image

  Image Entry point : 0x0001c0c1

  Load Region LR_IROM1 (Base: 0x0001c000, Size: 0x000047f0, Max: 0x00024000, ABSOLUTE, COMPRESSED[0x000046dc])

    Execution Region ER_IROM1 (Base: 0x0001c000, Size: 0x000046a4, Max: 0x00024000, ABSOLUTE)

    Base Addr    Size         Type   Attr      Idx    E Section Name        Object

    0x0001c000   0x000000c0   Data   RO         2170    RESET               arm_startup_nrf51.o
    0x0001c0c0   0x00000008   Code   RO         2278  * !!!main             c_p.l(__main.o)
    0x0001c0c8   0x0000003c   Code   RO         2607    !!!scatter          c_p.l(__scatter.o)
    0x0001c104   0x0000001c   Code   RO         2609    !!handler_zi        c_p.l(__scatter_zi.o)
    0x0001c120   0x00000002   Code   RO         2245    .ARM.Collect$$_printf_percent$$00000000  c_p.l(_printf_percent.o)
    0x0001c122   0x0000000a   Code   RO         2244    .ARM.Collect$$_printf_percent$$00000014  c_p.l(_printf_s.o)
    0x0001c12c   0x00000004   Code   RO         2291    .ARM.Collect$$_printf_percent$$00000017  c_p.l(_printf_percent_end.o)
    0x0001c130   0x00000002   Code   RO         2537    .ARM.Collect$$libinit$$00000000  c_p.l(libinit.o)
    0x0001c132   0x00000000   Code   RO         2417    .ARM.Collect$$libinit$$00000002  c_p.l(libinit2.o)
    0x0001c132   0x00000000   Code   RO         2419    .ARM.Collect$$libinit$$00000004  c_p.l(libinit2.o)
    0x0001c132   0x00000008   Code   RO         2420    .ARM.Collect$$libinit$$00000005  c_p.l(libinit2.o)
    0x0001c13a   0x00000000   Code   RO         2422    .ARM.Collect$$libinit$$0000000A  c_p.l(libinit2.o)
    0x0001c13a   0x00000000   Code   RO         2424    .ARM.Collect$$libinit$$0000000C  c_p.l(libinit2.o)
    0x0001c13a   0x00000000   Code   RO         2426    .ARM.Collect$$libinit$$0000000E  c_p.l(libinit2.o)
    0x0001c13a   0x00000000   Code   RO         2429    .ARM.Collect$$libinit$$00000011  c_p.l(libinit2.o)
    0x0001c13a   0x00000000   Code   RO         2431    .ARM.Collect$$libinit$$00000013  c_p.l(libinit2.o)
    0x0001c13a   0x00000000   Code   RO         2433    .ARM.Collect$$libinit$$00000015  c_p.l(libinit2.o)
    0x0001c13a   0x00000000   Code   RO         2435    .ARM.Collect$$libinit$$00000017  c_p.l(libinit2.o)
    0x0001c13a   0x00000000   Code   RO         2437    .ARM.Collect$$libinit$$00000019  c_p.l(libinit2.o)
    0x0001c13a   0x00000000   Code   RO         2439    .ARM.Collect$$libinit$$0000001B  c_p.l(libinit2.o)
    0x0001c13a   0x00000000   Code   RO         2441    .ARM.Collect$$libinit$$0000001D  c_p.l(libinit2.o)
    0x0001c13a   0x00000000   Code   RO         2443    .ARM.Collect$$libinit$$0000001F  c_p.l(libinit2.o)
    0x0001c13a   0x00000000   Code   RO         2445    .ARM.Collect$$libinit$$00000021  c_p.l(libinit2.o)
    0x0001c13a   0x00000000   Code   RO         2447    .ARM.Collect$$libinit$$00000023  c_p.l(libinit2.o)
    0x0001c13a   0x00000004   Code   RO         2448    .ARM.Collect$$libinit$$00000024  c_p.l(libinit2.o)
    0x0001c13e   0x00000000   Code   RO         2449    .ARM.Collect$$libinit$$00000025  c_p.l(libinit2.o)
    0x0001c13e   0x00000000   Code   RO         2453    .ARM.Collect$$libinit$$0000002C  c_p.l(libinit2.o)
    0x0001c13e   0x00000000   Code   RO         2455    .ARM.Collect$$libinit$$0000002E  c_p.l(libinit2.o)
    0x0001c13e   0x00000000   Code   RO         2457    .ARM.Collect$$libinit$$00000030  c_p.l(libinit2.o)
    0x0001c13e   0x00000000   Code   RO         2459    .ARM.Collect$$libinit$$00000032  c_p.l(libinit2.o)
    0x0001c13e   0x00000002   Code   RO         2460    .ARM.Collect$$libinit$$00000033  c_p.l(libinit2.o)
    0x0001c140   0x00000002   Code   RO         2602    .ARM.Collect$$libshutdown$$00000000  c_p.l(libshutdown.o)
    0x0001c142   0x00000000   Code   RO         2462    .ARM.Collect$$libshutdown$$00000002  c_p.l(libshutdown2.o)
    0x0001c142   0x00000004   Code   RO         2463    .ARM.Collect$$libshutdown$$00000003  c_p.l(libshutdown2.o)
    0x0001c146   0x00000000   Code   RO         2464    .ARM.Collect$$libshutdown$$00000004  c_p.l(libshutdown2.o)
    0x0001c146   0x00000000   Code   RO         2467    .ARM.Collect$$libshutdown$$00000007  c_p.l(libshutdown2.o)
    0x0001c146   0x00000000   Code   RO         2470    .ARM.Collect$$libshutdown$$0000000A  c_p.l(libshutdown2.o)
    0x0001c146   0x00000000   Code   RO         2472    .ARM.Collect$$libshutdown$$0000000C  c_p.l(libshutdown2.o)
    0x0001c146   0x00000000   Code   RO         2475    .ARM.Collect$$libshutdown$$0000000F  c_p.l(libshutdown2.o)
    0x0001c146   0x00000002   Code   RO         2476    .ARM.Collect$$libshutdown$$00000010  c_p.l(libshutdown2.o)
    0x0001c148   0x00000000   Code   RO         2282    .ARM.Collect$$rtentry$$00000000  c_p.l(__rtentry.o)
    0x0001c148   0x00000000   Code   RO         2308    .ARM.Collect$$rtentry$$00000002  c_p.l(__rtentry2.o)
    0x0001c148   0x00000006   Code   RO         2320    .ARM.Collect$$rtentry$$00000004  c_p.l(__rtentry4.o)
    0x0001c14e   0x00000000   Code   RO         2310    .ARM.Collect$$rtentry$$00000009  c_p.l(__rtentry2.o)
    0x0001c14e   0x00000004   Code   RO         2311    .ARM.Collect$$rtentry$$0000000A  c_p.l(__rtentry2.o)
    0x0001c152   0x00000000   Code   RO         2313    .ARM.Collect$$rtentry$$0000000C  c_p.l(__rtentry2.o)
    0x0001c152   0x00000008   Code   RO         2314    .ARM.Collect$$rtentry$$0000000D  c_p.l(__rtentry2.o)
    0x0001c15a   0x00000002   Code   RO         2544    .ARM.Collect$$rtexit$$00000000  c_p.l(rtexit.o)
    0x0001c15c   0x00000000   Code   RO         2572    .ARM.Collect$$rtexit$$00000002  c_p.l(rtexit2.o)
    0x0001c15c   0x00000004   Code   RO         2573    .ARM.Collect$$rtexit$$00000003  c_p.l(rtexit2.o)
    0x0001c160   0x00000006   Code   RO         2574    .ARM.Collect$$rtexit$$00000004  c_p.l(rtexit2.o)
    0x0001c166   0x00000002   PAD
    0x0001c168   0x0000001e   Code   RO            3    .emb_text           main.o
    0x0001c186   0x00000002   PAD
    0x0001c188   0x0000001e   Code   RO          876    .emb_text           nrf_delay.o
    0x0001c1a6   0x00000002   PAD
    0x0001c1a8   0x0000001e   Code   RO         1706    .emb_text           app_timer.o
    0x0001c1c6   0x00000002   PAD
    0x0001c1c8   0x00000038   Code   RO         2264    .emb_text           c_p.l(rt_memcpy.o)
    0x0001c200   0x00000000   Code   RO         2548    .emb_text           c_p.l(maybetermalloc1.o)
    0x0001c200   0x00000054   Code   RO         2171    .text               arm_startup_nrf51.o
    0x0001c254   0x00000002   Code   RO         2214    .text               c_p.l(use_no_semi_2.o)
    0x0001c256   0x00000002   PAD
    0x0001c258   0x0000001c   Code   RO         2218    .text               c_p.l(noretval__2printf.o)
    0x0001c274   0x0000006c   Code   RO         2220    .text               c_p.l(__printf.o)
    0x0001c2e0   0x00000052   Code   RO         2222    .text               c_p.l(_printf_str.o)
    0x0001c332   0x00000002   PAD
    0x0001c334   0x00000068   Code   RO         2246    .text               c_p.l(fflush.o)
    0x0001c39c   0x00000044   Code   RO         2262    .text               c_p.l(strlen.o)
    0x0001c3e0   0x00000082   Code   RO         2265    .text               c_p.l(rt_memcpy.o)
    0x0001c462   0x00000040   Code   RO         2268    .text               c_p.l(rt_memclr.o)
    0x0001c4a2   0x00000002   PAD
    0x0001c4a4   0x00000088   Code   RO         2270    .text               c_p.l(strcmp.o)
    0x0001c52c   0x0000015a   Code   RO         2272    .text               c_p.l(aeabi_sdiv.o)
    0x0001c686   0x00000006   Code   RO         2276    .text               c_p.l(heapauxi.o)
    0x0001c68c   0x00000002   Code   RO         2280    .text               c_p.l(use_no_semi.o)
    0x0001c68e   0x0000002e   Code   RO         2287    .text               c_p.l(_printf_char.o)
    0x0001c6bc   0x00000028   Code   RO         2289    .text               c_p.l(_printf_char_file.o)
    0x0001c6e4   0x000001f0   Code   RO         2292    .text               c_p.l(flsbuf.o)
    0x0001c8d4   0x000000f4   Code   RO         2294    .text               c_p.l(fseek.o)
    0x0001c9c8   0x000000f0   Code   RO         2296    .text               c_p.l(stdio.o)
    0x0001cab8   0x0000013c   Code   RO         2299    .text               c_p.l(initio.o)
    0x0001cbf4   0x00000062   Code   RO         2328    .text               c_p.l(h1_alloc.o)
    0x0001cc56   0x0000004c   Code   RO         2330    .text               c_p.l(h1_free.o)
    0x0001cca2   0x00000002   PAD
    0x0001cca4   0x00000030   Code   RO         2386    .text               c_p.l(_printf_char_common.o)
    0x0001ccd4   0x00000008   Code   RO         2390    .text               c_p.l(ferror.o)
    0x0001ccdc   0x00000042   Code   RO         2392    .text               c_p.l(ftell.o)
    0x0001cd1e   0x00000002   PAD
    0x0001cd20   0x0000004c   Code   RO         2394    .text               c_p.l(setvbuf.o)
    0x0001cd6c   0x000000e8   Code   RO         2398    .text               c_p.l(fopen.o)
    0x0001ce54   0x0000004c   Code   RO         2400    .text               c_p.l(fclose.o)
    0x0001cea0   0x0000000c   Code   RO         2410    .text               c_p.l(defsig_rtred_outer.o)
    0x0001ceac   0x0000003e   Code   RO         2477    .text               c_p.l(sys_stackheap_outer.o)
    0x0001ceea   0x00000002   PAD
    0x0001ceec   0x00000008   Code   RO         2485    .text               c_p.l(rt_heap_descriptor_intlibspace.o)
    0x0001cef4   0x00000008   Code   RO         2490    .text               c_p.l(rt_errno_addr_intlibspace.o)
    0x0001cefc   0x00000004   Code   RO         2492    .text               c_p.l(hguard.o)
    0x0001cf00   0x00000088   Code   RO         2494    .text               c_p.l(init_alloc.o)
    0x0001cf88   0x0000000e   Code   RO         2498    .text               c_p.l(h1_init.o)
    0x0001cf96   0x00000010   Code   RO         2518    .text               c_p.l(exit.o)
    0x0001cfa6   0x0000000c   Code   RO         2520    .text               c_p.l(defsig_exit.o)
    0x0001cfb2   0x00000002   PAD
    0x0001cfb4   0x00000034   Code   RO         2526    .text               c_p.l(defsig_rtred_inner.o)
    0x0001cfe8   0x00000008   Code   RO         2540    .text               c_p.l(libspace.o)
    0x0001cff0   0x00000034   Code   RO         2550    .text               c_p.l(h1_extend.o)
    0x0001d024   0x00000034   Code   RO         2556    .text               c_p.l(defsig_general.o)
    0x0001d058   0x0000000c   Code   RO         2560    .text               c_p.l(defsig_rtmem_outer.o)
    0x0001d064   0x00000050   Code   RO         2580    .text               c_p.l(defsig_rtmem_inner.o)
    0x0001d0b4   0x0000003a   Code   RO         2605    .text               c_p.l(__dczerorl.o)
    0x0001d0ee   0x00000134   Code   RO            4    i.CC1101_Calibrate  main.o
    0x0001d222   0x00000038   Code   RO            5    i.CC1101_Init       main.o
    0x0001d25a   0x00000002   PAD
    0x0001d25c   0x00000074   Code   RO            7    i.CC1101_WriteBurst  main.o
    0x0001d2d0   0x0000003c   Code   RO            8    i.CC1101_WriteSingle  main.o
    0x0001d30c   0x00000108   Code   RO          930    i.GPIOTE_IRQHandler  nrf_drv_gpiote.o
    0x0001d414   0x00000044   Code   RO         1707    i.NVIC_SetPriority  app_timer.o
    0x0001d458   0x00000020   Code   RO         1708    i.RTC1_IRQHandler   app_timer.o
    0x0001d478   0x00000090   Code   RO         1970    i.SEGGER_RTT_Write  segger_rtt.o
    0x0001d508   0x0000001e   Code   RO         1971    i.SEGGER_RTT_WriteString  segger_rtt.o
    0x0001d526   0x00000018   Code   RO         2040    i.SEGGER_RTT_printf  segger_rtt_printf.o
    0x0001d53e   0x0000018e   Code   RO         2041    i.SEGGER_RTT_vprintf  segger_rtt_printf.o
    0x0001d6cc   0x00000028   Code   RO         1511    i.SPI0_TWI0_IRQHandler  nrf_drv_spi.o
    0x0001d6f4   0x00000008   Code   RO         1709    i.SWI0_IRQHandler   app_timer.o
    0x0001d6fc   0x00000024   Code   RO         1899    i.SWI2_IRQHandler   softdevice_handler.o
    0x0001d720   0x00000090   Code   RO           10    i.SendDataPacket    main.o
    0x0001d7b0   0x00000040   Code   RO           12    i.SpiStrobe         main.o
    0x0001d7f0   0x00000054   Code   RO         2178    i.SystemInit        system_nrf51.o
    0x0001d844   0x00000104   Code   RO         1120    i.UART0_IRQHandler  nrf_drv_uart.o
    0x0001d948   0x000000c4   Code   RO         2042    i._PrintInt         segger_rtt_printf.o
    0x0001da0c   0x000000e4   Code   RO         2043    i._PrintUnsigned    segger_rtt_printf.o
    0x0001daf0   0x0000003e   Code   RO         2044    i._StoreChar        segger_rtt_printf.o
    0x0001db2e   0x0000001a   Code   RO          460    i.__ARM_common_switch8  bsp.o
    0x0001db48   0x00000004   Code   RO         2077    i._sys_close        rtt_syscalls_keil.o
    0x0001db4c   0x00000002   Code   RO         2080    i._sys_exit         rtt_syscalls_keil.o
    0x0001db4e   0x00000004   Code   RO         2081    i._sys_flen         rtt_syscalls_keil.o
    0x0001db52   0x00000010   Code   RO         2082    i._sys_istty        rtt_syscalls_keil.o
    0x0001db62   0x00000002   PAD
    0x0001db64   0x00000034   Code   RO         2083    i._sys_open         rtt_syscalls_keil.o
    0x0001db98   0x00000004   Code   RO         2085    i._sys_seek         rtt_syscalls_keil.o
    0x0001db9c   0x0000001c   Code   RO         2087    i._sys_write        rtt_syscalls_keil.o
    0x0001dbb8   0x00000014   Code   RO         2088    i._ttywrch          rtt_syscalls_keil.o
    0x0001dbcc   0x00000216   Code   RO          518    i.adv_data_encode   ble_advdata.o
    0x0001dde2   0x0000003c   Code   RO          481    i.advertising_buttons_configure  bsp_btn_ble.o
    0x0001de1e   0x00000008   Code   RO           13    i.app_error_handler  main.o
    0x0001de26   0x00000016   Code   RO         1653    i.app_fifo_get      app_fifo.o
    0x0001de3c   0x00000024   Code   RO         1654    i.app_fifo_init     app_fifo.o
    0x0001de60   0x0000001a   Code   RO         1655    i.app_fifo_put      app_fifo.o
    0x0001de7a   0x00000002   PAD
    0x0001de7c   0x0000002c   Code   RO         1712    i.app_timer_create  app_timer.o
    0x0001dea8   0x00000090   Code   RO         1713    i.app_timer_init    app_timer.o
    0x0001df38   0x0000007c   Code   RO         1714    i.app_timer_start   app_timer.o
    0x0001dfb4   0x00000054   Code   RO         1715    i.app_timer_stop    app_timer.o
    0x0001e008   0x00000034   Code   RO          810    i.app_uart_get      app_uart_fifo.o
    0x0001e03c   0x000000a0   Code   RO          811    i.app_uart_init     app_uart_fifo.o
    0x0001e0dc   0x00000028   Code   RO          812    i.app_uart_put      app_uart_fifo.o
    0x0001e104   0x00000068   Code   RO          519    i.ble_advdata_set   ble_advdata.o
    0x0001e16c   0x00000124   Code   RO          592    i.ble_advertising_init  ble_advertising.o
    0x0001e290   0x0000007c   Code   RO          593    i.ble_advertising_on_ble_evt  ble_advertising.o
    0x0001e30c   0x00000010   Code   RO          596    i.ble_advertising_peer_address_clear  ble_advertising.o
    0x0001e31c   0x000001e0   Code   RO          598    i.ble_advertising_start  ble_advertising.o
    0x0001e4fc   0x00000054   Code   RO          674    i.ble_conn_params_init  ble_conn_params.o
    0x0001e550   0x00000090   Code   RO          675    i.ble_conn_params_on_ble_evt  ble_conn_params.o
    0x0001e5e0   0x0000005e   Code   RO          520    i.ble_device_addr_encode  ble_advdata.o
    0x0001e63e   0x00000002   PAD
    0x0001e640   0x00000028   Code   RO           15    i.ble_evt_dispatch  main.o
    0x0001e668   0x00000068   Code   RO          736    i.ble_nus_init      ble_nus.o
    0x0001e6d0   0x00000058   Code   RO          737    i.ble_nus_on_ble_evt  ble_nus.o
    0x0001e728   0x00000054   Code   RO          738    i.ble_nus_string_send  ble_nus.o
    0x0001e77c   0x00000078   Code   RO          483    i.bsp_btn_ble_on_ble_evt  bsp_btn_ble.o
    0x0001e7f4   0x00000014   Code   RO          484    i.bsp_btn_ble_sleep_mode_prepare  bsp_btn_ble.o
    0x0001e808   0x000000a0   Code   RO          367    i.bsp_button_event_handler  bsp.o
    0x0001e8a8   0x00000048   Code   RO          372    i.bsp_event_to_button_action_assign  bsp.o
    0x0001e8f0   0x0000001c   Code   RO          373    i.bsp_indication_set  bsp.o
    0x0001e90c   0x000001f8   Code   RO          376    i.bsp_led_indication  bsp.o
    0x0001eb04   0x0000003c   Code   RO          377    i.bsp_wakeup_buttons_set  bsp.o
    0x0001eb40   0x0000001c   Code   RO          931    i.channel_free      nrf_drv_gpiote.o
    0x0001eb5c   0x00000048   Code   RO          932    i.channel_port_alloc  nrf_drv_gpiote.o
    0x0001eba4   0x00000010   Code   RO          933    i.channel_port_get  nrf_drv_gpiote.o
    0x0001ebb4   0x000000a8   Code   RO         1717    i.compare_reg_update  app_timer.o
    0x0001ec5c   0x00000088   Code   RO          521    i.conn_int_encode   ble_advdata.o
    0x0001ece4   0x00000008   Code   RO           17    i.conn_params_error_handler  main.o
    0x0001ecec   0x00000068   Code   RO          677    i.conn_params_negotiation  ble_conn_params.o
    0x0001ed54   0x00000040   Code   RO         1718    i.elapsed_ticks_acquire  app_timer.o
    0x0001ed94   0x00000014   Code   RO         1658    i.fifo_get          app_fifo.o
    0x0001eda8   0x00000012   Code   RO         1659    i.fifo_put          app_fifo.o
    0x0001edba   0x0000001e   Code   RO         2249    i.fputc             c_p.l(fputc.o)
    0x0001edd8   0x00000080   Code   RO         1900    i.intern_softdevice_events_execute  softdevice_handler.o
    0x0001ee58   0x0000001c   Code   RO          678    i.is_conn_params_ok  ble_conn_params.o
    0x0001ee74   0x00000048   Code   RO         2179    i.is_manual_peripheral_setup_needed  system_nrf51.o
    0x0001eebc   0x00000054   Code   RO          522    i.le_role_encode    ble_advdata.o
    0x0001ef10   0x000000bc   Code   RO         1719    i.list_deletions_handler  app_timer.o
    0x0001efcc   0x000000d4   Code   RO         1720    i.list_insertions_handler  app_timer.o
    0x0001f0a0   0x00000294   Code   RO           18    i.main              main.o
    0x0001f334   0x00000068   Code   RO          523    i.manuf_specific_data_encode  ble_advdata.o
    0x0001f39c   0x0000009e   Code   RO          524    i.name_encode       ble_advdata.o
    0x0001f43a   0x00000002   PAD
    0x0001f43c   0x0000001c   Code   RO          877    i.nrf_delay_ms      nrf_delay.o
    0x0001f458   0x00000060   Code   RO          904    i.nrf_drv_common_irq_enable  nrf_drv_common.o
    0x0001f4b8   0x000000a4   Code   RO          937    i.nrf_drv_gpiote_in_init  nrf_drv_gpiote.o
    0x0001f55c   0x00000054   Code   RO          940    i.nrf_drv_gpiote_init  nrf_drv_gpiote.o
    0x0001f5b0   0x00000128   Code   RO         1512    i.nrf_drv_spi_init  nrf_drv_spi.o
    0x0001f6d8   0x000000c4   Code   RO         1513    i.nrf_drv_spi_transfer  nrf_drv_spi.o
    0x0001f79c   0x000000b0   Code   RO         1122    i.nrf_drv_uart_init  nrf_drv_uart.o
    0x0001f84c   0x000000b4   Code   RO         1123    i.nrf_drv_uart_rx   nrf_drv_uart.o
    0x0001f900   0x00000018   Code   RO         1126    i.nrf_drv_uart_rx_enable  nrf_drv_uart.o
    0x0001f918   0x0000008c   Code   RO         1127    i.nrf_drv_uart_tx   nrf_drv_uart.o
    0x0001f9a4   0x00000024   Code   RO          953    i.nrf_gpio_cfg      nrf_drv_gpiote.o
    0x0001f9c8   0x00000024   Code   RO         1130    i.nrf_gpio_cfg      nrf_drv_uart.o
    0x0001f9ec   0x00000024   Code   RO         1515    i.nrf_gpio_cfg      nrf_drv_spi.o
    0x0001fa10   0x00000012   Code   RO         1132    i.nrf_gpio_cfg_input  nrf_drv_uart.o
    0x0001fa22   0x00000014   Code   RO         1133    i.nrf_gpio_cfg_output  nrf_drv_uart.o
    0x0001fa36   0x00000014   Code   RO         1516    i.nrf_gpio_cfg_output  nrf_drv_spi.o
    0x0001fa4a   0x00000002   PAD
    0x0001fa4c   0x00000020   Code   RO          955    i.nrf_gpio_cfg_sense_set  nrf_drv_gpiote.o
    0x0001fa6c   0x00000010   Code   RO           19    i.nrf_gpio_pin_clear  main.o
    0x0001fa7c   0x00000010   Code   RO           20    i.nrf_gpio_pin_read  main.o
    0x0001fa8c   0x00000010   Code   RO           21    i.nrf_gpio_pin_set  main.o
    0x0001fa9c   0x00000014   Code   RO          956    i.nrf_gpiote_event_is_set  nrf_drv_gpiote.o
    0x0001fab0   0x0000000a   Code   RO         1134    i.nrf_uart_event_check  nrf_drv_uart.o
    0x0001faba   0x00000010   Code   RO         1135    i.nrf_uart_int_enable_check  nrf_drv_uart.o
    0x0001faca   0x00000002   PAD
    0x0001facc   0x00000098   Code   RO           22    i.nus_data_handler  main.o
    0x0001fb64   0x00000022   Code   RO           23    i.on_adv_evt        main.o
    0x0001fb86   0x00000002   PAD
    0x0001fb88   0x000000c0   Code   RO           24    i.on_ble_evt        main.o
    0x0001fc48   0x00000024   Code   RO           25    i.on_conn_params_evt  main.o
    0x0001fc6c   0x00000016   Code   RO          600    i.peer_address_exists  ble_advertising.o
    0x0001fc82   0x00000002   PAD
    0x0001fc84   0x000000b8   Code   RO           26    i.pin_event_handler  main.o
    0x0001fd3c   0x00000028   Code   RO         1285    i.pstorage_access_status_get  pstorage.o
    0x0001fd64   0x00000044   Code   RO         1721    i.rtc1_stop         app_timer.o
    0x0001fda8   0x0000002c   Code   RO         1136    i.rx_byte           nrf_drv_uart.o
    0x0001fdd4   0x0000009e   Code   RO          739    i.rx_char_add       ble_nus.o
    0x0001fe72   0x00000002   PAD
    0x0001fe74   0x00000020   Code   RO         1137    i.rx_done_event     nrf_drv_uart.o
    0x0001fe94   0x0000001c   Code   RO         1138    i.rx_enable         nrf_drv_uart.o
    0x0001feb0   0x0000008e   Code   RO          525    i.service_data_encode  ble_advdata.o
    0x0001ff3e   0x00000034   Code   RO           27    i.sleep_mode_enter  main.o
    0x0001ff72   0x0000000c   Code   RO         1901    i.softdevice_assertion_handler  softdevice_handler.o
    0x0001ff7e   0x00000002   PAD
    0x0001ff80   0x00000014   Code   RO         1902    i.softdevice_ble_evt_handler_set  softdevice_handler.o
    0x0001ff94   0x00000030   Code   RO         1903    i.softdevice_handler_init  softdevice_handler.o
    0x0001ffc4   0x00000024   Code   RO           28    i.spi_master_event_handler  main.o
    0x0001ffe8   0x00000048   Code   RO           29    i.spi_send_recv     main.o
    0x00020030   0x00000084   Code   RO         1722    i.timer_list_handler  app_timer.o
    0x000200b4   0x00000010   Code   RO         1723    i.timer_list_handler_sched  app_timer.o
    0x000200c4   0x00000040   Code   RO         1724    i.timer_list_insert  app_timer.o
    0x00020104   0x00000084   Code   RO         1725    i.timer_timeouts_check  app_timer.o
    0x00020188   0x00000050   Code   RO         1517    i.transfer_byte     nrf_drv_spi.o
    0x000201d8   0x0000002c   Code   RO         1139    i.tx_byte           nrf_drv_uart.o
    0x00020204   0x00000080   Code   RO          740    i.tx_char_add       ble_nus.o
    0x00020284   0x00000020   Code   RO         1140    i.tx_done_event     nrf_drv_uart.o
    0x000202a4   0x0000006c   Code   RO           30    i.uart_event_handle  main.o
    0x00020310   0x000000a4   Code   RO          813    i.uart_event_handler  app_uart_fifo.o
    0x000203b4   0x0000000a   Code   RO          526    i.uint16_encode     ble_advdata.o
    0x000203be   0x00000002   PAD
    0x000203c0   0x00000064   Code   RO          679    i.update_timeout_handler  ble_conn_params.o
    0x00020424   0x00000054   Code   RO         1726    i.user_id_get       app_timer.o
    0x00020478   0x00000026   Code   RO         1727    i.user_op_alloc     app_timer.o
    0x0002049e   0x00000030   Code   RO          527    i.uuid_list_encode  ble_advdata.o
    0x000204ce   0x000000ae   Code   RO          528    i.uuid_list_sized_encode  ble_advdata.o
    0x0002057c   0x00000010   Code   RO          601    i.whitelist_has_entries  ble_advertising.o
    0x0002058c   0x00000028   Data   RO           32    .constdata          main.o
    0x000205b4   0x0000003c   Data   RO          384    .constdata          bsp.o
    0x000205f0   0x00000004   Data   RO          682    .constdata          ble_conn_params.o
    0x000205f4   0x00000010   Data   RO          741    .constdata          ble_nus.o
    0x00020604   0x00000020   Data   RO          815    .constdata          app_uart_fifo.o
    0x00020624   0x00000020   Data   RO         1142    .constdata          nrf_drv_uart.o
    0x00020644   0x00000010   Data   RO         1519    .constdata          nrf_drv_spi.o
    0x00020654   0x00000010   Data   RO         2045    .constdata          segger_rtt_printf.o
    0x00020664   0x00000006   Data   RO         2089    .constdata          rtt_syscalls_keil.o
    0x0002066a   0x0000000e   Data   RO         2090    .constdata          rtt_syscalls_keil.o
    0x00020678   0x00000009   Data   RO         1974    .conststring        segger_rtt.o
    0x00020681   0x00000003   PAD
    0x00020684   0x00000020   Data   RO         2603    Region$$Table       anon$$obj.o


    Execution Region RW_IRAM1 (Base: 0x20002800, Size: 0x00001e48, Max: 0x00005800, ABSOLUTE, COMPRESSED[0x00000038])

    Base Addr    Size         Type   Attr      Idx    E Section Name        Object

    0x20002800   0x0000000c   Data   RW           33    .data               main.o
    0x2000280c   0x00000018   Data   RW          385    .data               bsp.o
    0x20002824   0x00000008   Data   RW          485    .data               bsp_btn_ble.o
    0x2000282c   0x0000001f   Data   RW          603    .data               ble_advertising.o
    0x2000284b   0x00000001   PAD
    0x2000284c   0x00000014   Data   RW          683    .data               ble_conn_params.o
    0x20002860   0x00000008   Data   RW          816    .data               app_uart_fifo.o
    0x20002868   0x00000024   Data   RW         1310    .data               pstorage.o
    0x2000288c   0x00000020   Data   RW         1728    .data               app_timer.o
    0x200028ac   0x00000014   Data   RW         1907    .data               softdevice_handler.o
    0x200028c0   0x0000007c   Data   RW         1975    .data               segger_rtt.o
    0x2000293c   0x00000004   Data   RW         2180    .data               system_nrf51.o
    0x20002940   0x00000004   Data   RW         2255    .data               c_p.l(stdio_streams.o)
    0x20002944   0x00000004   Data   RW         2256    .data               c_p.l(stdio_streams.o)
    0x20002948   0x00000004   Data   RW         2257    .data               c_p.l(stdio_streams.o)
    0x2000294c   0x00000470   Zero   RW           31    .bss                main.o
    0x20002dbc   0x00000020   Zero   RW          380    .bss                bsp.o
    0x20002ddc   0x00000020   Zero   RW          381    .bss                bsp.o
    0x20002dfc   0x0000000c   Zero   RW          382    .bss                bsp.o
    0x20002e08   0x00000020   Zero   RW          383    .bss                bsp.o
    0x20002e28   0x00000103   Zero   RW          602    .bss                ble_advertising.o
    0x20002f2b   0x00000001   PAD
    0x20002f2c   0x00000020   Zero   RW          680    .bss                ble_conn_params.o
    0x20002f4c   0x0000001c   Zero   RW          681    .bss                ble_conn_params.o
    0x20002f68   0x00000020   Zero   RW          814    .bss                app_uart_fifo.o
    0x20002f88   0x00000048   Zero   RW          959    .bss                nrf_drv_gpiote.o
    0x20002fd0   0x00000018   Zero   RW         1141    .bss                nrf_drv_uart.o
    0x20002fe8   0x000000d8   Zero   RW         1308    .bss                pstorage.o
    0x200030c0   0x00000018   Zero   RW         1518    .bss                nrf_drv_spi.o
    0x200030d8   0x00000400   Zero   RW         1972    .bss                segger_rtt.o
    0x200034d8   0x00000010   Zero   RW         1973    .bss                segger_rtt.o
    0x200034e8   0x00000054   Zero   RW         2252    .bss                c_p.l(stdio_streams.o)
    0x2000353c   0x00000054   Zero   RW         2253    .bss                c_p.l(stdio_streams.o)
    0x20003590   0x00000054   Zero   RW         2254    .bss                c_p.l(stdio_streams.o)
    0x200035e4   0x00000060   Zero   RW         2541    .bss                c_p.l(libspace.o)
    0x20003644   0x00000004   PAD
    0x20003648   0x00000800   Zero   RW         2169    HEAP                arm_startup_nrf51.o
    0x20003e48   0x00000800   Zero   RW         2168    STACK               arm_startup_nrf51.o


==============================================================================

Image component sizes


      Code (inc. data)   RO Data    RW Data    ZI Data      Debug   Object Name

       122          0          0          0          0       4278   app_fifo.o
      1700        152          0         32          0      28911   app_timer.o
       416         42         32          8         32      10246   app_uart_fifo.o
        84         36        192          0       4096        728   arm_startup_nrf51.o
      1588          6          0          0          0      18876   ble_advdata.o
       950         28          0         31        259       7224   ble_advertising.o
       460         58          4         20         60      13016   ble_conn_params.o
       562         12         16          0          0       5678   ble_nus.o
       850         72         60         24        108      10834   bsp.o
       200          6          0          8          0       3830   bsp_btn_ble.o
      2408        426         40         12       1136     111478   main.o
        58          4          0          0          0       1767   nrf_delay.o
        96         18          0          0          0       8432   nrf_drv_common.o
       716         90          0          0         72      17879   nrf_drv_gpiote.o
       668         36         16          0         24      12953   nrf_drv_spi.o
      1060        116         32          0         24      22576   nrf_drv_uart.o
        40         10          0         36        216       9797   pstorage.o
       130         18         20          0          0       5585   rtt_syscalls_keil.o
       174          4          9        124       1040       2874   segger_rtt.o
       908          4         16          0          0       6581   segger_rtt_printf.o
       244         20          0         20          0       5907   softdevice_handler.o
       156         26          0          4          0       2183   system_nrf51.o

    ----------------------------------------------------------------------
     13620       1184        472        320       7068     311633   Object Totals
         0          0         32          0          0          0   (incl. Generated)
        30          0          3          1          1          0   (incl. Padding)

    ----------------------------------------------------------------------

      Code (inc. data)   RO Data    RW Data    ZI Data      Debug   Library Member Name

        58          0          0          0          0          0   __dczerorl.o
         8          0          0          0          0         68   __main.o
       108          0          0          0          0         76   __printf.o
         0          0          0          0          0          0   __rtentry.o
        12          0          0          0          0          0   __rtentry2.o
         6          0          0          0          0          0   __rtentry4.o
        60          8          0          0          0          0   __scatter.o
        28          0          0          0          0          0   __scatter_zi.o
        46          0          0          0          0        100   _printf_char.o
        48          6          0          0          0         88   _printf_char_common.o
        40          6          0          0          0         72   _printf_char_file.o
         2          0          0          0          0          0   _printf_percent.o
         4          0          0          0          0          0   _printf_percent_end.o
        10          0          0          0          0          0   _printf_s.o
        82          0          0          0          0         72   _printf_str.o
       346          0          0          0          0         92   aeabi_sdiv.o
        12          0          0          0          0         68   defsig_exit.o
        52          0          0          0          0         72   defsig_general.o
        80         58          0          0          0         68   defsig_rtmem_inner.o
        12          0          0          0          0         68   defsig_rtmem_outer.o
        52         38          0          0          0         68   defsig_rtred_inner.o
        12          0          0          0          0         68   defsig_rtred_outer.o
        16          0          0          0          0         68   exit.o
        76          4          0          0          0         76   fclose.o
         8          0          0          0          0         60   ferror.o
       104          4          0          0          0        100   fflush.o
       496         10          0          0          0         76   flsbuf.o
       232          8          0          0          0        108   fopen.o
        30          0          0          0          0         68   fputc.o
       244          4          0          0          0         76   fseek.o
        66          0          0          0          0         68   ftell.o
        98          0          0          0          0         72   h1_alloc.o
        52          0          0          0          0         68   h1_extend.o
        76          0          0          0          0         72   h1_free.o
        14          0          0          0          0         76   h1_init.o
         6          0          0          0          0        136   heapauxi.o
         4          0          0          0          0        120   hguard.o
       136          0          0          0          0        160   init_alloc.o
       316         44          0          0          0         96   initio.o
         2          0          0          0          0          0   libinit.o
        14          0          0          0          0          0   libinit2.o
         2          0          0          0          0          0   libshutdown.o
         6          0          0          0          0          0   libshutdown2.o
         8          4          0          0         96         68   libspace.o
         0          0          0          0          0          0   maybetermalloc1.o
        28          6          0          0          0         84   noretval__2printf.o
         8          4          0          0          0         68   rt_errno_addr_intlibspace.o
         8          4          0          0          0         68   rt_heap_descriptor_intlibspace.o
        64          0          0          0          0        108   rt_memclr.o
       186          0          0          0          0        144   rt_memcpy.o
         2          0          0          0          0          0   rtexit.o
        10          0          0          0          0          0   rtexit2.o
        76          4          0          0          0         72   setvbuf.o
       240          8          0          0          0        144   stdio.o
         0          0          0         12        252          0   stdio_streams.o
       136          4          0          0          0         72   strcmp.o
        68          6          0          0          0         72   strlen.o
        62          0          0          0          0         80   sys_stackheap_outer.o
         2          0          0          0          0         68   use_no_semi.o
         2          0          0          0          0         68   use_no_semi_2.o

    ----------------------------------------------------------------------
      3992        230          0         12        352       3596   Library Totals
        16          0          0          0          4          0   (incl. Padding)

    ----------------------------------------------------------------------

      Code (inc. data)   RO Data    RW Data    ZI Data      Debug   Library Name

      3976        230          0         12        348       3596   c_p.l

    ----------------------------------------------------------------------
      3992        230          0         12        352       3596   Library Totals

    ----------------------------------------------------------------------

==============================================================================


      Code (inc. data)   RO Data    RW Data    ZI Data      Debug   

     17612       1414        472        332       7420     307245   Grand Totals
     17612       1414        472         56       7420     307245   ELF Image Totals (compressed)
     17612       1414        472         56          0          0   ROM Totals

==============================================================================

    Total RO  Size (Code + RO Data)                18084 (  17.66kB)
    Total RW  Size (RW Data + ZI Data)              7752 (   7.57kB)
    Total ROM Size (Code + RO Data + RW Data)      18140 (  17.71kB)

==============================================================================

