<!doctype html public "-//w3c//dtd html 4.0 transitional//en">
<html><head>
<title>Static Call Graph - [.\_build\nrf51422_xxac_s130.axf]</title></head>
<body><HR>
<H1>Static Call Graph for image .\_build\nrf51422_xxac_s130.axf</H1><HR>
<BR><P>#&#060CALLGRAPH&#062# ARM Linker, 5060061: Last Updated: Thu Jan 14 14:55:06 2016
<BR><P>
<H3>Maximum Stack Usage =        472 bytes + Unknown(Cycles, Untraceable Function Pointers)</H3><H3>
Call chain for Maximum Stack Depth:</H3>
main &rArr; ble_advertising_start &rArr; ble_advdata_set &rArr; adv_data_encode &rArr; uuid_list_encode &rArr; uuid_list_sized_encode &rArr; sd_ble_uuid_encode &rArr; ser_sd_transport_cmd_write &rArr; ser_hal_transport_tx_pkt_send &rArr; ser_phy_tx_pkt_send
<P>
<H3>
Mutually Recursive functions
</H3> <LI><a href="#[1]">NMI_Handler</a>&nbsp;&nbsp;&nbsp;&rArr;&nbsp;&nbsp;&nbsp;<a href="#[1]">NMI_Handler</a><BR>
 <LI><a href="#[2]">HardFault_Handler</a>&nbsp;&nbsp;&nbsp;&rArr;&nbsp;&nbsp;&nbsp;<a href="#[2]">HardFault_Handler</a><BR>
 <LI><a href="#[3]">SVC_Handler</a>&nbsp;&nbsp;&nbsp;&rArr;&nbsp;&nbsp;&nbsp;<a href="#[3]">SVC_Handler</a><BR>
 <LI><a href="#[4]">PendSV_Handler</a>&nbsp;&nbsp;&nbsp;&rArr;&nbsp;&nbsp;&nbsp;<a href="#[4]">PendSV_Handler</a><BR>
 <LI><a href="#[5]">SysTick_Handler</a>&nbsp;&nbsp;&nbsp;&rArr;&nbsp;&nbsp;&nbsp;<a href="#[5]">SysTick_Handler</a><BR>
 <LI><a href="#[c]">ADC_IRQHandler</a>&nbsp;&nbsp;&nbsp;&rArr;&nbsp;&nbsp;&nbsp;<a href="#[c]">ADC_IRQHandler</a><BR>
 <LI><a href="#[7d]">__asm___11_app_timer_c_cd27f9c3__nrf_delay_us</a>&nbsp;&nbsp;&nbsp;&rArr;&nbsp;&nbsp;&nbsp;<a href="#[7d]">__asm___11_app_timer_c_cd27f9c3__nrf_delay_us</a><BR>
 <LI><a href="#[7c]">__asm___11_nrf_delay_c_532987f3__nrf_delay_us</a>&nbsp;&nbsp;&nbsp;&rArr;&nbsp;&nbsp;&nbsp;<a href="#[7c]">__asm___11_nrf_delay_c_532987f3__nrf_delay_us</a><BR>
</UL>
<P>
<H3>
Function Pointers
</H3><UL>
 <LI><a href="#[c]">ADC_IRQHandler</a> from arm_startup_nrf51.o(.text) referenced from arm_startup_nrf51.o(RESET)
 <LI><a href="#[14]">CCM_AAR_IRQHandler</a> from arm_startup_nrf51.o(.text) referenced from arm_startup_nrf51.o(RESET)
 <LI><a href="#[13]">ECB_IRQHandler</a> from arm_startup_nrf51.o(.text) referenced from arm_startup_nrf51.o(RESET)
 <LI><a href="#[b]">GPIOTE_IRQHandler</a> from nrf_drv_gpiote.o(i.GPIOTE_IRQHandler) referenced from arm_startup_nrf51.o(RESET)
 <LI><a href="#[2]">HardFault_Handler</a> from arm_startup_nrf51.o(.text) referenced from arm_startup_nrf51.o(RESET)
 <LI><a href="#[18]">LPCOMP_IRQHandler</a> from arm_startup_nrf51.o(.text) referenced from arm_startup_nrf51.o(RESET)
 <LI><a href="#[1]">NMI_Handler</a> from arm_startup_nrf51.o(.text) referenced from arm_startup_nrf51.o(RESET)
 <LI><a href="#[6]">POWER_CLOCK_IRQHandler</a> from arm_startup_nrf51.o(.text) referenced from arm_startup_nrf51.o(RESET)
 <LI><a href="#[4]">PendSV_Handler</a> from arm_startup_nrf51.o(.text) referenced from arm_startup_nrf51.o(RESET)
 <LI><a href="#[17]">QDEC_IRQHandler</a> from arm_startup_nrf51.o(.text) referenced from arm_startup_nrf51.o(RESET)
 <LI><a href="#[7]">RADIO_IRQHandler</a> from arm_startup_nrf51.o(.text) referenced from arm_startup_nrf51.o(RESET)
 <LI><a href="#[12]">RNG_IRQHandler</a> from arm_startup_nrf51.o(.text) referenced from arm_startup_nrf51.o(RESET)
 <LI><a href="#[10]">RTC0_IRQHandler</a> from arm_startup_nrf51.o(.text) referenced from arm_startup_nrf51.o(RESET)
 <LI><a href="#[16]">RTC1_IRQHandler</a> from app_timer.o(i.RTC1_IRQHandler) referenced from arm_startup_nrf51.o(RESET)
 <LI><a href="#[0]">Reset_Handler</a> from arm_startup_nrf51.o(.text) referenced from arm_startup_nrf51.o(RESET)
 <LI><a href="#[9]">SPI0_TWI0_IRQHandler</a> from nrf_drv_spi.o(i.SPI0_TWI0_IRQHandler) referenced from arm_startup_nrf51.o(RESET)
 <LI><a href="#[a]">SPI1_TWI1_IRQHandler</a> from arm_startup_nrf51.o(.text) referenced from arm_startup_nrf51.o(RESET)
 <LI><a href="#[3]">SVC_Handler</a> from arm_startup_nrf51.o(.text) referenced from arm_startup_nrf51.o(RESET)
 <LI><a href="#[19]">SWI0_IRQHandler</a> from app_timer.o(i.SWI0_IRQHandler) referenced from arm_startup_nrf51.o(RESET)
 <LI><a href="#[1a]">SWI1_IRQHandler</a> from arm_startup_nrf51.o(.text) referenced from arm_startup_nrf51.o(RESET)
 <LI><a href="#[1b]">SWI2_IRQHandler</a> from softdevice_handler.o(i.SWI2_IRQHandler) referenced from arm_startup_nrf51.o(RESET)
 <LI><a href="#[1c]">SWI3_IRQHandler</a> from ser_phy_nrf51_nrf_drv_spi.o(i.SWI3_IRQHandler) referenced from arm_startup_nrf51.o(RESET)
 <LI><a href="#[1d]">SWI4_IRQHandler</a> from arm_startup_nrf51.o(.text) referenced from arm_startup_nrf51.o(RESET)
 <LI><a href="#[1e]">SWI5_IRQHandler</a> from arm_startup_nrf51.o(.text) referenced from arm_startup_nrf51.o(RESET)
 <LI><a href="#[5]">SysTick_Handler</a> from arm_startup_nrf51.o(.text) referenced from arm_startup_nrf51.o(RESET)
 <LI><a href="#[20]">SystemInit</a> from system_nrf51.o(i.SystemInit) referenced from arm_startup_nrf51.o(.text)
 <LI><a href="#[11]">TEMP_IRQHandler</a> from arm_startup_nrf51.o(.text) referenced from arm_startup_nrf51.o(RESET)
 <LI><a href="#[d]">TIMER0_IRQHandler</a> from arm_startup_nrf51.o(.text) referenced from arm_startup_nrf51.o(RESET)
 <LI><a href="#[e]">TIMER1_IRQHandler</a> from arm_startup_nrf51.o(.text) referenced from arm_startup_nrf51.o(RESET)
 <LI><a href="#[f]">TIMER2_IRQHandler</a> from arm_startup_nrf51.o(.text) referenced from arm_startup_nrf51.o(RESET)
 <LI><a href="#[8]">UART0_IRQHandler</a> from nrf_drv_uart.o(i.UART0_IRQHandler) referenced from arm_startup_nrf51.o(RESET)
 <LI><a href="#[15]">WDT_IRQHandler</a> from arm_startup_nrf51.o(.text) referenced from arm_startup_nrf51.o(RESET)
 <LI><a href="#[21]">__main</a> from entry.o(.ARM.Collect$$$$00000000) referenced from arm_startup_nrf51.o(.text)
 <LI><a href="#[3e]">alert_timer_handler</a> from bsp.o(i.alert_timer_handler) referenced from bsp.o(i.bsp_init)
 <LI><a href="#[69]">battery_level_meas_timeout_handler</a> from main.o(i.battery_level_meas_timeout_handler) referenced from main.o(i.timers_init)
 <LI><a href="#[25]">ble_enable_params_t_enc</a> from ble_struct_serialization.o(i.ble_enable_params_t_enc) referenced from ble_enable.o(i.ble_enable_req_enc)
 <LI><a href="#[3a]">ble_evt_dispatch</a> from main.o(i.ble_evt_dispatch) referenced from main.o(i.ble_stack_init)
 <LI><a href="#[26]">ble_gap_addr_enc</a> from ble_gap_struct_serialization.o(i.ble_gap_addr_enc) referenced from ble_gap_adv_start.o(i.ble_gap_adv_start_req_enc)
 <LI><a href="#[26]">ble_gap_addr_enc</a> from ble_gap_struct_serialization.o(i.ble_gap_addr_enc) referenced from ble_gap_struct_serialization.o(i.ble_gap_whitelist_t_enc)
 <LI><a href="#[29]">ble_gap_enc_key_t_dec</a> from ble_gap_struct_serialization.o(i.ble_gap_enc_key_t_dec) referenced from ble_gap_struct_serialization.o(i.ble_gap_sec_keys_dec)
 <LI><a href="#[2c]">ble_gap_enc_key_t_enc</a> from ble_gap_struct_serialization.o(i.ble_gap_enc_key_t_enc) referenced from ble_gap_struct_serialization.o(i.ble_gap_sec_keys_enc)
 <LI><a href="#[2a]">ble_gap_id_key_t_dec</a> from ble_gap_struct_serialization.o(i.ble_gap_id_key_t_dec) referenced from ble_gap_struct_serialization.o(i.ble_gap_sec_keys_dec)
 <LI><a href="#[2d]">ble_gap_id_key_t_enc</a> from ble_gap_struct_serialization.o(i.ble_gap_id_key_t_enc) referenced from ble_gap_struct_serialization.o(i.ble_gap_sec_keys_enc)
 <LI><a href="#[28]">ble_gap_irk_enc</a> from ble_gap_struct_serialization.o(i.ble_gap_irk_enc) referenced from ble_gap_sec_info_reply.o(i.ble_gap_sec_info_reply_req_enc)
 <LI><a href="#[28]">ble_gap_irk_enc</a> from ble_gap_struct_serialization.o(i.ble_gap_irk_enc) referenced from ble_gap_struct_serialization.o(i.ble_gap_whitelist_t_enc)
 <LI><a href="#[31]">ble_gap_sec_keyset_t_dec</a> from ble_gap_struct_serialization.o(i.ble_gap_sec_keyset_t_dec) referenced from ble_gap_sec_params_reply.o(i.ble_gap_sec_params_reply_rsp_dec)
 <LI><a href="#[30]">ble_gap_sec_keyset_t_enc</a> from ble_gap_struct_serialization.o(i.ble_gap_sec_keyset_t_enc) referenced from ble_gap_sec_params_reply.o(i.ble_gap_sec_params_reply_req_enc)
 <LI><a href="#[2f]">ble_gap_sec_params_t_enc</a> from ble_gap_struct_serialization.o(i.ble_gap_sec_params_t_enc) referenced from ble_gap_sec_params_reply.o(i.ble_gap_sec_params_reply_req_enc)
 <LI><a href="#[2b]">ble_gap_sign_info_dec</a> from ble_gap_struct_serialization.o(i.ble_gap_sign_info_dec) referenced from ble_gap_struct_serialization.o(i.ble_gap_sec_keys_dec)
 <LI><a href="#[2e]">ble_gap_sign_info_enc</a> from ble_gap_struct_serialization.o(i.ble_gap_sign_info_enc) referenced from ble_gap_struct_serialization.o(i.ble_gap_sec_keys_enc)
 <LI><a href="#[27]">ble_gap_whitelist_t_enc</a> from ble_gap_struct_serialization.o(i.ble_gap_whitelist_t_enc) referenced from ble_gap_adv_start.o(i.ble_gap_adv_start_req_enc)
 <LI><a href="#[36]">ble_gatts_attr_enc</a> from ble_gatts_struct_serialization.o(i.ble_gatts_attr_enc) referenced from ble_gatts_characteristic_add.o(i.ble_gatts_characteristic_add_req_enc)
 <LI><a href="#[36]">ble_gatts_attr_enc</a> from ble_gatts_struct_serialization.o(i.ble_gatts_attr_enc) referenced from ble_gatts_descriptor_add.o(i.ble_gatts_descriptor_add_req_enc)
 <LI><a href="#[33]">ble_gatts_attr_md_enc</a> from ble_gatts_struct_serialization.o(i.ble_gatts_attr_md_enc) referenced from ble_gatts_struct_serialization.o(i.ble_gatts_attr_enc)
 <LI><a href="#[33]">ble_gatts_attr_md_enc</a> from ble_gatts_struct_serialization.o(i.ble_gatts_attr_md_enc) referenced from ble_gatts_struct_serialization.o(i.ble_gatts_char_md_enc)
 <LI><a href="#[37]">ble_gatts_char_handles_dec</a> from ble_gatts_struct_serialization.o(i.ble_gatts_char_handles_dec) referenced from ble_gatts_characteristic_add.o(i.ble_gatts_characteristic_add_rsp_dec)
 <LI><a href="#[35]">ble_gatts_char_md_enc</a> from ble_gatts_struct_serialization.o(i.ble_gatts_char_md_enc) referenced from ble_gatts_characteristic_add.o(i.ble_gatts_characteristic_add_req_enc)
 <LI><a href="#[39]">ble_gatts_value_t_enc</a> from ble_gatts_struct_serialization.o(i.ble_gatts_value_t_enc) referenced from ble_gatts_value_set.o(i.ble_gatts_value_set_req_enc)
 <LI><a href="#[32]">ble_uuid_t_enc</a> from ble_struct_serialization.o(i.ble_uuid_t_enc) referenced from ble_gatts_struct_serialization.o(i.ble_gatts_attr_enc)
 <LI><a href="#[6d]">bsp_button_event_handler</a> from bsp.o(i.bsp_button_event_handler) referenced 4 times from bsp.o(.constdata)
 <LI><a href="#[44]">bsp_event_handler</a> from main.o(i.bsp_event_handler) referenced from main.o(i.main)
 <LI><a href="#[3c]">button_timer_handler</a> from bsp.o(i.button_timer_handler) referenced from bsp.o(i.bsp_init)
 <LI><a href="#[47]">conn_params_error_handler</a> from main.o(i.conn_params_error_handler) referenced from main.o(i.main)
 <LI><a href="#[23]">detection_delay_timeout_handler</a> from app_button.o(i.detection_delay_timeout_handler) referenced from app_button.o(i.app_button_init)
 <LI><a href="#[42]">device_manager_evt_handler</a> from main.o(i.device_manager_evt_handler) referenced from main.o(i.device_manager_init)
 <LI><a href="#[43]">dm_pstorage_cb_handler</a> from device_manager_peripheral.o(i.dm_pstorage_cb_handler) referenced from device_manager_peripheral.o(i.dm_init)
 <LI><a href="#[48]">enable_rsp_dec</a> from app_mw_ble.o(i.enable_rsp_dec) referenced from app_mw_ble.o(i.sd_ble_enable)
 <LI><a href="#[49]">gap_address_get_rsp_dec</a> from app_mw_ble_gap.o(i.gap_address_get_rsp_dec) referenced from app_mw_ble_gap.o(i.sd_ble_gap_address_get)
 <LI><a href="#[4a]">gap_adv_data_set_rsp_dec</a> from app_mw_ble_gap.o(i.gap_adv_data_set_rsp_dec) referenced from app_mw_ble_gap.o(i.sd_ble_gap_adv_data_set)
 <LI><a href="#[4b]">gap_adv_start_rsp_dec</a> from app_mw_ble_gap.o(i.gap_adv_start_rsp_dec) referenced from app_mw_ble_gap.o(i.sd_ble_gap_adv_start)
 <LI><a href="#[4c]">gap_adv_stop_rsp_dec</a> from app_mw_ble_gap.o(i.gap_adv_stop_rsp_dec) referenced from app_mw_ble_gap.o(i.sd_ble_gap_adv_stop)
 <LI><a href="#[4d]">gap_appearance_get_rsp_dec</a> from app_mw_ble_gap.o(i.gap_appearance_get_rsp_dec) referenced from app_mw_ble_gap.o(i.sd_ble_gap_appearance_get)
 <LI><a href="#[4e]">gap_appearance_set_rsp_dec</a> from app_mw_ble_gap.o(i.gap_appearance_set_rsp_dec) referenced from app_mw_ble_gap.o(i.sd_ble_gap_appearance_set)
 <LI><a href="#[4f]">gap_conn_param_update_rsp_dec</a> from app_mw_ble_gap.o(i.gap_conn_param_update_rsp_dec) referenced from app_mw_ble_gap.o(i.sd_ble_gap_conn_param_update)
 <LI><a href="#[50]">gap_device_name_get_rsp_dec</a> from app_mw_ble_gap.o(i.gap_device_name_get_rsp_dec) referenced from app_mw_ble_gap.o(i.sd_ble_gap_device_name_get)
 <LI><a href="#[51]">gap_device_name_set_rsp_dec</a> from app_mw_ble_gap.o(i.gap_device_name_set_rsp_dec) referenced from app_mw_ble_gap.o(i.sd_ble_gap_device_name_set)
 <LI><a href="#[52]">gap_disconnect_rsp_dec</a> from app_mw_ble_gap.o(i.gap_disconnect_rsp_dec) referenced from app_mw_ble_gap.o(i.sd_ble_gap_disconnect)
 <LI><a href="#[53]">gap_ppcp_get_reply_rsp_dec</a> from app_mw_ble_gap.o(i.gap_ppcp_get_reply_rsp_dec) referenced from app_mw_ble_gap.o(i.sd_ble_gap_ppcp_get)
 <LI><a href="#[54]">gap_ppcp_set_rsp_dec</a> from app_mw_ble_gap.o(i.gap_ppcp_set_rsp_dec) referenced from app_mw_ble_gap.o(i.sd_ble_gap_ppcp_set)
 <LI><a href="#[55]">gap_sec_info_reply_rsp_dec</a> from app_mw_ble_gap.o(i.gap_sec_info_reply_rsp_dec) referenced from app_mw_ble_gap.o(i.sd_ble_gap_sec_info_reply)
 <LI><a href="#[56]">gap_sec_params_reply_rsp_dec</a> from app_mw_ble_gap.o(i.gap_sec_params_reply_rsp_dec) referenced from app_mw_ble_gap.o(i.sd_ble_gap_sec_params_reply)
 <LI><a href="#[78]">gattc_context_apply</a> from device_manager_peripheral.o(i.gattc_context_apply) referenced from device_manager_peripheral.o(.constdata)
 <LI><a href="#[74]">gattc_context_load</a> from device_manager_peripheral.o(i.gattc_context_load) referenced from device_manager_peripheral.o(.constdata)
 <LI><a href="#[70]">gattc_context_store</a> from device_manager_peripheral.o(i.gattc_context_store) referenced from device_manager_peripheral.o(.constdata)
 <LI><a href="#[57]">gatts_characteristic_add_rsp_dec</a> from app_mw_ble_gatts.o(i.gatts_characteristic_add_rsp_dec) referenced from app_mw_ble_gatts.o(i.sd_ble_gatts_characteristic_add)
 <LI><a href="#[77]">gatts_context_apply</a> from device_manager_peripheral.o(i.gatts_context_apply) referenced from device_manager_peripheral.o(.constdata)
 <LI><a href="#[73]">gatts_context_load</a> from device_manager_peripheral.o(i.gatts_context_load) referenced from device_manager_peripheral.o(.constdata)
 <LI><a href="#[6f]">gatts_context_store</a> from device_manager_peripheral.o(i.gatts_context_store) referenced from device_manager_peripheral.o(.constdata)
 <LI><a href="#[58]">gatts_descriptor_add_rsp_dec</a> from app_mw_ble_gatts.o(i.gatts_descriptor_add_rsp_dec) referenced from app_mw_ble_gatts.o(i.sd_ble_gatts_descriptor_add)
 <LI><a href="#[59]">gatts_hvx_rsp_dec</a> from app_mw_ble_gatts.o(i.gatts_hvx_rsp_dec) referenced from app_mw_ble_gatts.o(i.sd_ble_gatts_hvx)
 <LI><a href="#[5a]">gatts_service_add_rsp_dec</a> from app_mw_ble_gatts.o(i.gatts_service_add_rsp_dec) referenced from app_mw_ble_gatts.o(i.sd_ble_gatts_service_add)
 <LI><a href="#[5b]">gatts_service_changed_rsp_dec</a> from app_mw_ble_gatts.o(i.gatts_service_changed_rsp_dec) referenced from app_mw_ble_gatts.o(i.sd_ble_gatts_service_changed)
 <LI><a href="#[5c]">gatts_sys_attr_get_rsp_dec</a> from app_mw_ble_gatts.o(i.gatts_sys_attr_get_rsp_dec) referenced from app_mw_ble_gatts.o(i.sd_ble_gatts_sys_attr_get)
 <LI><a href="#[5d]">gatts_sys_attr_set_rsp_dec</a> from app_mw_ble_gatts.o(i.gatts_sys_attr_set_rsp_dec) referenced from app_mw_ble_gatts.o(i.sd_ble_gatts_sys_attr_set)
 <LI><a href="#[5e]">gatts_value_set_rsp_dec</a> from app_mw_ble_gatts.o(i.gatts_value_set_rsp_dec) referenced from app_mw_ble_gatts.o(i.sd_ble_gatts_value_set)
 <LI><a href="#[79]">gattsc_context_apply</a> from device_manager_peripheral.o(i.gattsc_context_apply) referenced from device_manager_peripheral.o(.constdata)
 <LI><a href="#[75]">gattsc_context_load</a> from device_manager_peripheral.o(i.gattsc_context_load) referenced from device_manager_peripheral.o(.constdata)
 <LI><a href="#[71]">gattsc_context_store</a> from device_manager_peripheral.o(i.gattsc_context_store) referenced from device_manager_peripheral.o(.constdata)
 <LI><a href="#[22]">gpiote_event_handler</a> from app_button.o(i.gpiote_event_handler) referenced from app_button.o(i.app_button_init)
 <LI><a href="#[6a]">heart_rate_meas_timeout_handler</a> from main.o(i.heart_rate_meas_timeout_handler) referenced from main.o(i.timers_init)
 <LI><a href="#[3d]">leds_timer_handler</a> from bsp.o(i.leds_timer_handler) referenced from bsp.o(i.bsp_init)
 <LI><a href="#[1f]">main</a> from main.o(i.main) referenced from entry9a.o(.ARM.Collect$$$$0000000B)
 <LI><a href="#[76]">no_service_context_apply</a> from device_manager_peripheral.o(i.no_service_context_apply) referenced from device_manager_peripheral.o(.constdata)
 <LI><a href="#[72]">no_service_context_load</a> from device_manager_peripheral.o(i.no_service_context_load) referenced from device_manager_peripheral.o(.constdata)
 <LI><a href="#[6e]">no_service_context_store</a> from device_manager_peripheral.o(i.no_service_context_store) referenced from device_manager_peripheral.o(.constdata)
 <LI><a href="#[45]">on_adv_evt</a> from main.o(i.on_adv_evt) referenced from main.o(i.main)
 <LI><a href="#[46]">on_conn_params_evt</a> from main.o(i.on_conn_params_evt) referenced from main.o(i.main)
 <LI><a href="#[60]">os_rsp_set_handler</a> from ser_softdevice_handler.o(i.os_rsp_set_handler) referenced from ser_softdevice_handler.o(i.sd_softdevice_enable)
 <LI><a href="#[63]">phy_events_handler</a> from ser_hal_transport.o(i.phy_events_handler) referenced from ser_hal_transport.o(i.ser_hal_transport_open)
 <LI><a href="#[41]">pstorage_store</a> from pstorage_nosd.o(i.pstorage_store) referenced from device_manager_peripheral.o(i.device_context_store)
 <LI><a href="#[41]">pstorage_store</a> from pstorage_nosd.o(i.pstorage_store) referenced from device_manager_peripheral.o(i.gatts_context_store)
 <LI><a href="#[40]">pstorage_update</a> from pstorage_nosd.o(i.pstorage_update) referenced from device_manager_peripheral.o(i.device_context_store)
 <LI><a href="#[40]">pstorage_update</a> from pstorage_nosd.o(i.pstorage_update) referenced from device_manager_peripheral.o(i.gatts_context_store)
 <LI><a href="#[6b]">rr_interval_timeout_handler</a> from main.o(i.rr_interval_timeout_handler) referenced from main.o(i.timers_init)
 <LI><a href="#[6c]">sensor_contact_detected_timeout_handler</a> from main.o(i.sensor_contact_detected_timeout_handler) referenced from main.o(i.timers_init)
 <LI><a href="#[34]">ser_ble_gatts_char_pf_enc</a> from ble_gatts_struct_serialization.o(i.ser_ble_gatts_char_pf_enc) referenced from ble_gatts_struct_serialization.o(i.ble_gatts_char_md_enc)
 <LI><a href="#[66]">ser_phy_spi_master_event_handler</a> from ser_phy_nrf51_nrf_drv_spi.o(i.ser_phy_spi_master_event_handler) referenced from ser_phy_nrf51_nrf_drv_spi.o(i.ser_phy_open)
 <LI><a href="#[65]">ser_phy_spi_master_ready</a> from ser_phy_nrf51_nrf_drv_spi.o(i.ser_phy_spi_master_ready) referenced from ser_phy_nrf51_nrf_drv_spi.o(i.ser_phy_init_gpiote)
 <LI><a href="#[64]">ser_phy_spi_master_request</a> from ser_phy_nrf51_nrf_drv_spi.o(i.ser_phy_spi_master_request) referenced from ser_phy_nrf51_nrf_drv_spi.o(i.ser_phy_init_gpiote)
 <LI><a href="#[61]">ser_sd_rsp_wait</a> from ser_softdevice_handler.o(i.ser_sd_rsp_wait) referenced from ser_softdevice_handler.o(i.sd_softdevice_enable)
 <LI><a href="#[67]">ser_sd_transport_hal_handler</a> from ser_sd_transport.o(i.ser_sd_transport_hal_handler) referenced from ser_sd_transport.o(i.ser_sd_transport_open)
 <LI><a href="#[62]">ser_softdevice_evt_handler</a> from ser_softdevice_handler.o(i.ser_softdevice_evt_handler) referenced from ser_softdevice_handler.o(i.sd_softdevice_enable)
 <LI><a href="#[68]">softdevice_assertion_handler</a> from softdevice_handler.o(i.softdevice_assertion_handler) referenced from softdevice_handler.o(i.softdevice_handler_init)
 <LI><a href="#[3f]">storage_operation_dummy_handler</a> from device_manager_peripheral.o(i.storage_operation_dummy_handler) referenced from device_manager_peripheral.o(i.device_context_store)
 <LI><a href="#[3b]">sys_evt_dispatch</a> from main.o(i.sys_evt_dispatch) referenced from main.o(i.ble_stack_init)
 <LI><a href="#[38]">uint16_t_dec</a> from ble_serialization.o(i.uint16_t_dec) referenced from ble_gatts_hvx.o(i.ble_gatts_hvx_rsp_dec)
 <LI><a href="#[24]">update_timeout_handler</a> from ble_conn_params.o(i.update_timeout_handler) referenced from ble_conn_params.o(i.ble_conn_params_init)
 <LI><a href="#[5f]">uuid_encode_rsp_dec</a> from app_mw_ble.o(i.uuid_encode_rsp_dec) referenced from app_mw_ble.o(i.sd_ble_uuid_encode)
</UL>
<P>
<H3>
Global Symbols
</H3>
<P><STRONG><a name="[21]"></a>__main</STRONG> (Thumb, 0 bytes, Stack size unknown bytes, entry.o(.ARM.Collect$$$$00000000))
<BR>[Address Reference Count : 1]<UL><LI> arm_startup_nrf51.o(.text)
</UL>
<P><STRONG><a name="[1fb]"></a>_main_stk</STRONG> (Thumb, 0 bytes, Stack size unknown bytes, entry2.o(.ARM.Collect$$$$00000001))

<P><STRONG><a name="[7a]"></a>_main_scatterload</STRONG> (Thumb, 0 bytes, Stack size unknown bytes, entry5.o(.ARM.Collect$$$$00000004))
<BR><BR>[Calls]<UL><LI><a href="#[7b]">&gt;&gt;</a>&nbsp;&nbsp;&nbsp;__scatterload
</UL>

<P><STRONG><a name="[81]"></a>__main_after_scatterload</STRONG> (Thumb, 0 bytes, Stack size unknown bytes, entry5.o(.ARM.Collect$$$$00000004))
<BR><BR>[Called By]<UL><LI><a href="#[7b]">&gt;&gt;</a>&nbsp;&nbsp;&nbsp;__scatterload
</UL>

<P><STRONG><a name="[1fc]"></a>_main_clock</STRONG> (Thumb, 0 bytes, Stack size unknown bytes, entry7b.o(.ARM.Collect$$$$00000008))

<P><STRONG><a name="[1fd]"></a>_main_cpp_init</STRONG> (Thumb, 0 bytes, Stack size unknown bytes, entry8b.o(.ARM.Collect$$$$0000000A))

<P><STRONG><a name="[1fe]"></a>_main_init</STRONG> (Thumb, 0 bytes, Stack size unknown bytes, entry9a.o(.ARM.Collect$$$$0000000B))

<P><STRONG><a name="[1ff]"></a>__rt_final_cpp</STRONG> (Thumb, 0 bytes, Stack size unknown bytes, entry10a.o(.ARM.Collect$$$$0000000D))

<P><STRONG><a name="[200]"></a>__rt_final_exit</STRONG> (Thumb, 0 bytes, Stack size unknown bytes, entry11a.o(.ARM.Collect$$$$0000000F))

<P><STRONG><a name="[7c]"></a>__asm___11_nrf_delay_c_532987f3__nrf_delay_us</STRONG> (Thumb, 30 bytes, Stack size 0 bytes, nrf_delay.o(.emb_text))
<BR><BR>[Calls]<UL><LI><a href="#[7c]">&gt;&gt;</a>&nbsp;&nbsp;&nbsp;__asm___11_nrf_delay_c_532987f3__nrf_delay_us
</UL>
<BR>[Called By]<UL><LI><a href="#[1b0]">&gt;&gt;</a>&nbsp;&nbsp;&nbsp;nrf_delay_ms
<LI><a href="#[7c]">&gt;&gt;</a>&nbsp;&nbsp;&nbsp;__asm___11_nrf_delay_c_532987f3__nrf_delay_us
</UL>

<P><STRONG><a name="[7d]"></a>__asm___11_app_timer_c_cd27f9c3__nrf_delay_us</STRONG> (Thumb, 30 bytes, Stack size 0 bytes, app_timer.o(.emb_text))
<BR><BR>[Calls]<UL><LI><a href="#[7d]">&gt;&gt;</a>&nbsp;&nbsp;&nbsp;__asm___11_app_timer_c_cd27f9c3__nrf_delay_us
</UL>
<BR>[Called By]<UL><LI><a href="#[7d]">&gt;&gt;</a>&nbsp;&nbsp;&nbsp;__asm___11_app_timer_c_cd27f9c3__nrf_delay_us
<LI><a href="#[af]">&gt;&gt;</a>&nbsp;&nbsp;&nbsp;rtc1_stop
<LI><a href="#[185]">&gt;&gt;</a>&nbsp;&nbsp;&nbsp;compare_reg_update
</UL>

<P><STRONG><a name="[0]"></a>Reset_Handler</STRONG> (Thumb, 26 bytes, Stack size 0 bytes, arm_startup_nrf51.o(.text))
<BR>[Address Reference Count : 1]<UL><LI> arm_startup_nrf51.o(RESET)
</UL>
<P><STRONG><a name="[1]"></a>NMI_Handler</STRONG> (Thumb, 2 bytes, Stack size 0 bytes, arm_startup_nrf51.o(.text))
<BR><BR>[Calls]<UL><LI><a href="#[1]">&gt;&gt;</a>&nbsp;&nbsp;&nbsp;NMI_Handler
</UL>
<BR>[Called By]<UL><LI><a href="#[1]">&gt;&gt;</a>&nbsp;&nbsp;&nbsp;NMI_Handler
</UL>
<BR>[Address Reference Count : 1]<UL><LI> arm_startup_nrf51.o(RESET)
</UL>
<P><STRONG><a name="[2]"></a>HardFault_Handler</STRONG> (Thumb, 2 bytes, Stack size 0 bytes, arm_startup_nrf51.o(.text))
<BR><BR>[Calls]<UL><LI><a href="#[2]">&gt;&gt;</a>&nbsp;&nbsp;&nbsp;HardFault_Handler
</UL>
<BR>[Called By]<UL><LI><a href="#[2]">&gt;&gt;</a>&nbsp;&nbsp;&nbsp;HardFault_Handler
</UL>
<BR>[Address Reference Count : 1]<UL><LI> arm_startup_nrf51.o(RESET)
</UL>
<P><STRONG><a name="[3]"></a>SVC_Handler</STRONG> (Thumb, 2 bytes, Stack size 0 bytes, arm_startup_nrf51.o(.text))
<BR><BR>[Calls]<UL><LI><a href="#[3]">&gt;&gt;</a>&nbsp;&nbsp;&nbsp;SVC_Handler
</UL>
<BR>[Called By]<UL><LI><a href="#[3]">&gt;&gt;</a>&nbsp;&nbsp;&nbsp;SVC_Handler
</UL>
<BR>[Address Reference Count : 1]<UL><LI> arm_startup_nrf51.o(RESET)
</UL>
<P><STRONG><a name="[4]"></a>PendSV_Handler</STRONG> (Thumb, 2 bytes, Stack size 0 bytes, arm_startup_nrf51.o(.text))
<BR><BR>[Calls]<UL><LI><a href="#[4]">&gt;&gt;</a>&nbsp;&nbsp;&nbsp;PendSV_Handler
</UL>
<BR>[Called By]<UL><LI><a href="#[4]">&gt;&gt;</a>&nbsp;&nbsp;&nbsp;PendSV_Handler
</UL>
<BR>[Address Reference Count : 1]<UL><LI> arm_startup_nrf51.o(RESET)
</UL>
<P><STRONG><a name="[5]"></a>SysTick_Handler</STRONG> (Thumb, 2 bytes, Stack size 0 bytes, arm_startup_nrf51.o(.text))
<BR><BR>[Calls]<UL><LI><a href="#[5]">&gt;&gt;</a>&nbsp;&nbsp;&nbsp;SysTick_Handler
</UL>
<BR>[Called By]<UL><LI><a href="#[5]">&gt;&gt;</a>&nbsp;&nbsp;&nbsp;SysTick_Handler
</UL>
<BR>[Address Reference Count : 1]<UL><LI> arm_startup_nrf51.o(RESET)
</UL>
<P><STRONG><a name="[c]"></a>ADC_IRQHandler</STRONG> (Thumb, 0 bytes, Stack size 0 bytes, arm_startup_nrf51.o(.text))
<BR><BR>[Calls]<UL><LI><a href="#[c]">&gt;&gt;</a>&nbsp;&nbsp;&nbsp;ADC_IRQHandler
</UL>
<BR>[Called By]<UL><LI><a href="#[c]">&gt;&gt;</a>&nbsp;&nbsp;&nbsp;ADC_IRQHandler
</UL>
<BR>[Address Reference Count : 1]<UL><LI> arm_startup_nrf51.o(RESET)
</UL>
<P><STRONG><a name="[14]"></a>CCM_AAR_IRQHandler</STRONG> (Thumb, 0 bytes, Stack size 0 bytes, arm_startup_nrf51.o(.text))
<BR>[Address Reference Count : 1]<UL><LI> arm_startup_nrf51.o(RESET)
</UL>
<P><STRONG><a name="[13]"></a>ECB_IRQHandler</STRONG> (Thumb, 0 bytes, Stack size 0 bytes, arm_startup_nrf51.o(.text))
<BR>[Address Reference Count : 1]<UL><LI> arm_startup_nrf51.o(RESET)
</UL>
<P><STRONG><a name="[18]"></a>LPCOMP_IRQHandler</STRONG> (Thumb, 0 bytes, Stack size 0 bytes, arm_startup_nrf51.o(.text))
<BR>[Address Reference Count : 1]<UL><LI> arm_startup_nrf51.o(RESET)
</UL>
<P><STRONG><a name="[6]"></a>POWER_CLOCK_IRQHandler</STRONG> (Thumb, 0 bytes, Stack size 0 bytes, arm_startup_nrf51.o(.text))
<BR>[Address Reference Count : 1]<UL><LI> arm_startup_nrf51.o(RESET)
</UL>
<P><STRONG><a name="[17]"></a>QDEC_IRQHandler</STRONG> (Thumb, 0 bytes, Stack size 0 bytes, arm_startup_nrf51.o(.text))
<BR>[Address Reference Count : 1]<UL><LI> arm_startup_nrf51.o(RESET)
</UL>
<P><STRONG><a name="[7]"></a>RADIO_IRQHandler</STRONG> (Thumb, 0 bytes, Stack size 0 bytes, arm_startup_nrf51.o(.text))
<BR>[Address Reference Count : 1]<UL><LI> arm_startup_nrf51.o(RESET)
</UL>
<P><STRONG><a name="[12]"></a>RNG_IRQHandler</STRONG> (Thumb, 0 bytes, Stack size 0 bytes, arm_startup_nrf51.o(.text))
<BR>[Address Reference Count : 1]<UL><LI> arm_startup_nrf51.o(RESET)
</UL>
<P><STRONG><a name="[10]"></a>RTC0_IRQHandler</STRONG> (Thumb, 0 bytes, Stack size 0 bytes, arm_startup_nrf51.o(.text))
<BR>[Address Reference Count : 1]<UL><LI> arm_startup_nrf51.o(RESET)
</UL>
<P><STRONG><a name="[a]"></a>SPI1_TWI1_IRQHandler</STRONG> (Thumb, 0 bytes, Stack size 0 bytes, arm_startup_nrf51.o(.text))
<BR>[Address Reference Count : 1]<UL><LI> arm_startup_nrf51.o(RESET)
</UL>
<P><STRONG><a name="[1a]"></a>SWI1_IRQHandler</STRONG> (Thumb, 0 bytes, Stack size 0 bytes, arm_startup_nrf51.o(.text))
<BR>[Address Reference Count : 1]<UL><LI> arm_startup_nrf51.o(RESET)
</UL>
<P><STRONG><a name="[1d]"></a>SWI4_IRQHandler</STRONG> (Thumb, 0 bytes, Stack size 0 bytes, arm_startup_nrf51.o(.text))
<BR>[Address Reference Count : 1]<UL><LI> arm_startup_nrf51.o(RESET)
</UL>
<P><STRONG><a name="[1e]"></a>SWI5_IRQHandler</STRONG> (Thumb, 0 bytes, Stack size 0 bytes, arm_startup_nrf51.o(.text))
<BR>[Address Reference Count : 1]<UL><LI> arm_startup_nrf51.o(RESET)
</UL>
<P><STRONG><a name="[11]"></a>TEMP_IRQHandler</STRONG> (Thumb, 0 bytes, Stack size 0 bytes, arm_startup_nrf51.o(.text))
<BR>[Address Reference Count : 1]<UL><LI> arm_startup_nrf51.o(RESET)
</UL>
<P><STRONG><a name="[d]"></a>TIMER0_IRQHandler</STRONG> (Thumb, 0 bytes, Stack size 0 bytes, arm_startup_nrf51.o(.text))
<BR>[Address Reference Count : 1]<UL><LI> arm_startup_nrf51.o(RESET)
</UL>
<P><STRONG><a name="[e]"></a>TIMER1_IRQHandler</STRONG> (Thumb, 0 bytes, Stack size 0 bytes, arm_startup_nrf51.o(.text))
<BR>[Address Reference Count : 1]<UL><LI> arm_startup_nrf51.o(RESET)
</UL>
<P><STRONG><a name="[f]"></a>TIMER2_IRQHandler</STRONG> (Thumb, 0 bytes, Stack size 0 bytes, arm_startup_nrf51.o(.text))
<BR>[Address Reference Count : 1]<UL><LI> arm_startup_nrf51.o(RESET)
</UL>
<P><STRONG><a name="[15]"></a>WDT_IRQHandler</STRONG> (Thumb, 0 bytes, Stack size 0 bytes, arm_startup_nrf51.o(.text))
<BR>[Address Reference Count : 1]<UL><LI> arm_startup_nrf51.o(RESET)
</UL>
<P><STRONG><a name="[201]"></a>__aeabi_uidiv</STRONG> (Thumb, 0 bytes, Stack size 12 bytes, uidiv.o(.text), UNUSED)

<P><STRONG><a name="[184]"></a>__aeabi_uidivmod</STRONG> (Thumb, 44 bytes, Stack size 12 bytes, uidiv.o(.text))
<BR><BR>[Stack]<UL><LI>Max Depth = 12<LI>Call Chain = __aeabi_uidivmod
</UL>
<BR>[Called By]<UL><LI><a href="#[182]">&gt;&gt;</a>&nbsp;&nbsp;&nbsp;bsp_led_indication
<LI><a href="#[6a]">&gt;&gt;</a>&nbsp;&nbsp;&nbsp;heart_rate_meas_timeout_handler
<LI><a href="#[40]">&gt;&gt;</a>&nbsp;&nbsp;&nbsp;pstorage_update
<LI><a href="#[18e]">&gt;&gt;</a>&nbsp;&nbsp;&nbsp;pstorage_clear
<LI><a href="#[43]">&gt;&gt;</a>&nbsp;&nbsp;&nbsp;dm_pstorage_cb_handler
<LI><a href="#[1be]">&gt;&gt;</a>&nbsp;&nbsp;&nbsp;pstorage_flash_page_end
</UL>

<P><STRONG><a name="[202]"></a>___aeabi_memcpy8$move</STRONG> (Thumb, 0 bytes, Stack size 8 bytes, memmovea.o(.text), UNUSED)

<P><STRONG><a name="[ac]"></a>__aeabi_memcpy</STRONG> (Thumb, 64 bytes, Stack size 8 bytes, memmovea.o(.text))
<BR><BR>[Stack]<UL><LI>Max Depth = 8<LI>Call Chain = __aeabi_memcpy
</UL>
<BR>[Called By]<UL><LI><a href="#[9b]">&gt;&gt;</a>&nbsp;&nbsp;&nbsp;service_data_encode
<LI><a href="#[9a]">&gt;&gt;</a>&nbsp;&nbsp;&nbsp;manuf_specific_data_encode
<LI><a href="#[95]">&gt;&gt;</a>&nbsp;&nbsp;&nbsp;ble_device_addr_encode
<LI><a href="#[193]">&gt;&gt;</a>&nbsp;&nbsp;&nbsp;dm_register
<LI><a href="#[104]">&gt;&gt;</a>&nbsp;&nbsp;&nbsp;dm_ble_evt_handler
<LI><a href="#[d3]">&gt;&gt;</a>&nbsp;&nbsp;&nbsp;ble_conn_params_on_ble_evt
<LI><a href="#[d0]">&gt;&gt;</a>&nbsp;&nbsp;&nbsp;ble_conn_params_init
<LI><a href="#[17b]">&gt;&gt;</a>&nbsp;&nbsp;&nbsp;pstorage_load
<LI><a href="#[18a]">&gt;&gt;</a>&nbsp;&nbsp;&nbsp;device_instance_allocate
<LI><a href="#[a9]">&gt;&gt;</a>&nbsp;&nbsp;&nbsp;app_mailbox_sized_put
<LI><a href="#[a7]">&gt;&gt;</a>&nbsp;&nbsp;&nbsp;app_mailbox_sized_get
<LI><a href="#[140]">&gt;&gt;</a>&nbsp;&nbsp;&nbsp;ble_gap_sec_info_reply_req_enc
<LI><a href="#[128]">&gt;&gt;</a>&nbsp;&nbsp;&nbsp;ble_gap_device_name_set_req_enc
<LI><a href="#[113]">&gt;&gt;</a>&nbsp;&nbsp;&nbsp;ble_gap_address_get_rsp_dec
<LI><a href="#[178]">&gt;&gt;</a>&nbsp;&nbsp;&nbsp;ble_uuid_encode_rsp_dec
<LI><a href="#[12f]">&gt;&gt;</a>&nbsp;&nbsp;&nbsp;uint8_vector_dec
<LI><a href="#[112]">&gt;&gt;</a>&nbsp;&nbsp;&nbsp;ble_gap_addr_dec
<LI><a href="#[167]">&gt;&gt;</a>&nbsp;&nbsp;&nbsp;buf_enc
<LI><a href="#[26]">&gt;&gt;</a>&nbsp;&nbsp;&nbsp;ble_gap_addr_enc
<LI><a href="#[f8]">&gt;&gt;</a>&nbsp;&nbsp;&nbsp;ble_gattc_evt_write_rsp_dec
<LI><a href="#[f5]">&gt;&gt;</a>&nbsp;&nbsp;&nbsp;ble_gattc_evt_read_rsp_dec
<LI><a href="#[f6]">&gt;&gt;</a>&nbsp;&nbsp;&nbsp;ble_gattc_evt_hvx_dec
<LI><a href="#[e4]">&gt;&gt;</a>&nbsp;&nbsp;&nbsp;ble_gap_evt_passkey_display_dec
<LI><a href="#[161]">&gt;&gt;</a>&nbsp;&nbsp;&nbsp;ble_gatts_sys_attr_set_req_enc
<LI><a href="#[160]">&gt;&gt;</a>&nbsp;&nbsp;&nbsp;ble_gatts_sys_attr_get_rsp_dec
<LI><a href="#[159]">&gt;&gt;</a>&nbsp;&nbsp;&nbsp;ble_gatts_hvx_req_enc
<LI><a href="#[149]">&gt;&gt;</a>&nbsp;&nbsp;&nbsp;ble_gattc_evt_char_vals_read_rsp_t_dec
<LI><a href="#[148]">&gt;&gt;</a>&nbsp;&nbsp;&nbsp;ble_gattc_evt_char_val_by_uuid_read_rsp_t_dec
<LI><a href="#[166]">&gt;&gt;</a>&nbsp;&nbsp;&nbsp;buf_dec
<LI><a href="#[2e]">&gt;&gt;</a>&nbsp;&nbsp;&nbsp;ble_gap_sign_info_enc
<LI><a href="#[2b]">&gt;&gt;</a>&nbsp;&nbsp;&nbsp;ble_gap_sign_info_dec
<LI><a href="#[12e]">&gt;&gt;</a>&nbsp;&nbsp;&nbsp;ble_gap_master_id_t_enc
<LI><a href="#[12d]">&gt;&gt;</a>&nbsp;&nbsp;&nbsp;ble_gap_master_id_t_dec
<LI><a href="#[13b]">&gt;&gt;</a>&nbsp;&nbsp;&nbsp;ble_gap_irk_dec
<LI><a href="#[12c]">&gt;&gt;</a>&nbsp;&nbsp;&nbsp;ble_gap_enc_info_enc
<LI><a href="#[12b]">&gt;&gt;</a>&nbsp;&nbsp;&nbsp;ble_gap_enc_info_dec
<LI><a href="#[28]">&gt;&gt;</a>&nbsp;&nbsp;&nbsp;ble_gap_irk_enc
<LI><a href="#[16f]">&gt;&gt;</a>&nbsp;&nbsp;&nbsp;ble_l2cap_evt_rx_t_dec
<LI><a href="#[156]">&gt;&gt;</a>&nbsp;&nbsp;&nbsp;ble_gatts_evt_read_t_dec
<LI><a href="#[158]">&gt;&gt;</a>&nbsp;&nbsp;&nbsp;ble_gatts_evt_write_t_dec
</UL>

<P><STRONG><a name="[c1]"></a>__aeabi_memcpy4</STRONG> (Thumb, 0 bytes, Stack size 8 bytes, memmovea.o(.text))
<BR><BR>[Stack]<UL><LI>Max Depth = 8<LI>Call Chain = __aeabi_memcpy4
</UL>
<BR>[Called By]<UL><LI><a href="#[d0]">&gt;&gt;</a>&nbsp;&nbsp;&nbsp;ble_conn_params_init
<LI><a href="#[c0]">&gt;&gt;</a>&nbsp;&nbsp;&nbsp;ble_advertising_init
<LI><a href="#[197]">&gt;&gt;</a>&nbsp;&nbsp;&nbsp;sd_ble_gap_sec_params_reply
<LI><a href="#[6f]">&gt;&gt;</a>&nbsp;&nbsp;&nbsp;gatts_context_store
</UL>

<P><STRONG><a name="[16e]"></a>__aeabi_memmove</STRONG> (Thumb, 0 bytes, Stack size 8 bytes, memmovea.o(.text))
<BR><BR>[Stack]<UL><LI>Max Depth = 8<LI>Call Chain = __aeabi_memmove
</UL>
<BR>[Called By]<UL><LI><a href="#[16d]">&gt;&gt;</a>&nbsp;&nbsp;&nbsp;ble_hrs_rr_interval_add
<LI><a href="#[169]">&gt;&gt;</a>&nbsp;&nbsp;&nbsp;hrm_encode
</UL>

<P><STRONG><a name="[203]"></a>__aeabi_memmove4</STRONG> (Thumb, 0 bytes, Stack size 8 bytes, memmovea.o(.text), UNUSED)

<P><STRONG><a name="[204]"></a>__aeabi_memmove8</STRONG> (Thumb, 0 bytes, Stack size 8 bytes, memmovea.o(.text), UNUSED)

<P><STRONG><a name="[7f]"></a>__aeabi_memset</STRONG> (Thumb, 14 bytes, Stack size 0 bytes, memseta.o(.text))
<BR><BR>[Called By]<UL><LI><a href="#[80]">&gt;&gt;</a>&nbsp;&nbsp;&nbsp;_memset$wrapper
<LI><a href="#[7e]">&gt;&gt;</a>&nbsp;&nbsp;&nbsp;__aeabi_memclr
</UL>

<P><STRONG><a name="[205]"></a>__aeabi_memset4</STRONG> (Thumb, 0 bytes, Stack size 0 bytes, memseta.o(.text), UNUSED)

<P><STRONG><a name="[206]"></a>__aeabi_memset8</STRONG> (Thumb, 0 bytes, Stack size 0 bytes, memseta.o(.text), UNUSED)

<P><STRONG><a name="[7e]"></a>__aeabi_memclr</STRONG> (Thumb, 4 bytes, Stack size 0 bytes, memseta.o(.text))
<BR><BR>[Calls]<UL><LI><a href="#[7f]">&gt;&gt;</a>&nbsp;&nbsp;&nbsp;__aeabi_memset
</UL>
<BR>[Called By]<UL><LI><a href="#[190]">&gt;&gt;</a>&nbsp;&nbsp;&nbsp;device_manager_init
<LI><a href="#[18f]">&gt;&gt;</a>&nbsp;&nbsp;&nbsp;peer_instance_init
<LI><a href="#[187]">&gt;&gt;</a>&nbsp;&nbsp;&nbsp;connection_instance_init
</UL>

<P><STRONG><a name="[b8]"></a>__aeabi_memclr4</STRONG> (Thumb, 0 bytes, Stack size 0 bytes, memseta.o(.text))
<BR><BR>[Called By]<UL><LI><a href="#[b7]">&gt;&gt;</a>&nbsp;&nbsp;&nbsp;battery_level_char_add
<LI><a href="#[c2]">&gt;&gt;</a>&nbsp;&nbsp;&nbsp;ble_advertising_peer_address_clear
<LI><a href="#[192]">&gt;&gt;</a>&nbsp;&nbsp;&nbsp;dm_init
<LI><a href="#[104]">&gt;&gt;</a>&nbsp;&nbsp;&nbsp;dm_ble_evt_handler
<LI><a href="#[c4]">&gt;&gt;</a>&nbsp;&nbsp;&nbsp;ble_advertising_start
<LI><a href="#[c0]">&gt;&gt;</a>&nbsp;&nbsp;&nbsp;ble_advertising_init
<LI><a href="#[1f]">&gt;&gt;</a>&nbsp;&nbsp;&nbsp;main
<LI><a href="#[1ad]">&gt;&gt;</a>&nbsp;&nbsp;&nbsp;services_init
<LI><a href="#[6f]">&gt;&gt;</a>&nbsp;&nbsp;&nbsp;gatts_context_store
<LI><a href="#[43]">&gt;&gt;</a>&nbsp;&nbsp;&nbsp;dm_pstorage_cb_handler
<LI><a href="#[16b]">&gt;&gt;</a>&nbsp;&nbsp;&nbsp;heart_rate_measurement_char_add
<LI><a href="#[16c]">&gt;&gt;</a>&nbsp;&nbsp;&nbsp;body_sensor_location_char_add
<LI><a href="#[d7]">&gt;&gt;</a>&nbsp;&nbsp;&nbsp;char_add
</UL>

<P><STRONG><a name="[207]"></a>__aeabi_memclr8</STRONG> (Thumb, 0 bytes, Stack size 0 bytes, memseta.o(.text), UNUSED)

<P><STRONG><a name="[80]"></a>_memset$wrapper</STRONG> (Thumb, 18 bytes, Stack size 8 bytes, memseta.o(.text), UNUSED)
<BR><BR>[Calls]<UL><LI><a href="#[7f]">&gt;&gt;</a>&nbsp;&nbsp;&nbsp;__aeabi_memset
</UL>

<P><STRONG><a name="[172]"></a>strlen</STRONG> (Thumb, 14 bytes, Stack size 0 bytes, strlen.o(.text))
<BR><BR>[Called By]<UL><LI><a href="#[171]">&gt;&gt;</a>&nbsp;&nbsp;&nbsp;ble_srv_ascii_to_utf8
</UL>

<P><STRONG><a name="[18c]"></a>memcmp</STRONG> (Thumb, 26 bytes, Stack size 12 bytes, memcmp.o(.text))
<BR><BR>[Stack]<UL><LI>Max Depth = 12<LI>Call Chain = memcmp
</UL>
<BR>[Called By]<UL><LI><a href="#[6f]">&gt;&gt;</a>&nbsp;&nbsp;&nbsp;gatts_context_store
<LI><a href="#[43]">&gt;&gt;</a>&nbsp;&nbsp;&nbsp;dm_pstorage_cb_handler
<LI><a href="#[18b]">&gt;&gt;</a>&nbsp;&nbsp;&nbsp;device_instance_find
</UL>

<P><STRONG><a name="[1f8]"></a>__aeabi_uread4</STRONG> (Thumb, 20 bytes, Stack size 0 bytes, uread4.o(.text))
<BR><BR>[Called By]<UL><LI><a href="#[1e0]">&gt;&gt;</a>&nbsp;&nbsp;&nbsp;uint32_decode
</UL>

<P><STRONG><a name="[208]"></a>__rt_uread4</STRONG> (Thumb, 0 bytes, Stack size 0 bytes, uread4.o(.text), UNUSED)

<P><STRONG><a name="[209]"></a>_uread4</STRONG> (Thumb, 0 bytes, Stack size 0 bytes, uread4.o(.text), UNUSED)

<P><STRONG><a name="[7b]"></a>__scatterload</STRONG> (Thumb, 28 bytes, Stack size 0 bytes, init.o(.text))
<BR><BR>[Calls]<UL><LI><a href="#[81]">&gt;&gt;</a>&nbsp;&nbsp;&nbsp;__main_after_scatterload
</UL>
<BR>[Called By]<UL><LI><a href="#[7a]">&gt;&gt;</a>&nbsp;&nbsp;&nbsp;_main_scatterload
</UL>

<P><STRONG><a name="[20a]"></a>__scatterload_rt2</STRONG> (Thumb, 0 bytes, Stack size 0 bytes, init.o(.text), UNUSED)

<P><STRONG><a name="[20b]"></a>__decompress</STRONG> (Thumb, 0 bytes, Stack size unknown bytes, __dczerorl.o(.text), UNUSED)

<P><STRONG><a name="[20c]"></a>__decompress0</STRONG> (Thumb, 58 bytes, Stack size unknown bytes, __dczerorl.o(.text), UNUSED)

<P><STRONG><a name="[b]"></a>GPIOTE_IRQHandler</STRONG> (Thumb, 234 bytes, Stack size 24 bytes, nrf_drv_gpiote.o(i.GPIOTE_IRQHandler))
<BR><BR>[Stack]<UL><LI>Max Depth = 24<LI>Call Chain = GPIOTE_IRQHandler
</UL>
<BR>[Calls]<UL><LI><a href="#[82]">&gt;&gt;</a>&nbsp;&nbsp;&nbsp;nrf_gpiote_event_is_set
<LI><a href="#[84]">&gt;&gt;</a>&nbsp;&nbsp;&nbsp;nrf_gpio_cfg_sense_set
<LI><a href="#[83]">&gt;&gt;</a>&nbsp;&nbsp;&nbsp;channel_port_get
</UL>
<BR>[Address Reference Count : 1]<UL><LI> arm_startup_nrf51.o(RESET)
</UL>
<P><STRONG><a name="[16]"></a>RTC1_IRQHandler</STRONG> (Thumb, 28 bytes, Stack size 8 bytes, app_timer.o(i.RTC1_IRQHandler))
<BR><BR>[Stack]<UL><LI>Max Depth = 32<LI>Call Chain = RTC1_IRQHandler &rArr; timer_timeouts_check
</UL>
<BR>[Calls]<UL><LI><a href="#[85]">&gt;&gt;</a>&nbsp;&nbsp;&nbsp;timer_timeouts_check
</UL>
<BR>[Address Reference Count : 1]<UL><LI> arm_startup_nrf51.o(RESET)
</UL>
<P><STRONG><a name="[9]"></a>SPI0_TWI0_IRQHandler</STRONG> (Thumb, 44 bytes, Stack size 16 bytes, nrf_drv_spi.o(i.SPI0_TWI0_IRQHandler))
<BR><BR>[Stack]<UL><LI>Max Depth = 32<LI>Call Chain = SPI0_TWI0_IRQHandler &rArr; transfer_byte
</UL>
<BR>[Calls]<UL><LI><a href="#[86]">&gt;&gt;</a>&nbsp;&nbsp;&nbsp;transfer_byte
<LI><a href="#[87]">&gt;&gt;</a>&nbsp;&nbsp;&nbsp;nrf_gpio_pin_set
</UL>
<BR>[Address Reference Count : 1]<UL><LI> arm_startup_nrf51.o(RESET)
</UL>
<P><STRONG><a name="[19]"></a>SWI0_IRQHandler</STRONG> (Thumb, 8 bytes, Stack size 8 bytes, app_timer.o(i.SWI0_IRQHandler))
<BR><BR>[Stack]<UL><LI>Max Depth = 80<LI>Call Chain = SWI0_IRQHandler &rArr; timer_list_handler &rArr; compare_reg_update &rArr; rtc1_stop
</UL>
<BR>[Calls]<UL><LI><a href="#[88]">&gt;&gt;</a>&nbsp;&nbsp;&nbsp;timer_list_handler
</UL>
<BR>[Address Reference Count : 1]<UL><LI> arm_startup_nrf51.o(RESET)
</UL>
<P><STRONG><a name="[1b]"></a>SWI2_IRQHandler</STRONG> (Thumb, 32 bytes, Stack size 8 bytes, softdevice_handler.o(i.SWI2_IRQHandler))
<BR><BR>[Stack]<UL><LI>Max Depth = 104<LI>Call Chain = SWI2_IRQHandler &rArr; intern_softdevice_events_execute &rArr; sd_ble_evt_get &rArr; app_mailbox_get &rArr; app_mailbox_sized_get &rArr; __aeabi_memcpy
</UL>
<BR>[Calls]<UL><LI><a href="#[89]">&gt;&gt;</a>&nbsp;&nbsp;&nbsp;app_error_handler
<LI><a href="#[8a]">&gt;&gt;</a>&nbsp;&nbsp;&nbsp;intern_softdevice_events_execute
</UL>
<BR>[Address Reference Count : 1]<UL><LI> arm_startup_nrf51.o(RESET)
</UL>
<P><STRONG><a name="[1c]"></a>SWI3_IRQHandler</STRONG> (Thumb, 78 bytes, Stack size 16 bytes, ser_phy_nrf51_nrf_drv_spi.o(i.SWI3_IRQHandler))
<BR><BR>[Stack]<UL><LI>Max Depth = 104<LI>Call Chain = SWI3_IRQHandler &rArr; ser_phy_switch_state &rArr; frame_send &rArr; nrf_drv_spi_transfer &rArr; transfer_byte
</UL>
<BR>[Calls]<UL><LI><a href="#[8b]">&gt;&gt;</a>&nbsp;&nbsp;&nbsp;ser_phy_switch_state
</UL>
<BR>[Address Reference Count : 1]<UL><LI> arm_startup_nrf51.o(RESET)
</UL>
<P><STRONG><a name="[20]"></a>SystemInit</STRONG> (Thumb, 64 bytes, Stack size 8 bytes, system_nrf51.o(i.SystemInit))
<BR><BR>[Stack]<UL><LI>Max Depth = 8<LI>Call Chain = SystemInit
</UL>
<BR>[Calls]<UL><LI><a href="#[8c]">&gt;&gt;</a>&nbsp;&nbsp;&nbsp;is_manual_peripheral_setup_needed
</UL>
<BR>[Address Reference Count : 1]<UL><LI> arm_startup_nrf51.o(.text)
</UL>
<P><STRONG><a name="[8]"></a>UART0_IRQHandler</STRONG> (Thumb, 244 bytes, Stack size 40 bytes, nrf_drv_uart.o(i.UART0_IRQHandler))
<BR><BR>[Stack]<UL><LI>Max Depth = 64<LI>Call Chain = UART0_IRQHandler &rArr; tx_done_event
</UL>
<BR>[Calls]<UL><LI><a href="#[92]">&gt;&gt;</a>&nbsp;&nbsp;&nbsp;tx_done_event
<LI><a href="#[91]">&gt;&gt;</a>&nbsp;&nbsp;&nbsp;tx_byte
<LI><a href="#[90]">&gt;&gt;</a>&nbsp;&nbsp;&nbsp;rx_done_event
<LI><a href="#[8f]">&gt;&gt;</a>&nbsp;&nbsp;&nbsp;rx_byte
<LI><a href="#[8d]">&gt;&gt;</a>&nbsp;&nbsp;&nbsp;nrf_uart_int_enable_check
<LI><a href="#[8e]">&gt;&gt;</a>&nbsp;&nbsp;&nbsp;nrf_uart_event_check
</UL>
<BR>[Address Reference Count : 1]<UL><LI> arm_startup_nrf51.o(RESET)
</UL>
<P><STRONG><a name="[e0]"></a>__ARM_common_switch8</STRONG> (Thumb, 26 bytes, Stack size 8 bytes, bsp.o(i.__ARM_common_switch8))
<BR><BR>[Stack]<UL><LI>Max Depth = 8<LI>Call Chain = __ARM_common_switch8
</UL>
<BR>[Called By]<UL><LI><a href="#[182]">&gt;&gt;</a>&nbsp;&nbsp;&nbsp;bsp_led_indication
<LI><a href="#[df]">&gt;&gt;</a>&nbsp;&nbsp;&nbsp;ble_event_dec
<LI><a href="#[8b]">&gt;&gt;</a>&nbsp;&nbsp;&nbsp;ser_phy_switch_state
<LI><a href="#[63]">&gt;&gt;</a>&nbsp;&nbsp;&nbsp;phy_events_handler
</UL>

<P><STRONG><a name="[20d]"></a>__scatterload_copy</STRONG> (Thumb, 14 bytes, Stack size unknown bytes, handlers.o(i.__scatterload_copy), UNUSED)

<P><STRONG><a name="[20e]"></a>__scatterload_null</STRONG> (Thumb, 2 bytes, Stack size unknown bytes, handlers.o(i.__scatterload_null), UNUSED)

<P><STRONG><a name="[20f]"></a>__scatterload_zeroinit</STRONG> (Thumb, 14 bytes, Stack size unknown bytes, handlers.o(i.__scatterload_zeroinit), UNUSED)

<P><STRONG><a name="[93]"></a>adv_data_encode</STRONG> (Thumb, 538 bytes, Stack size 48 bytes, ble_advdata.o(i.adv_data_encode))
<BR><BR>[Stack]<UL><LI>Max Depth = 232<LI>Call Chain = adv_data_encode &rArr; uuid_list_encode &rArr; uuid_list_sized_encode &rArr; sd_ble_uuid_encode &rArr; ser_sd_transport_cmd_write &rArr; ser_hal_transport_tx_pkt_send &rArr; ser_phy_tx_pkt_send
</UL>
<BR>[Calls]<UL><LI><a href="#[96]">&gt;&gt;</a>&nbsp;&nbsp;&nbsp;sd_ble_gap_appearance_get
<LI><a href="#[98]">&gt;&gt;</a>&nbsp;&nbsp;&nbsp;uuid_list_encode
<LI><a href="#[97]">&gt;&gt;</a>&nbsp;&nbsp;&nbsp;uint16_encode
<LI><a href="#[9b]">&gt;&gt;</a>&nbsp;&nbsp;&nbsp;service_data_encode
<LI><a href="#[9c]">&gt;&gt;</a>&nbsp;&nbsp;&nbsp;name_encode
<LI><a href="#[9a]">&gt;&gt;</a>&nbsp;&nbsp;&nbsp;manuf_specific_data_encode
<LI><a href="#[94]">&gt;&gt;</a>&nbsp;&nbsp;&nbsp;le_role_encode
<LI><a href="#[99]">&gt;&gt;</a>&nbsp;&nbsp;&nbsp;conn_int_encode
<LI><a href="#[95]">&gt;&gt;</a>&nbsp;&nbsp;&nbsp;ble_device_addr_encode
</UL>
<BR>[Called By]<UL><LI><a href="#[be]">&gt;&gt;</a>&nbsp;&nbsp;&nbsp;ble_advdata_set
</UL>

<P><STRONG><a name="[1cb]"></a>app_ble_gap_sec_context_create</STRONG> (Thumb, 50 bytes, Stack size 16 bytes, app_ble_gap_sec_keys.o(i.app_ble_gap_sec_context_create))
<BR><BR>[Stack]<UL><LI>Max Depth = 16<LI>Call Chain = app_ble_gap_sec_context_create
</UL>
<BR>[Called By]<UL><LI><a href="#[197]">&gt;&gt;</a>&nbsp;&nbsp;&nbsp;sd_ble_gap_sec_params_reply
</UL>

<P><STRONG><a name="[132]"></a>app_ble_gap_sec_context_destroy</STRONG> (Thumb, 40 bytes, Stack size 8 bytes, app_ble_gap_sec_keys.o(i.app_ble_gap_sec_context_destroy))
<BR><BR>[Stack]<UL><LI>Max Depth = 8<LI>Call Chain = app_ble_gap_sec_context_destroy
</UL>
<BR>[Called By]<UL><LI><a href="#[56]">&gt;&gt;</a>&nbsp;&nbsp;&nbsp;gap_sec_params_reply_rsp_dec
<LI><a href="#[ef]">&gt;&gt;</a>&nbsp;&nbsp;&nbsp;ble_gap_evt_auth_status_dec
</UL>

<P><STRONG><a name="[131]"></a>app_ble_gap_sec_context_find</STRONG> (Thumb, 42 bytes, Stack size 16 bytes, app_ble_gap_sec_keys.o(i.app_ble_gap_sec_context_find))
<BR><BR>[Stack]<UL><LI>Max Depth = 16<LI>Call Chain = app_ble_gap_sec_context_find
</UL>
<BR>[Called By]<UL><LI><a href="#[ef]">&gt;&gt;</a>&nbsp;&nbsp;&nbsp;ble_gap_evt_auth_status_dec
</UL>

<P><STRONG><a name="[10d]"></a>app_ble_user_mem_context_destroy</STRONG> (Thumb, 22 bytes, Stack size 8 bytes, app_ble_user_mem.o(i.app_ble_user_mem_context_destroy))
<BR><BR>[Stack]<UL><LI>Max Depth = 8<LI>Call Chain = app_ble_user_mem_context_destroy
</UL>
<BR>[Called By]<UL><LI><a href="#[e3]">&gt;&gt;</a>&nbsp;&nbsp;&nbsp;ble_evt_user_mem_release_dec
</UL>

<P><STRONG><a name="[10c]"></a>app_ble_user_mem_context_find</STRONG> (Thumb, 28 bytes, Stack size 12 bytes, app_ble_user_mem.o(i.app_ble_user_mem_context_find))
<BR><BR>[Stack]<UL><LI>Max Depth = 12<LI>Call Chain = app_ble_user_mem_context_find
</UL>
<BR>[Called By]<UL><LI><a href="#[fb]">&gt;&gt;</a>&nbsp;&nbsp;&nbsp;ble_gatts_evt_write_dec
<LI><a href="#[100]">&gt;&gt;</a>&nbsp;&nbsp;&nbsp;ble_gatts_evt_rw_authorize_request_dec
<LI><a href="#[e3]">&gt;&gt;</a>&nbsp;&nbsp;&nbsp;ble_evt_user_mem_release_dec
</UL>

<P><STRONG><a name="[9f]"></a>app_button_enable</STRONG> (Thumb, 32 bytes, Stack size 16 bytes, app_button.o(i.app_button_enable))
<BR><BR>[Stack]<UL><LI>Max Depth = 48<LI>Call Chain = app_button_enable &rArr; nrf_drv_gpiote_in_event_enable
</UL>
<BR>[Calls]<UL><LI><a href="#[a0]">&gt;&gt;</a>&nbsp;&nbsp;&nbsp;nrf_drv_gpiote_in_event_enable
</UL>
<BR>[Called By]<UL><LI><a href="#[183]">&gt;&gt;</a>&nbsp;&nbsp;&nbsp;bsp_init
</UL>

<P><STRONG><a name="[a1]"></a>app_button_init</STRONG> (Thumb, 100 bytes, Stack size 24 bytes, app_button.o(i.app_button_init))
<BR><BR>[Stack]<UL><LI>Max Depth = 76<LI>Call Chain = app_button_init &rArr; nrf_drv_gpiote_in_init &rArr; channel_port_alloc
</UL>
<BR>[Calls]<UL><LI><a href="#[a5]">&gt;&gt;</a>&nbsp;&nbsp;&nbsp;app_timer_create
<LI><a href="#[a2]">&gt;&gt;</a>&nbsp;&nbsp;&nbsp;nrf_drv_gpiote_is_init
<LI><a href="#[a3]">&gt;&gt;</a>&nbsp;&nbsp;&nbsp;nrf_drv_gpiote_init
<LI><a href="#[a4]">&gt;&gt;</a>&nbsp;&nbsp;&nbsp;nrf_drv_gpiote_in_init
</UL>
<BR>[Called By]<UL><LI><a href="#[183]">&gt;&gt;</a>&nbsp;&nbsp;&nbsp;bsp_init
</UL>

<P><STRONG><a name="[89]"></a>app_error_handler</STRONG> (Thumb, 18 bytes, Stack size 0 bytes, app_error.o(i.app_error_handler))
<BR><BR>[Called By]<UL><LI><a href="#[cc]">&gt;&gt;</a>&nbsp;&nbsp;&nbsp;sd_ble_gatts_value_set
<LI><a href="#[cf]">&gt;&gt;</a>&nbsp;&nbsp;&nbsp;sd_ble_gatts_service_add
<LI><a href="#[cd]">&gt;&gt;</a>&nbsp;&nbsp;&nbsp;sd_ble_gatts_hvx
<LI><a href="#[bb]">&gt;&gt;</a>&nbsp;&nbsp;&nbsp;sd_ble_gatts_descriptor_add
<LI><a href="#[b9]">&gt;&gt;</a>&nbsp;&nbsp;&nbsp;sd_ble_gatts_characteristic_add
<LI><a href="#[c7]">&gt;&gt;</a>&nbsp;&nbsp;&nbsp;sd_ble_gap_adv_stop
<LI><a href="#[cb]">&gt;&gt;</a>&nbsp;&nbsp;&nbsp;sd_ble_gap_adv_start
<LI><a href="#[1ce]">&gt;&gt;</a>&nbsp;&nbsp;&nbsp;sd_ble_uuid_encode
<LI><a href="#[1af]">&gt;&gt;</a>&nbsp;&nbsp;&nbsp;sd_ble_gap_device_name_get
<LI><a href="#[96]">&gt;&gt;</a>&nbsp;&nbsp;&nbsp;sd_ble_gap_appearance_get
<LI><a href="#[bf]">&gt;&gt;</a>&nbsp;&nbsp;&nbsp;sd_ble_gap_adv_data_set
<LI><a href="#[d5]">&gt;&gt;</a>&nbsp;&nbsp;&nbsp;sd_ble_gap_address_get
<LI><a href="#[1d0]">&gt;&gt;</a>&nbsp;&nbsp;&nbsp;sd_power_system_off
<LI><a href="#[d1]">&gt;&gt;</a>&nbsp;&nbsp;&nbsp;sd_ble_gap_ppcp_set
<LI><a href="#[181]">&gt;&gt;</a>&nbsp;&nbsp;&nbsp;sd_ble_gap_disconnect
<LI><a href="#[1a1]">&gt;&gt;</a>&nbsp;&nbsp;&nbsp;sd_ble_gap_device_name_set
<LI><a href="#[1a2]">&gt;&gt;</a>&nbsp;&nbsp;&nbsp;sd_ble_gap_appearance_set
<LI><a href="#[175]">&gt;&gt;</a>&nbsp;&nbsp;&nbsp;sd_ble_enable
<LI><a href="#[104]">&gt;&gt;</a>&nbsp;&nbsp;&nbsp;dm_ble_evt_handler
<LI><a href="#[1f]">&gt;&gt;</a>&nbsp;&nbsp;&nbsp;main
<LI><a href="#[44]">&gt;&gt;</a>&nbsp;&nbsp;&nbsp;bsp_event_handler
<LI><a href="#[1ac]">&gt;&gt;</a>&nbsp;&nbsp;&nbsp;timers_init
<LI><a href="#[180]">&gt;&gt;</a>&nbsp;&nbsp;&nbsp;sleep_mode_enter
<LI><a href="#[1ad]">&gt;&gt;</a>&nbsp;&nbsp;&nbsp;services_init
<LI><a href="#[46]">&gt;&gt;</a>&nbsp;&nbsp;&nbsp;on_conn_params_evt
<LI><a href="#[45]">&gt;&gt;</a>&nbsp;&nbsp;&nbsp;on_adv_evt
<LI><a href="#[6a]">&gt;&gt;</a>&nbsp;&nbsp;&nbsp;heart_rate_meas_timeout_handler
<LI><a href="#[1a0]">&gt;&gt;</a>&nbsp;&nbsp;&nbsp;gap_params_init
<LI><a href="#[190]">&gt;&gt;</a>&nbsp;&nbsp;&nbsp;device_manager_init
<LI><a href="#[42]">&gt;&gt;</a>&nbsp;&nbsp;&nbsp;device_manager_evt_handler
<LI><a href="#[47]">&gt;&gt;</a>&nbsp;&nbsp;&nbsp;conn_params_error_handler
<LI><a href="#[173]">&gt;&gt;</a>&nbsp;&nbsp;&nbsp;ble_stack_init
<LI><a href="#[3a]">&gt;&gt;</a>&nbsp;&nbsp;&nbsp;ble_evt_dispatch
<LI><a href="#[69]">&gt;&gt;</a>&nbsp;&nbsp;&nbsp;battery_level_meas_timeout_handler
<LI><a href="#[b6]">&gt;&gt;</a>&nbsp;&nbsp;&nbsp;application_timers_start
<LI><a href="#[1a3]">&gt;&gt;</a>&nbsp;&nbsp;&nbsp;sd_ble_gatts_sys_attr_set
<LI><a href="#[1a5]">&gt;&gt;</a>&nbsp;&nbsp;&nbsp;sd_ble_gatts_sys_attr_get
<LI><a href="#[1a4]">&gt;&gt;</a>&nbsp;&nbsp;&nbsp;sd_ble_gatts_service_changed
<LI><a href="#[197]">&gt;&gt;</a>&nbsp;&nbsp;&nbsp;sd_ble_gap_sec_params_reply
<LI><a href="#[196]">&gt;&gt;</a>&nbsp;&nbsp;&nbsp;sd_ble_gap_sec_info_reply
<LI><a href="#[43]">&gt;&gt;</a>&nbsp;&nbsp;&nbsp;dm_pstorage_cb_handler
<LI><a href="#[d8]">&gt;&gt;</a>&nbsp;&nbsp;&nbsp;sys_id_encode
<LI><a href="#[d9]">&gt;&gt;</a>&nbsp;&nbsp;&nbsp;pnp_id_encode
<LI><a href="#[d7]">&gt;&gt;</a>&nbsp;&nbsp;&nbsp;char_add
<LI><a href="#[d2]">&gt;&gt;</a>&nbsp;&nbsp;&nbsp;sd_ble_gap_ppcp_get
<LI><a href="#[1c7]">&gt;&gt;</a>&nbsp;&nbsp;&nbsp;sd_ble_gap_conn_param_update
<LI><a href="#[85]">&gt;&gt;</a>&nbsp;&nbsp;&nbsp;timer_timeouts_check
<LI><a href="#[56]">&gt;&gt;</a>&nbsp;&nbsp;&nbsp;gap_sec_params_reply_rsp_dec
<LI><a href="#[55]">&gt;&gt;</a>&nbsp;&nbsp;&nbsp;gap_sec_info_reply_rsp_dec
<LI><a href="#[54]">&gt;&gt;</a>&nbsp;&nbsp;&nbsp;gap_ppcp_set_rsp_dec
<LI><a href="#[53]">&gt;&gt;</a>&nbsp;&nbsp;&nbsp;gap_ppcp_get_reply_rsp_dec
<LI><a href="#[52]">&gt;&gt;</a>&nbsp;&nbsp;&nbsp;gap_disconnect_rsp_dec
<LI><a href="#[51]">&gt;&gt;</a>&nbsp;&nbsp;&nbsp;gap_device_name_set_rsp_dec
<LI><a href="#[50]">&gt;&gt;</a>&nbsp;&nbsp;&nbsp;gap_device_name_get_rsp_dec
<LI><a href="#[4f]">&gt;&gt;</a>&nbsp;&nbsp;&nbsp;gap_conn_param_update_rsp_dec
<LI><a href="#[4e]">&gt;&gt;</a>&nbsp;&nbsp;&nbsp;gap_appearance_set_rsp_dec
<LI><a href="#[4d]">&gt;&gt;</a>&nbsp;&nbsp;&nbsp;gap_appearance_get_rsp_dec
<LI><a href="#[4c]">&gt;&gt;</a>&nbsp;&nbsp;&nbsp;gap_adv_stop_rsp_dec
<LI><a href="#[4b]">&gt;&gt;</a>&nbsp;&nbsp;&nbsp;gap_adv_start_rsp_dec
<LI><a href="#[4a]">&gt;&gt;</a>&nbsp;&nbsp;&nbsp;gap_adv_data_set_rsp_dec
<LI><a href="#[49]">&gt;&gt;</a>&nbsp;&nbsp;&nbsp;gap_address_get_rsp_dec
<LI><a href="#[1c2]">&gt;&gt;</a>&nbsp;&nbsp;&nbsp;ser_sd_transport_cmd_write
<LI><a href="#[5f]">&gt;&gt;</a>&nbsp;&nbsp;&nbsp;uuid_encode_rsp_dec
<LI><a href="#[48]">&gt;&gt;</a>&nbsp;&nbsp;&nbsp;enable_rsp_dec
<LI><a href="#[5e]">&gt;&gt;</a>&nbsp;&nbsp;&nbsp;gatts_value_set_rsp_dec
<LI><a href="#[5d]">&gt;&gt;</a>&nbsp;&nbsp;&nbsp;gatts_sys_attr_set_rsp_dec
<LI><a href="#[5c]">&gt;&gt;</a>&nbsp;&nbsp;&nbsp;gatts_sys_attr_get_rsp_dec
<LI><a href="#[5b]">&gt;&gt;</a>&nbsp;&nbsp;&nbsp;gatts_service_changed_rsp_dec
<LI><a href="#[5a]">&gt;&gt;</a>&nbsp;&nbsp;&nbsp;gatts_service_add_rsp_dec
<LI><a href="#[59]">&gt;&gt;</a>&nbsp;&nbsp;&nbsp;gatts_hvx_rsp_dec
<LI><a href="#[58]">&gt;&gt;</a>&nbsp;&nbsp;&nbsp;gatts_descriptor_add_rsp_dec
<LI><a href="#[57]">&gt;&gt;</a>&nbsp;&nbsp;&nbsp;gatts_characteristic_add_rsp_dec
<LI><a href="#[8a]">&gt;&gt;</a>&nbsp;&nbsp;&nbsp;intern_softdevice_events_execute
<LI><a href="#[1b]">&gt;&gt;</a>&nbsp;&nbsp;&nbsp;SWI2_IRQHandler
<LI><a href="#[62]">&gt;&gt;</a>&nbsp;&nbsp;&nbsp;ser_softdevice_evt_handler
<LI><a href="#[1ed]">&gt;&gt;</a>&nbsp;&nbsp;&nbsp;ser_sd_transport_rx_packet_handler
<LI><a href="#[1eb]">&gt;&gt;</a>&nbsp;&nbsp;&nbsp;spi_master_raw_assert
<LI><a href="#[63]">&gt;&gt;</a>&nbsp;&nbsp;&nbsp;phy_events_handler
</UL>

<P><STRONG><a name="[1d8]"></a>app_mailbox_create</STRONG> (Thumb, 22 bytes, Stack size 0 bytes, app_mailbox.o(i.app_mailbox_create))
<BR><BR>[Called By]<UL><LI><a href="#[1d4]">&gt;&gt;</a>&nbsp;&nbsp;&nbsp;sd_softdevice_enable
</UL>

<P><STRONG><a name="[a6]"></a>app_mailbox_get</STRONG> (Thumb, 10 bytes, Stack size 8 bytes, app_mailbox.o(i.app_mailbox_get))
<BR><BR>[Stack]<UL><LI>Max Depth = 56<LI>Call Chain = app_mailbox_get &rArr; app_mailbox_sized_get &rArr; __aeabi_memcpy
</UL>
<BR>[Calls]<UL><LI><a href="#[a7]">&gt;&gt;</a>&nbsp;&nbsp;&nbsp;app_mailbox_sized_get
</UL>
<BR>[Called By]<UL><LI><a href="#[1a9]">&gt;&gt;</a>&nbsp;&nbsp;&nbsp;sd_ble_evt_get
</UL>

<P><STRONG><a name="[a8]"></a>app_mailbox_put</STRONG> (Thumb, 10 bytes, Stack size 8 bytes, app_mailbox.o(i.app_mailbox_put))
<BR><BR>[Stack]<UL><LI>Max Depth = 56<LI>Call Chain = app_mailbox_put &rArr; app_mailbox_sized_put &rArr; __aeabi_memcpy
</UL>
<BR>[Calls]<UL><LI><a href="#[a9]">&gt;&gt;</a>&nbsp;&nbsp;&nbsp;app_mailbox_sized_put
</UL>
<BR>[Called By]<UL><LI><a href="#[62]">&gt;&gt;</a>&nbsp;&nbsp;&nbsp;ser_softdevice_evt_handler
</UL>

<P><STRONG><a name="[a7]"></a>app_mailbox_sized_get</STRONG> (Thumb, 72 bytes, Stack size 40 bytes, app_mailbox.o(i.app_mailbox_sized_get))
<BR><BR>[Stack]<UL><LI>Max Depth = 48<LI>Call Chain = app_mailbox_sized_get &rArr; __aeabi_memcpy
</UL>
<BR>[Calls]<UL><LI><a href="#[ad]">&gt;&gt;</a>&nbsp;&nbsp;&nbsp;critical_region_exit
<LI><a href="#[aa]">&gt;&gt;</a>&nbsp;&nbsp;&nbsp;critical_region_enter
<LI><a href="#[ab]">&gt;&gt;</a>&nbsp;&nbsp;&nbsp;dequeue
<LI><a href="#[ac]">&gt;&gt;</a>&nbsp;&nbsp;&nbsp;__aeabi_memcpy
</UL>
<BR>[Called By]<UL><LI><a href="#[a6]">&gt;&gt;</a>&nbsp;&nbsp;&nbsp;app_mailbox_get
</UL>

<P><STRONG><a name="[a9]"></a>app_mailbox_sized_put</STRONG> (Thumb, 100 bytes, Stack size 40 bytes, app_mailbox.o(i.app_mailbox_sized_put))
<BR><BR>[Stack]<UL><LI>Max Depth = 48<LI>Call Chain = app_mailbox_sized_put &rArr; __aeabi_memcpy
</UL>
<BR>[Calls]<UL><LI><a href="#[ad]">&gt;&gt;</a>&nbsp;&nbsp;&nbsp;critical_region_exit
<LI><a href="#[aa]">&gt;&gt;</a>&nbsp;&nbsp;&nbsp;critical_region_enter
<LI><a href="#[ab]">&gt;&gt;</a>&nbsp;&nbsp;&nbsp;dequeue
<LI><a href="#[ac]">&gt;&gt;</a>&nbsp;&nbsp;&nbsp;__aeabi_memcpy
</UL>
<BR>[Called By]<UL><LI><a href="#[a8]">&gt;&gt;</a>&nbsp;&nbsp;&nbsp;app_mailbox_put
</UL>

<P><STRONG><a name="[a5]"></a>app_timer_create</STRONG> (Thumb, 40 bytes, Stack size 0 bytes, app_timer.o(i.app_timer_create))
<BR><BR>[Called By]<UL><LI><a href="#[a1]">&gt;&gt;</a>&nbsp;&nbsp;&nbsp;app_button_init
<LI><a href="#[183]">&gt;&gt;</a>&nbsp;&nbsp;&nbsp;bsp_init
<LI><a href="#[d0]">&gt;&gt;</a>&nbsp;&nbsp;&nbsp;ble_conn_params_init
<LI><a href="#[1ac]">&gt;&gt;</a>&nbsp;&nbsp;&nbsp;timers_init
</UL>

<P><STRONG><a name="[ae]"></a>app_timer_init</STRONG> (Thumb, 126 bytes, Stack size 40 bytes, app_timer.o(i.app_timer_init))
<BR><BR>[Stack]<UL><LI>Max Depth = 56<LI>Call Chain = app_timer_init &rArr; rtc1_stop
</UL>
<BR>[Calls]<UL><LI><a href="#[af]">&gt;&gt;</a>&nbsp;&nbsp;&nbsp;rtc1_stop
<LI><a href="#[b0]">&gt;&gt;</a>&nbsp;&nbsp;&nbsp;NVIC_SetPriority
</UL>
<BR>[Called By]<UL><LI><a href="#[1ac]">&gt;&gt;</a>&nbsp;&nbsp;&nbsp;timers_init
</UL>

<P><STRONG><a name="[b1]"></a>app_timer_start</STRONG> (Thumb, 114 bytes, Stack size 32 bytes, app_timer.o(i.app_timer_start))
<BR><BR>[Stack]<UL><LI>Max Depth = 32<LI>Call Chain = app_timer_start
</UL>
<BR>[Calls]<UL><LI><a href="#[b3]">&gt;&gt;</a>&nbsp;&nbsp;&nbsp;user_op_alloc
<LI><a href="#[b2]">&gt;&gt;</a>&nbsp;&nbsp;&nbsp;user_id_get
<LI><a href="#[b4]">&gt;&gt;</a>&nbsp;&nbsp;&nbsp;timer_list_handler_sched
</UL>
<BR>[Called By]<UL><LI><a href="#[d4]">&gt;&gt;</a>&nbsp;&nbsp;&nbsp;conn_params_negotiation
<LI><a href="#[182]">&gt;&gt;</a>&nbsp;&nbsp;&nbsp;bsp_led_indication
<LI><a href="#[6d]">&gt;&gt;</a>&nbsp;&nbsp;&nbsp;bsp_button_event_handler
<LI><a href="#[b6]">&gt;&gt;</a>&nbsp;&nbsp;&nbsp;application_timers_start
<LI><a href="#[22]">&gt;&gt;</a>&nbsp;&nbsp;&nbsp;gpiote_event_handler
</UL>

<P><STRONG><a name="[b5]"></a>app_timer_stop</STRONG> (Thumb, 78 bytes, Stack size 24 bytes, app_timer.o(i.app_timer_stop))
<BR><BR>[Stack]<UL><LI>Max Depth = 24<LI>Call Chain = app_timer_stop
</UL>
<BR>[Calls]<UL><LI><a href="#[b3]">&gt;&gt;</a>&nbsp;&nbsp;&nbsp;user_op_alloc
<LI><a href="#[b2]">&gt;&gt;</a>&nbsp;&nbsp;&nbsp;user_id_get
<LI><a href="#[b4]">&gt;&gt;</a>&nbsp;&nbsp;&nbsp;timer_list_handler_sched
</UL>
<BR>[Called By]<UL><LI><a href="#[182]">&gt;&gt;</a>&nbsp;&nbsp;&nbsp;bsp_led_indication
<LI><a href="#[6d]">&gt;&gt;</a>&nbsp;&nbsp;&nbsp;bsp_button_event_handler
<LI><a href="#[d3]">&gt;&gt;</a>&nbsp;&nbsp;&nbsp;ble_conn_params_on_ble_evt
<LI><a href="#[22]">&gt;&gt;</a>&nbsp;&nbsp;&nbsp;gpiote_event_handler
</UL>

<P><STRONG><a name="[be]"></a>ble_advdata_set</STRONG> (Thumb, 106 bytes, Stack size 96 bytes, ble_advdata.o(i.ble_advdata_set))
<BR><BR>[Stack]<UL><LI>Max Depth = 328<LI>Call Chain = ble_advdata_set &rArr; adv_data_encode &rArr; uuid_list_encode &rArr; uuid_list_sized_encode &rArr; sd_ble_uuid_encode &rArr; ser_sd_transport_cmd_write &rArr; ser_hal_transport_tx_pkt_send &rArr; ser_phy_tx_pkt_send
</UL>
<BR>[Calls]<UL><LI><a href="#[bf]">&gt;&gt;</a>&nbsp;&nbsp;&nbsp;sd_ble_gap_adv_data_set
<LI><a href="#[93]">&gt;&gt;</a>&nbsp;&nbsp;&nbsp;adv_data_encode
</UL>
<BR>[Called By]<UL><LI><a href="#[c4]">&gt;&gt;</a>&nbsp;&nbsp;&nbsp;ble_advertising_start
<LI><a href="#[c0]">&gt;&gt;</a>&nbsp;&nbsp;&nbsp;ble_advertising_init
</UL>

<P><STRONG><a name="[c0]"></a>ble_advertising_init</STRONG> (Thumb, 284 bytes, Stack size 16 bytes, ble_advertising.o(i.ble_advertising_init))
<BR><BR>[Stack]<UL><LI>Max Depth = 344<LI>Call Chain = ble_advertising_init &rArr; ble_advdata_set &rArr; adv_data_encode &rArr; uuid_list_encode &rArr; uuid_list_sized_encode &rArr; sd_ble_uuid_encode &rArr; ser_sd_transport_cmd_write &rArr; ser_hal_transport_tx_pkt_send &rArr; ser_phy_tx_pkt_send
</UL>
<BR>[Calls]<UL><LI><a href="#[c2]">&gt;&gt;</a>&nbsp;&nbsp;&nbsp;ble_advertising_peer_address_clear
<LI><a href="#[be]">&gt;&gt;</a>&nbsp;&nbsp;&nbsp;ble_advdata_set
<LI><a href="#[b8]">&gt;&gt;</a>&nbsp;&nbsp;&nbsp;__aeabi_memclr4
<LI><a href="#[c1]">&gt;&gt;</a>&nbsp;&nbsp;&nbsp;__aeabi_memcpy4
</UL>
<BR>[Called By]<UL><LI><a href="#[1f]">&gt;&gt;</a>&nbsp;&nbsp;&nbsp;main
</UL>

<P><STRONG><a name="[c3]"></a>ble_advertising_on_ble_evt</STRONG> (Thumb, 118 bytes, Stack size 8 bytes, ble_advertising.o(i.ble_advertising_on_ble_evt))
<BR><BR>[Stack]<UL><LI>Max Depth = 384<LI>Call Chain = ble_advertising_on_ble_evt &rArr; ble_advertising_start &rArr; ble_advdata_set &rArr; adv_data_encode &rArr; uuid_list_encode &rArr; uuid_list_sized_encode &rArr; sd_ble_uuid_encode &rArr; ser_sd_transport_cmd_write &rArr; ser_hal_transport_tx_pkt_send &rArr; ser_phy_tx_pkt_send
</UL>
<BR>[Calls]<UL><LI><a href="#[c4]">&gt;&gt;</a>&nbsp;&nbsp;&nbsp;ble_advertising_start
</UL>
<BR>[Called By]<UL><LI><a href="#[3a]">&gt;&gt;</a>&nbsp;&nbsp;&nbsp;ble_evt_dispatch
</UL>

<P><STRONG><a name="[c5]"></a>ble_advertising_on_sys_evt</STRONG> (Thumb, 42 bytes, Stack size 8 bytes, ble_advertising.o(i.ble_advertising_on_sys_evt))
<BR><BR>[Stack]<UL><LI>Max Depth = 384<LI>Call Chain = ble_advertising_on_sys_evt &rArr; ble_advertising_start &rArr; ble_advdata_set &rArr; adv_data_encode &rArr; uuid_list_encode &rArr; uuid_list_sized_encode &rArr; sd_ble_uuid_encode &rArr; ser_sd_transport_cmd_write &rArr; ser_hal_transport_tx_pkt_send &rArr; ser_phy_tx_pkt_send
</UL>
<BR>[Calls]<UL><LI><a href="#[c4]">&gt;&gt;</a>&nbsp;&nbsp;&nbsp;ble_advertising_start
</UL>
<BR>[Called By]<UL><LI><a href="#[3b]">&gt;&gt;</a>&nbsp;&nbsp;&nbsp;sys_evt_dispatch
</UL>

<P><STRONG><a name="[c6]"></a>ble_advertising_restart_without_whitelist</STRONG> (Thumb, 58 bytes, Stack size 8 bytes, ble_advertising.o(i.ble_advertising_restart_without_whitelist))
<BR><BR>[Stack]<UL><LI>Max Depth = 384<LI>Call Chain = ble_advertising_restart_without_whitelist &rArr; ble_advertising_start &rArr; ble_advdata_set &rArr; adv_data_encode &rArr; uuid_list_encode &rArr; uuid_list_sized_encode &rArr; sd_ble_uuid_encode &rArr; ser_sd_transport_cmd_write &rArr; ser_hal_transport_tx_pkt_send &rArr; ser_phy_tx_pkt_send
</UL>
<BR>[Calls]<UL><LI><a href="#[c7]">&gt;&gt;</a>&nbsp;&nbsp;&nbsp;sd_ble_gap_adv_stop
<LI><a href="#[c4]">&gt;&gt;</a>&nbsp;&nbsp;&nbsp;ble_advertising_start
</UL>
<BR>[Called By]<UL><LI><a href="#[44]">&gt;&gt;</a>&nbsp;&nbsp;&nbsp;bsp_event_handler
</UL>

<P><STRONG><a name="[c4]"></a>ble_advertising_start</STRONG> (Thumb, 472 bytes, Stack size 48 bytes, ble_advertising.o(i.ble_advertising_start))
<BR><BR>[Stack]<UL><LI>Max Depth = 376<LI>Call Chain = ble_advertising_start &rArr; ble_advdata_set &rArr; adv_data_encode &rArr; uuid_list_encode &rArr; uuid_list_sized_encode &rArr; sd_ble_uuid_encode &rArr; ser_sd_transport_cmd_write &rArr; ser_hal_transport_tx_pkt_send &rArr; ser_phy_tx_pkt_send
</UL>
<BR>[Calls]<UL><LI><a href="#[cb]">&gt;&gt;</a>&nbsp;&nbsp;&nbsp;sd_ble_gap_adv_start
<LI><a href="#[c8]">&gt;&gt;</a>&nbsp;&nbsp;&nbsp;pstorage_access_status_get
<LI><a href="#[ca]">&gt;&gt;</a>&nbsp;&nbsp;&nbsp;whitelist_has_entries
<LI><a href="#[c9]">&gt;&gt;</a>&nbsp;&nbsp;&nbsp;peer_address_exists
<LI><a href="#[c2]">&gt;&gt;</a>&nbsp;&nbsp;&nbsp;ble_advertising_peer_address_clear
<LI><a href="#[be]">&gt;&gt;</a>&nbsp;&nbsp;&nbsp;ble_advdata_set
<LI><a href="#[b8]">&gt;&gt;</a>&nbsp;&nbsp;&nbsp;__aeabi_memclr4
</UL>
<BR>[Called By]<UL><LI><a href="#[c6]">&gt;&gt;</a>&nbsp;&nbsp;&nbsp;ble_advertising_restart_without_whitelist
<LI><a href="#[c5]">&gt;&gt;</a>&nbsp;&nbsp;&nbsp;ble_advertising_on_sys_evt
<LI><a href="#[c3]">&gt;&gt;</a>&nbsp;&nbsp;&nbsp;ble_advertising_on_ble_evt
<LI><a href="#[1f]">&gt;&gt;</a>&nbsp;&nbsp;&nbsp;main
</UL>

<P><STRONG><a name="[bd]"></a>ble_bas_battery_level_update</STRONG> (Thumb, 116 bytes, Stack size 48 bytes, ble_bas.o(i.ble_bas_battery_level_update))
<BR><BR>[Stack]<UL><LI>Max Depth = 136<LI>Call Chain = ble_bas_battery_level_update &rArr; sd_ble_gatts_value_set &rArr; ser_sd_transport_cmd_write &rArr; ser_hal_transport_tx_pkt_send &rArr; ser_phy_tx_pkt_send
</UL>
<BR>[Calls]<UL><LI><a href="#[cc]">&gt;&gt;</a>&nbsp;&nbsp;&nbsp;sd_ble_gatts_value_set
<LI><a href="#[cd]">&gt;&gt;</a>&nbsp;&nbsp;&nbsp;sd_ble_gatts_hvx
</UL>
<BR>[Called By]<UL><LI><a href="#[69]">&gt;&gt;</a>&nbsp;&nbsp;&nbsp;battery_level_meas_timeout_handler
</UL>

<P><STRONG><a name="[ce]"></a>ble_bas_init</STRONG> (Thumb, 68 bytes, Stack size 16 bytes, ble_bas.o(i.ble_bas_init))
<BR><BR>[Stack]<UL><LI>Max Depth = 224<LI>Call Chain = ble_bas_init &rArr; battery_level_char_add &rArr; sd_ble_gatts_characteristic_add &rArr; ble_gatts_characteristic_add_req_enc &rArr; cond_field_enc
</UL>
<BR>[Calls]<UL><LI><a href="#[cf]">&gt;&gt;</a>&nbsp;&nbsp;&nbsp;sd_ble_gatts_service_add
<LI><a href="#[b7]">&gt;&gt;</a>&nbsp;&nbsp;&nbsp;battery_level_char_add
</UL>
<BR>[Called By]<UL><LI><a href="#[1ad]">&gt;&gt;</a>&nbsp;&nbsp;&nbsp;services_init
</UL>

<P><STRONG><a name="[106]"></a>ble_bas_on_ble_evt</STRONG> (Thumb, 94 bytes, Stack size 16 bytes, ble_bas.o(i.ble_bas_on_ble_evt))
<BR><BR>[Stack]<UL><LI>Max Depth = 16<LI>Call Chain = ble_bas_on_ble_evt
</UL>
<BR>[Called By]<UL><LI><a href="#[3a]">&gt;&gt;</a>&nbsp;&nbsp;&nbsp;ble_evt_dispatch
</UL>

<P><STRONG><a name="[d0]"></a>ble_conn_params_init</STRONG> (Thumb, 72 bytes, Stack size 16 bytes, ble_conn_params.o(i.ble_conn_params_init))
<BR><BR>[Stack]<UL><LI>Max Depth = 88<LI>Call Chain = ble_conn_params_init &rArr; sd_ble_gap_ppcp_set &rArr; ser_sd_transport_cmd_write &rArr; ser_hal_transport_tx_pkt_send &rArr; ser_phy_tx_pkt_send
</UL>
<BR>[Calls]<UL><LI><a href="#[d1]">&gt;&gt;</a>&nbsp;&nbsp;&nbsp;sd_ble_gap_ppcp_set
<LI><a href="#[a5]">&gt;&gt;</a>&nbsp;&nbsp;&nbsp;app_timer_create
<LI><a href="#[d2]">&gt;&gt;</a>&nbsp;&nbsp;&nbsp;sd_ble_gap_ppcp_get
<LI><a href="#[c1]">&gt;&gt;</a>&nbsp;&nbsp;&nbsp;__aeabi_memcpy4
<LI><a href="#[ac]">&gt;&gt;</a>&nbsp;&nbsp;&nbsp;__aeabi_memcpy
</UL>
<BR>[Called By]<UL><LI><a href="#[1f]">&gt;&gt;</a>&nbsp;&nbsp;&nbsp;main
</UL>

<P><STRONG><a name="[d3]"></a>ble_conn_params_on_ble_evt</STRONG> (Thumb, 132 bytes, Stack size 24 bytes, ble_conn_params.o(i.ble_conn_params_on_ble_evt))
<BR><BR>[Stack]<UL><LI>Max Depth = 80<LI>Call Chain = ble_conn_params_on_ble_evt &rArr; conn_params_negotiation &rArr; app_timer_start
</UL>
<BR>[Calls]<UL><LI><a href="#[d4]">&gt;&gt;</a>&nbsp;&nbsp;&nbsp;conn_params_negotiation
<LI><a href="#[b5]">&gt;&gt;</a>&nbsp;&nbsp;&nbsp;app_timer_stop
<LI><a href="#[ac]">&gt;&gt;</a>&nbsp;&nbsp;&nbsp;__aeabi_memcpy
</UL>
<BR>[Called By]<UL><LI><a href="#[3a]">&gt;&gt;</a>&nbsp;&nbsp;&nbsp;ble_evt_dispatch
</UL>

<P><STRONG><a name="[d6]"></a>ble_dis_init</STRONG> (Thumb, 310 bytes, Stack size 32 bytes, ble_dis.o(i.ble_dis_init))
<BR><BR>[Stack]<UL><LI>Max Depth = 240<LI>Call Chain = ble_dis_init &rArr; char_add &rArr; sd_ble_gatts_characteristic_add &rArr; ble_gatts_characteristic_add_req_enc &rArr; cond_field_enc
</UL>
<BR>[Calls]<UL><LI><a href="#[cf]">&gt;&gt;</a>&nbsp;&nbsp;&nbsp;sd_ble_gatts_service_add
<LI><a href="#[d8]">&gt;&gt;</a>&nbsp;&nbsp;&nbsp;sys_id_encode
<LI><a href="#[d9]">&gt;&gt;</a>&nbsp;&nbsp;&nbsp;pnp_id_encode
<LI><a href="#[d7]">&gt;&gt;</a>&nbsp;&nbsp;&nbsp;char_add
</UL>
<BR>[Called By]<UL><LI><a href="#[1ad]">&gt;&gt;</a>&nbsp;&nbsp;&nbsp;services_init
</UL>

<P><STRONG><a name="[25]"></a>ble_enable_params_t_enc</STRONG> (Thumb, 24 bytes, Stack size 8 bytes, ble_struct_serialization.o(i.ble_enable_params_t_enc))
<BR><BR>[Stack]<UL><LI>Max Depth = 40<LI>Call Chain = ble_enable_params_t_enc &rArr; ble_gatts_enable_params_t_enc &rArr; uint8_t_enc
</UL>
<BR>[Calls]<UL><LI><a href="#[da]">&gt;&gt;</a>&nbsp;&nbsp;&nbsp;ble_gatts_enable_params_t_enc
</UL>
<BR>[Address Reference Count : 1]<UL><LI> ble_enable.o(i.ble_enable_req_enc)
</UL>
<P><STRONG><a name="[db]"></a>ble_enable_req_enc</STRONG> (Thumb, 60 bytes, Stack size 16 bytes, ble_enable.o(i.ble_enable_req_enc))
<BR><BR>[Stack]<UL><LI>Max Depth = 40<LI>Call Chain = ble_enable_req_enc &rArr; cond_field_enc
</UL>
<BR>[Calls]<UL><LI><a href="#[dc]">&gt;&gt;</a>&nbsp;&nbsp;&nbsp;cond_field_enc
</UL>
<BR>[Called By]<UL><LI><a href="#[175]">&gt;&gt;</a>&nbsp;&nbsp;&nbsp;sd_ble_enable
</UL>

<P><STRONG><a name="[dd]"></a>ble_enable_rsp_dec</STRONG> (Thumb, 12 bytes, Stack size 8 bytes, ble_enable.o(i.ble_enable_rsp_dec))
<BR><BR>[Stack]<UL><LI>Max Depth = 48<LI>Call Chain = ble_enable_rsp_dec &rArr; ser_ble_cmd_rsp_dec &rArr; ser_ble_cmd_rsp_result_code_dec &rArr; uint32_decode
</UL>
<BR>[Calls]<UL><LI><a href="#[de]">&gt;&gt;</a>&nbsp;&nbsp;&nbsp;ser_ble_cmd_rsp_dec
</UL>
<BR>[Called By]<UL><LI><a href="#[48]">&gt;&gt;</a>&nbsp;&nbsp;&nbsp;enable_rsp_dec
</UL>

<P><STRONG><a name="[df]"></a>ble_event_dec</STRONG> (Thumb, 566 bytes, Stack size 24 bytes, ble_event.o(i.ble_event_dec))
<BR><BR>[Stack]<UL><LI>Max Depth = 292<LI>Call Chain = ble_event_dec &rArr; ble_gatts_evt_rw_authorize_request_dec &rArr; ble_gatts_evt_rw_authorize_request_t_dec &rArr; ble_gatts_evt_write_t_dec &rArr; ble_gatts_attr_context_t_dec &rArr; ble_uuid_t_dec &rArr; uint8_dec
</UL>
<BR>[Calls]<UL><LI><a href="#[e0]">&gt;&gt;</a>&nbsp;&nbsp;&nbsp;__ARM_common_switch8
<LI><a href="#[101]">&gt;&gt;</a>&nbsp;&nbsp;&nbsp;ble_l2cap_evt_rx_dec
<LI><a href="#[fb]">&gt;&gt;</a>&nbsp;&nbsp;&nbsp;ble_gatts_evt_write_dec
<LI><a href="#[fc]">&gt;&gt;</a>&nbsp;&nbsp;&nbsp;ble_gatts_evt_timeout_dec
<LI><a href="#[ff]">&gt;&gt;</a>&nbsp;&nbsp;&nbsp;ble_gatts_evt_sys_attr_missing_dec
<LI><a href="#[fd]">&gt;&gt;</a>&nbsp;&nbsp;&nbsp;ble_gatts_evt_sc_confirm_dec
<LI><a href="#[100]">&gt;&gt;</a>&nbsp;&nbsp;&nbsp;ble_gatts_evt_rw_authorize_request_dec
<LI><a href="#[fe]">&gt;&gt;</a>&nbsp;&nbsp;&nbsp;ble_gatts_evt_hvc_dec
<LI><a href="#[f8]">&gt;&gt;</a>&nbsp;&nbsp;&nbsp;ble_gattc_evt_write_rsp_dec
<LI><a href="#[f7]">&gt;&gt;</a>&nbsp;&nbsp;&nbsp;ble_gattc_evt_timeout_dec
<LI><a href="#[fa]">&gt;&gt;</a>&nbsp;&nbsp;&nbsp;ble_gattc_evt_rel_disc_rsp_dec
<LI><a href="#[f5]">&gt;&gt;</a>&nbsp;&nbsp;&nbsp;ble_gattc_evt_read_rsp_dec
<LI><a href="#[f4]">&gt;&gt;</a>&nbsp;&nbsp;&nbsp;ble_gattc_evt_prim_srvc_disc_rsp_dec
<LI><a href="#[f6]">&gt;&gt;</a>&nbsp;&nbsp;&nbsp;ble_gattc_evt_hvx_dec
<LI><a href="#[f3]">&gt;&gt;</a>&nbsp;&nbsp;&nbsp;ble_gattc_evt_desc_disc_rsp_dec
<LI><a href="#[f9]">&gt;&gt;</a>&nbsp;&nbsp;&nbsp;ble_gattc_evt_char_vals_read_rsp_dec
<LI><a href="#[f2]">&gt;&gt;</a>&nbsp;&nbsp;&nbsp;ble_gattc_evt_char_val_by_uuid_read_rsp_dec
<LI><a href="#[f1]">&gt;&gt;</a>&nbsp;&nbsp;&nbsp;ble_gattc_evt_char_disc_rsp_dec
<LI><a href="#[eb]">&gt;&gt;</a>&nbsp;&nbsp;&nbsp;ble_gap_evt_timeout_dec
<LI><a href="#[f0]">&gt;&gt;</a>&nbsp;&nbsp;&nbsp;ble_gap_evt_sec_request_dec
<LI><a href="#[ee]">&gt;&gt;</a>&nbsp;&nbsp;&nbsp;ble_gap_evt_sec_params_request_dec
<LI><a href="#[ed]">&gt;&gt;</a>&nbsp;&nbsp;&nbsp;ble_gap_evt_sec_info_request_dec
<LI><a href="#[103]">&gt;&gt;</a>&nbsp;&nbsp;&nbsp;ble_gap_evt_scan_req_report_dec
<LI><a href="#[ec]">&gt;&gt;</a>&nbsp;&nbsp;&nbsp;ble_gap_evt_rssi_changed_dec
<LI><a href="#[e4]">&gt;&gt;</a>&nbsp;&nbsp;&nbsp;ble_gap_evt_passkey_display_dec
<LI><a href="#[ea]">&gt;&gt;</a>&nbsp;&nbsp;&nbsp;ble_gap_evt_disconnected_dec
<LI><a href="#[e9]">&gt;&gt;</a>&nbsp;&nbsp;&nbsp;ble_gap_evt_connected_dec
<LI><a href="#[e8]">&gt;&gt;</a>&nbsp;&nbsp;&nbsp;ble_gap_evt_conn_sec_update_dec
<LI><a href="#[e7]">&gt;&gt;</a>&nbsp;&nbsp;&nbsp;ble_gap_evt_conn_param_update_request_dec
<LI><a href="#[e6]">&gt;&gt;</a>&nbsp;&nbsp;&nbsp;ble_gap_evt_conn_param_update_dec
<LI><a href="#[ef]">&gt;&gt;</a>&nbsp;&nbsp;&nbsp;ble_gap_evt_auth_status_dec
<LI><a href="#[e5]">&gt;&gt;</a>&nbsp;&nbsp;&nbsp;ble_gap_evt_auth_key_request_dec
<LI><a href="#[102]">&gt;&gt;</a>&nbsp;&nbsp;&nbsp;ble_gap_evt_adv_report_dec
<LI><a href="#[e2]">&gt;&gt;</a>&nbsp;&nbsp;&nbsp;ble_evt_user_mem_request_dec
<LI><a href="#[e3]">&gt;&gt;</a>&nbsp;&nbsp;&nbsp;ble_evt_user_mem_release_dec
<LI><a href="#[e1]">&gt;&gt;</a>&nbsp;&nbsp;&nbsp;ble_evt_tx_complete_dec
</UL>
<BR>[Called By]<UL><LI><a href="#[62]">&gt;&gt;</a>&nbsp;&nbsp;&nbsp;ser_softdevice_evt_handler
</UL>

<P><STRONG><a name="[e1]"></a>ble_evt_tx_complete_dec</STRONG> (Thumb, 102 bytes, Stack size 40 bytes, ble_evt_tx_complete.o(i.ble_evt_tx_complete_dec))
<BR><BR>[Stack]<UL><LI>Max Depth = 52<LI>Call Chain = ble_evt_tx_complete_dec &rArr; uint8_dec
</UL>
<BR>[Calls]<UL><LI><a href="#[10a]">&gt;&gt;</a>&nbsp;&nbsp;&nbsp;uint8_dec
<LI><a href="#[109]">&gt;&gt;</a>&nbsp;&nbsp;&nbsp;uint16_dec
</UL>
<BR>[Called By]<UL><LI><a href="#[df]">&gt;&gt;</a>&nbsp;&nbsp;&nbsp;ble_event_dec
</UL>

<P><STRONG><a name="[e3]"></a>ble_evt_user_mem_release_dec</STRONG> (Thumb, 166 bytes, Stack size 48 bytes, ble_evt_user_mem_release.o(i.ble_evt_user_mem_release_dec))
<BR><BR>[Stack]<UL><LI>Max Depth = 60<LI>Call Chain = ble_evt_user_mem_release_dec &rArr; app_ble_user_mem_context_find
</UL>
<BR>[Calls]<UL><LI><a href="#[10c]">&gt;&gt;</a>&nbsp;&nbsp;&nbsp;app_ble_user_mem_context_find
<LI><a href="#[10d]">&gt;&gt;</a>&nbsp;&nbsp;&nbsp;app_ble_user_mem_context_destroy
<LI><a href="#[10b]">&gt;&gt;</a>&nbsp;&nbsp;&nbsp;uint8_t_dec
<LI><a href="#[38]">&gt;&gt;</a>&nbsp;&nbsp;&nbsp;uint16_t_dec
</UL>
<BR>[Called By]<UL><LI><a href="#[df]">&gt;&gt;</a>&nbsp;&nbsp;&nbsp;ble_event_dec
</UL>

<P><STRONG><a name="[e2]"></a>ble_evt_user_mem_request_dec</STRONG> (Thumb, 88 bytes, Stack size 40 bytes, ble_evt_user_mem_request.o(i.ble_evt_user_mem_request_dec))
<BR><BR>[Stack]<UL><LI>Max Depth = 48<LI>Call Chain = ble_evt_user_mem_request_dec &rArr; uint8_t_dec
</UL>
<BR>[Calls]<UL><LI><a href="#[10b]">&gt;&gt;</a>&nbsp;&nbsp;&nbsp;uint8_t_dec
<LI><a href="#[38]">&gt;&gt;</a>&nbsp;&nbsp;&nbsp;uint16_t_dec
</UL>
<BR>[Called By]<UL><LI><a href="#[df]">&gt;&gt;</a>&nbsp;&nbsp;&nbsp;ble_event_dec
</UL>

<P><STRONG><a name="[10e]"></a>ble_flash_block_write</STRONG> (Thumb, 36 bytes, Stack size 24 bytes, ble_flash.o(i.ble_flash_block_write))
<BR><BR>[Stack]<UL><LI>Max Depth = 40<LI>Call Chain = ble_flash_block_write &rArr; flash_word_write
</UL>
<BR>[Calls]<UL><LI><a href="#[10f]">&gt;&gt;</a>&nbsp;&nbsp;&nbsp;flash_word_write
</UL>
<BR>[Called By]<UL><LI><a href="#[40]">&gt;&gt;</a>&nbsp;&nbsp;&nbsp;pstorage_update
<LI><a href="#[41]">&gt;&gt;</a>&nbsp;&nbsp;&nbsp;pstorage_store
</UL>

<P><STRONG><a name="[110]"></a>ble_flash_page_erase</STRONG> (Thumb, 22 bytes, Stack size 8 bytes, ble_flash.o(i.ble_flash_page_erase))
<BR><BR>[Stack]<UL><LI>Max Depth = 8<LI>Call Chain = ble_flash_page_erase
</UL>
<BR>[Calls]<UL><LI><a href="#[111]">&gt;&gt;</a>&nbsp;&nbsp;&nbsp;flash_page_erase
</UL>
<BR>[Called By]<UL><LI><a href="#[40]">&gt;&gt;</a>&nbsp;&nbsp;&nbsp;pstorage_update
<LI><a href="#[18e]">&gt;&gt;</a>&nbsp;&nbsp;&nbsp;pstorage_clear
</UL>

<P><STRONG><a name="[112]"></a>ble_gap_addr_dec</STRONG> (Thumb, 50 bytes, Stack size 8 bytes, ble_gap_struct_serialization.o(i.ble_gap_addr_dec))
<BR><BR>[Stack]<UL><LI>Max Depth = 16<LI>Call Chain = ble_gap_addr_dec &rArr; __aeabi_memcpy
</UL>
<BR>[Calls]<UL><LI><a href="#[ac]">&gt;&gt;</a>&nbsp;&nbsp;&nbsp;__aeabi_memcpy
</UL>
<BR>[Called By]<UL><LI><a href="#[137]">&gt;&gt;</a>&nbsp;&nbsp;&nbsp;ble_gap_evt_sec_info_request_t_dec
<LI><a href="#[135]">&gt;&gt;</a>&nbsp;&nbsp;&nbsp;ble_gap_evt_connected_t_dec
<LI><a href="#[103]">&gt;&gt;</a>&nbsp;&nbsp;&nbsp;ble_gap_evt_scan_req_report_dec
<LI><a href="#[102]">&gt;&gt;</a>&nbsp;&nbsp;&nbsp;ble_gap_evt_adv_report_dec
<LI><a href="#[2a]">&gt;&gt;</a>&nbsp;&nbsp;&nbsp;ble_gap_id_key_t_dec
</UL>

<P><STRONG><a name="[26]"></a>ble_gap_addr_enc</STRONG> (Thumb, 50 bytes, Stack size 8 bytes, ble_gap_struct_serialization.o(i.ble_gap_addr_enc))
<BR><BR>[Stack]<UL><LI>Max Depth = 16<LI>Call Chain = ble_gap_addr_enc &rArr; __aeabi_memcpy
</UL>
<BR>[Calls]<UL><LI><a href="#[ac]">&gt;&gt;</a>&nbsp;&nbsp;&nbsp;__aeabi_memcpy
</UL>
<BR>[Called By]<UL><LI><a href="#[2d]">&gt;&gt;</a>&nbsp;&nbsp;&nbsp;ble_gap_id_key_t_enc
</UL>
<BR>[Address Reference Count : 2]<UL><LI> ble_gap_adv_start.o(i.ble_gap_adv_start_req_enc)
<LI> ble_gap_struct_serialization.o(i.ble_gap_whitelist_t_enc)
</UL>
<P><STRONG><a name="[1c4]"></a>ble_gap_address_get_req_enc</STRONG> (Thumb, 42 bytes, Stack size 0 bytes, ble_gap_address_get.o(i.ble_gap_address_get_req_enc))
<BR><BR>[Called By]<UL><LI><a href="#[d5]">&gt;&gt;</a>&nbsp;&nbsp;&nbsp;sd_ble_gap_address_get
</UL>

<P><STRONG><a name="[113]"></a>ble_gap_address_get_rsp_dec</STRONG> (Thumb, 100 bytes, Stack size 32 bytes, ble_gap_address_get.o(i.ble_gap_address_get_rsp_dec))
<BR><BR>[Stack]<UL><LI>Max Depth = 56<LI>Call Chain = ble_gap_address_get_rsp_dec &rArr; ser_ble_cmd_rsp_result_code_dec &rArr; uint32_decode
</UL>
<BR>[Calls]<UL><LI><a href="#[114]">&gt;&gt;</a>&nbsp;&nbsp;&nbsp;ser_ble_cmd_rsp_result_code_dec
<LI><a href="#[ac]">&gt;&gt;</a>&nbsp;&nbsp;&nbsp;__aeabi_memcpy
</UL>
<BR>[Called By]<UL><LI><a href="#[49]">&gt;&gt;</a>&nbsp;&nbsp;&nbsp;gap_address_get_rsp_dec
</UL>

<P><STRONG><a name="[115]"></a>ble_gap_adv_ch_mask_t_enc</STRONG> (Thumb, 46 bytes, Stack size 16 bytes, ble_gap_struct_serialization.o(i.ble_gap_adv_ch_mask_t_enc))
<BR><BR>[Stack]<UL><LI>Max Depth = 24<LI>Call Chain = ble_gap_adv_ch_mask_t_enc &rArr; uint8_t_enc
</UL>
<BR>[Calls]<UL><LI><a href="#[116]">&gt;&gt;</a>&nbsp;&nbsp;&nbsp;uint8_t_enc
</UL>
<BR>[Called By]<UL><LI><a href="#[11a]">&gt;&gt;</a>&nbsp;&nbsp;&nbsp;ble_gap_adv_start_req_enc
</UL>

<P><STRONG><a name="[117]"></a>ble_gap_adv_data_set_req_enc</STRONG> (Thumb, 94 bytes, Stack size 48 bytes, ble_gap_adv_data_set.o(i.ble_gap_adv_data_set_req_enc))
<BR><BR>[Stack]<UL><LI>Max Depth = 136<LI>Call Chain = ble_gap_adv_data_set_req_enc &rArr; len8data_enc &rArr; buf_enc &rArr; uint8_t_enc
</UL>
<BR>[Calls]<UL><LI><a href="#[118]">&gt;&gt;</a>&nbsp;&nbsp;&nbsp;len8data_enc
<LI><a href="#[116]">&gt;&gt;</a>&nbsp;&nbsp;&nbsp;uint8_t_enc
</UL>
<BR>[Called By]<UL><LI><a href="#[bf]">&gt;&gt;</a>&nbsp;&nbsp;&nbsp;sd_ble_gap_adv_data_set
</UL>

<P><STRONG><a name="[119]"></a>ble_gap_adv_data_set_rsp_dec</STRONG> (Thumb, 12 bytes, Stack size 8 bytes, ble_gap_adv_data_set.o(i.ble_gap_adv_data_set_rsp_dec))
<BR><BR>[Stack]<UL><LI>Max Depth = 48<LI>Call Chain = ble_gap_adv_data_set_rsp_dec &rArr; ser_ble_cmd_rsp_dec &rArr; ser_ble_cmd_rsp_result_code_dec &rArr; uint32_decode
</UL>
<BR>[Calls]<UL><LI><a href="#[de]">&gt;&gt;</a>&nbsp;&nbsp;&nbsp;ser_ble_cmd_rsp_dec
</UL>
<BR>[Called By]<UL><LI><a href="#[4a]">&gt;&gt;</a>&nbsp;&nbsp;&nbsp;gap_adv_data_set_rsp_dec
</UL>

<P><STRONG><a name="[11a]"></a>ble_gap_adv_start_req_enc</STRONG> (Thumb, 194 bytes, Stack size 32 bytes, ble_gap_adv_start.o(i.ble_gap_adv_start_req_enc))
<BR><BR>[Stack]<UL><LI>Max Depth = 56<LI>Call Chain = ble_gap_adv_start_req_enc &rArr; ble_gap_adv_ch_mask_t_enc &rArr; uint8_t_enc
</UL>
<BR>[Calls]<UL><LI><a href="#[11b]">&gt;&gt;</a>&nbsp;&nbsp;&nbsp;uint16_t_enc
<LI><a href="#[115]">&gt;&gt;</a>&nbsp;&nbsp;&nbsp;ble_gap_adv_ch_mask_t_enc
<LI><a href="#[116]">&gt;&gt;</a>&nbsp;&nbsp;&nbsp;uint8_t_enc
<LI><a href="#[dc]">&gt;&gt;</a>&nbsp;&nbsp;&nbsp;cond_field_enc
</UL>
<BR>[Called By]<UL><LI><a href="#[cb]">&gt;&gt;</a>&nbsp;&nbsp;&nbsp;sd_ble_gap_adv_start
</UL>

<P><STRONG><a name="[11c]"></a>ble_gap_adv_start_rsp_dec</STRONG> (Thumb, 12 bytes, Stack size 8 bytes, ble_gap_adv_start.o(i.ble_gap_adv_start_rsp_dec))
<BR><BR>[Stack]<UL><LI>Max Depth = 48<LI>Call Chain = ble_gap_adv_start_rsp_dec &rArr; ser_ble_cmd_rsp_dec &rArr; ser_ble_cmd_rsp_result_code_dec &rArr; uint32_decode
</UL>
<BR>[Calls]<UL><LI><a href="#[de]">&gt;&gt;</a>&nbsp;&nbsp;&nbsp;ser_ble_cmd_rsp_dec
</UL>
<BR>[Called By]<UL><LI><a href="#[4b]">&gt;&gt;</a>&nbsp;&nbsp;&nbsp;gap_adv_start_rsp_dec
</UL>

<P><STRONG><a name="[11d]"></a>ble_gap_adv_stop_req_enc</STRONG> (Thumb, 48 bytes, Stack size 16 bytes, ble_gap_adv_stop.o(i.ble_gap_adv_stop_req_enc))
<BR><BR>[Stack]<UL><LI>Max Depth = 24<LI>Call Chain = ble_gap_adv_stop_req_enc &rArr; uint8_t_enc
</UL>
<BR>[Calls]<UL><LI><a href="#[116]">&gt;&gt;</a>&nbsp;&nbsp;&nbsp;uint8_t_enc
</UL>
<BR>[Called By]<UL><LI><a href="#[c7]">&gt;&gt;</a>&nbsp;&nbsp;&nbsp;sd_ble_gap_adv_stop
</UL>

<P><STRONG><a name="[11e]"></a>ble_gap_adv_stop_rsp_dec</STRONG> (Thumb, 12 bytes, Stack size 8 bytes, ble_gap_adv_stop.o(i.ble_gap_adv_stop_rsp_dec))
<BR><BR>[Stack]<UL><LI>Max Depth = 48<LI>Call Chain = ble_gap_adv_stop_rsp_dec &rArr; ser_ble_cmd_rsp_dec &rArr; ser_ble_cmd_rsp_result_code_dec &rArr; uint32_decode
</UL>
[...]
</UL>
<BR>[Calls]<UL><LI><a href="#[89]">&gt;&gt;</a>&nbsp;&nbsp;&nbsp;app_error_handler
<LI><a href="#[141]">&gt;&gt;</a>&nbsp;&nbsp;&nbsp;ble_gap_sec_info_reply_rsp_dec
</UL>
<BR>[Address Reference Count : 1]<UL><LI> app_mw_ble_gap.o(i.sd_ble_gap_sec_info_reply)
</UL>
<P><STRONG><a name="[56]"></a>gap_sec_params_reply_rsp_dec</STRONG> (Thumb, 48 bytes, Stack size 16 bytes, app_mw_ble_gap.o(i.gap_sec_params_reply_rsp_dec))
<BR><BR>[Stack]<UL><LI>Max Depth = 108<LI>Call Chain = gap_sec_params_reply_rsp_dec &rArr; ble_gap_sec_params_reply_rsp_dec &rArr; cond_field_dec &rArr; uint8_dec
</UL>
<BR>[Calls]<UL><LI><a href="#[89]">&gt;&gt;</a>&nbsp;&nbsp;&nbsp;app_error_handler
<LI><a href="#[146]">&gt;&gt;</a>&nbsp;&nbsp;&nbsp;ble_gap_sec_params_reply_rsp_dec
<LI><a href="#[132]">&gt;&gt;</a>&nbsp;&nbsp;&nbsp;app_ble_gap_sec_context_destroy
</UL>
<BR>[Address Reference Count : 1]<UL><LI> app_mw_ble_gap.o(i.sd_ble_gap_sec_params_reply)
</UL>
<P><STRONG><a name="[1c3]"></a>tx_buf_alloc</STRONG> (Thumb, 30 bytes, Stack size 16 bytes, app_mw_ble_gap.o(i.tx_buf_alloc))
<BR><BR>[Stack]<UL><LI>Max Depth = 32<LI>Call Chain = tx_buf_alloc &rArr; ser_sd_transport_tx_alloc &rArr; ser_hal_transport_tx_pkt_alloc
</UL>
<BR>[Calls]<UL><LI><a href="#[1f1]">&gt;&gt;</a>&nbsp;&nbsp;&nbsp;ser_sd_transport_tx_alloc
</UL>
<BR>[Called By]<UL><LI><a href="#[c7]">&gt;&gt;</a>&nbsp;&nbsp;&nbsp;sd_ble_gap_adv_stop
<LI><a href="#[cb]">&gt;&gt;</a>&nbsp;&nbsp;&nbsp;sd_ble_gap_adv_start
<LI><a href="#[1af]">&gt;&gt;</a>&nbsp;&nbsp;&nbsp;sd_ble_gap_device_name_get
<LI><a href="#[96]">&gt;&gt;</a>&nbsp;&nbsp;&nbsp;sd_ble_gap_appearance_get
<LI><a href="#[bf]">&gt;&gt;</a>&nbsp;&nbsp;&nbsp;sd_ble_gap_adv_data_set
<LI><a href="#[d5]">&gt;&gt;</a>&nbsp;&nbsp;&nbsp;sd_ble_gap_address_get
<LI><a href="#[d1]">&gt;&gt;</a>&nbsp;&nbsp;&nbsp;sd_ble_gap_ppcp_set
<LI><a href="#[181]">&gt;&gt;</a>&nbsp;&nbsp;&nbsp;sd_ble_gap_disconnect
<LI><a href="#[1a1]">&gt;&gt;</a>&nbsp;&nbsp;&nbsp;sd_ble_gap_device_name_set
<LI><a href="#[1a2]">&gt;&gt;</a>&nbsp;&nbsp;&nbsp;sd_ble_gap_appearance_set
<LI><a href="#[197]">&gt;&gt;</a>&nbsp;&nbsp;&nbsp;sd_ble_gap_sec_params_reply
<LI><a href="#[196]">&gt;&gt;</a>&nbsp;&nbsp;&nbsp;sd_ble_gap_sec_info_reply
<LI><a href="#[d2]">&gt;&gt;</a>&nbsp;&nbsp;&nbsp;sd_ble_gap_ppcp_get
<LI><a href="#[1c7]">&gt;&gt;</a>&nbsp;&nbsp;&nbsp;sd_ble_gap_conn_param_update
</UL>

<P><STRONG><a name="[57]"></a>gatts_characteristic_add_rsp_dec</STRONG> (Thumb, 26 bytes, Stack size 8 bytes, app_mw_ble_gatts.o(i.gatts_characteristic_add_rsp_dec))
<BR><BR>[Stack]<UL><LI>Max Depth = 92<LI>Call Chain = gatts_characteristic_add_rsp_dec &rArr; ble_gatts_characteristic_add_rsp_dec &rArr; cond_field_dec &rArr; uint8_dec
</UL>
<BR>[Calls]<UL><LI><a href="#[89]">&gt;&gt;</a>&nbsp;&nbsp;&nbsp;app_error_handler
<LI><a href="#[152]">&gt;&gt;</a>&nbsp;&nbsp;&nbsp;ble_gatts_characteristic_add_rsp_dec
</UL>
<BR>[Address Reference Count : 1]<UL><LI> app_mw_ble_gatts.o(i.sd_ble_gatts_characteristic_add)
</UL>
<P><STRONG><a name="[58]"></a>gatts_descriptor_add_rsp_dec</STRONG> (Thumb, 32 bytes, Stack size 8 bytes, app_mw_ble_gatts.o(i.gatts_descriptor_add_rsp_dec))
<BR><BR>[Stack]<UL><LI>Max Depth = 64<LI>Call Chain = gatts_descriptor_add_rsp_dec &rArr; ble_gatts_descriptor_add_rsp_dec &rArr; ser_ble_cmd_rsp_result_code_dec &rArr; uint32_decode
</UL>
<BR>[Calls]<UL><LI><a href="#[89]">&gt;&gt;</a>&nbsp;&nbsp;&nbsp;app_error_handler
<LI><a href="#[154]">&gt;&gt;</a>&nbsp;&nbsp;&nbsp;ble_gatts_descriptor_add_rsp_dec
</UL>
<BR>[Address Reference Count : 1]<UL><LI> app_mw_ble_gatts.o(i.sd_ble_gatts_descriptor_add)
</UL>
<P><STRONG><a name="[59]"></a>gatts_hvx_rsp_dec</STRONG> (Thumb, 26 bytes, Stack size 8 bytes, app_mw_ble_gatts.o(i.gatts_hvx_rsp_dec))
<BR><BR>[Stack]<UL><LI>Max Depth = 92<LI>Call Chain = gatts_hvx_rsp_dec &rArr; ble_gatts_hvx_rsp_dec &rArr; cond_field_dec &rArr; uint8_dec
</UL>
<BR>[Calls]<UL><LI><a href="#[89]">&gt;&gt;</a>&nbsp;&nbsp;&nbsp;app_error_handler
<LI><a href="#[15b]">&gt;&gt;</a>&nbsp;&nbsp;&nbsp;ble_gatts_hvx_rsp_dec
</UL>
<BR>[Address Reference Count : 1]<UL><LI> app_mw_ble_gatts.o(i.sd_ble_gatts_hvx)
</UL>
<P><STRONG><a name="[5a]"></a>gatts_service_add_rsp_dec</STRONG> (Thumb, 28 bytes, Stack size 8 bytes, app_mw_ble_gatts.o(i.gatts_service_add_rsp_dec))
<BR><BR>[Stack]<UL><LI>Max Depth = 80<LI>Call Chain = gatts_service_add_rsp_dec &rArr; ble_gatts_service_add_rsp_dec &rArr; ser_ble_cmd_rsp_result_code_dec &rArr; uint32_decode
</UL>
<BR>[Calls]<UL><LI><a href="#[89]">&gt;&gt;</a>&nbsp;&nbsp;&nbsp;app_error_handler
<LI><a href="#[15c]">&gt;&gt;</a>&nbsp;&nbsp;&nbsp;ble_gatts_service_add_rsp_dec
</UL>
<BR>[Address Reference Count : 1]<UL><LI> app_mw_ble_gatts.o(i.sd_ble_gatts_service_add)
</UL>
<P><STRONG><a name="[5b]"></a>gatts_service_changed_rsp_dec</STRONG> (Thumb, 28 bytes, Stack size 8 bytes, app_mw_ble_gatts.o(i.gatts_service_changed_rsp_dec))
<BR><BR>[Stack]<UL><LI>Max Depth = 56<LI>Call Chain = gatts_service_changed_rsp_dec &rArr; ble_gatts_service_changed_rsp_dec &rArr; ser_ble_cmd_rsp_dec &rArr; ser_ble_cmd_rsp_result_code_dec &rArr; uint32_decode
</UL>
<BR>[Calls]<UL><LI><a href="#[89]">&gt;&gt;</a>&nbsp;&nbsp;&nbsp;app_error_handler
<LI><a href="#[15e]">&gt;&gt;</a>&nbsp;&nbsp;&nbsp;ble_gatts_service_changed_rsp_dec
</UL>
<BR>[Address Reference Count : 1]<UL><LI> app_mw_ble_gatts.o(i.sd_ble_gatts_service_changed)
</UL>
<P><STRONG><a name="[5c]"></a>gatts_sys_attr_get_rsp_dec</STRONG> (Thumb, 30 bytes, Stack size 16 bytes, app_mw_ble_gatts.o(i.gatts_sys_attr_get_rsp_dec))
<BR><BR>[Stack]<UL><LI>Max Depth = 88<LI>Call Chain = gatts_sys_attr_get_rsp_dec &rArr; ble_gatts_sys_attr_get_rsp_dec &rArr; ser_ble_cmd_rsp_result_code_dec &rArr; uint32_decode
</UL>
<BR>[Calls]<UL><LI><a href="#[89]">&gt;&gt;</a>&nbsp;&nbsp;&nbsp;app_error_handler
<LI><a href="#[160]">&gt;&gt;</a>&nbsp;&nbsp;&nbsp;ble_gatts_sys_attr_get_rsp_dec
</UL>
<BR>[Address Reference Count : 1]<UL><LI> app_mw_ble_gatts.o(i.sd_ble_gatts_sys_attr_get)
</UL>
<P><STRONG><a name="[5d]"></a>gatts_sys_attr_set_rsp_dec</STRONG> (Thumb, 24 bytes, Stack size 8 bytes, app_mw_ble_gatts.o(i.gatts_sys_attr_set_rsp_dec))
<BR><BR>[Stack]<UL><LI>Max Depth = 56<LI>Call Chain = gatts_sys_attr_set_rsp_dec &rArr; ble_gatts_sys_attr_set_rsp_dec &rArr; ser_ble_cmd_rsp_dec &rArr; ser_ble_cmd_rsp_result_code_dec &rArr; uint32_decode
</UL>
<BR>[Calls]<UL><LI><a href="#[89]">&gt;&gt;</a>&nbsp;&nbsp;&nbsp;app_error_handler
<LI><a href="#[162]">&gt;&gt;</a>&nbsp;&nbsp;&nbsp;ble_gatts_sys_attr_set_rsp_dec
</UL>
<BR>[Address Reference Count : 1]<UL><LI> app_mw_ble_gatts.o(i.sd_ble_gatts_sys_attr_set)
</UL>
<P><STRONG><a name="[5e]"></a>gatts_value_set_rsp_dec</STRONG> (Thumb, 28 bytes, Stack size 8 bytes, app_mw_ble_gatts.o(i.gatts_value_set_rsp_dec))
<BR><BR>[Stack]<UL><LI>Max Depth = 140<LI>Call Chain = gatts_value_set_rsp_dec &rArr; ble_gatts_value_set_rsp_dec &rArr; ble_gatts_value_t_dec &rArr; buf_dec &rArr; uint8_dec
</UL>
<BR>[Calls]<UL><LI><a href="#[89]">&gt;&gt;</a>&nbsp;&nbsp;&nbsp;app_error_handler
<LI><a href="#[164]">&gt;&gt;</a>&nbsp;&nbsp;&nbsp;ble_gatts_value_set_rsp_dec
</UL>
<BR>[Address Reference Count : 1]<UL><LI> app_mw_ble_gatts.o(i.sd_ble_gatts_value_set)
</UL>
<P><STRONG><a name="[1cc]"></a>tx_buf_alloc</STRONG> (Thumb, 30 bytes, Stack size 16 bytes, app_mw_ble_gatts.o(i.tx_buf_alloc))
<BR><BR>[Stack]<UL><LI>Max Depth = 32<LI>Call Chain = tx_buf_alloc &rArr; ser_sd_transport_tx_alloc &rArr; ser_hal_transport_tx_pkt_alloc
</UL>
<BR>[Calls]<UL><LI><a href="#[1f1]">&gt;&gt;</a>&nbsp;&nbsp;&nbsp;ser_sd_transport_tx_alloc
</UL>
<BR>[Called By]<UL><LI><a href="#[cc]">&gt;&gt;</a>&nbsp;&nbsp;&nbsp;sd_ble_gatts_value_set
<LI><a href="#[cf]">&gt;&gt;</a>&nbsp;&nbsp;&nbsp;sd_ble_gatts_service_add
<LI><a href="#[cd]">&gt;&gt;</a>&nbsp;&nbsp;&nbsp;sd_ble_gatts_hvx
<LI><a href="#[bb]">&gt;&gt;</a>&nbsp;&nbsp;&nbsp;sd_ble_gatts_descriptor_add
<LI><a href="#[b9]">&gt;&gt;</a>&nbsp;&nbsp;&nbsp;sd_ble_gatts_characteristic_add
<LI><a href="#[1a3]">&gt;&gt;</a>&nbsp;&nbsp;&nbsp;sd_ble_gatts_sys_attr_set
<LI><a href="#[1a5]">&gt;&gt;</a>&nbsp;&nbsp;&nbsp;sd_ble_gatts_sys_attr_get
<LI><a href="#[1a4]">&gt;&gt;</a>&nbsp;&nbsp;&nbsp;sd_ble_gatts_service_changed
</UL>

<P><STRONG><a name="[1d1]"></a>tx_buf_alloc</STRONG> (Thumb, 30 bytes, Stack size 16 bytes, app_mw_nrf_soc.o(i.tx_buf_alloc))
<BR><BR>[Stack]<UL><LI>Max Depth = 32<LI>Call Chain = tx_buf_alloc &rArr; ser_sd_transport_tx_alloc &rArr; ser_hal_transport_tx_pkt_alloc
</UL>
<BR>[Calls]<UL><LI><a href="#[1f1]">&gt;&gt;</a>&nbsp;&nbsp;&nbsp;ser_sd_transport_tx_alloc
</UL>
<BR>[Called By]<UL><LI><a href="#[1d0]">&gt;&gt;</a>&nbsp;&nbsp;&nbsp;sd_power_system_off
</UL>

<P><STRONG><a name="[122]"></a>uint16_encode</STRONG> (Thumb, 10 bytes, Stack size 0 bytes, ble_gap_conn_param_update.o(i.uint16_encode))
<BR><BR>[Called By]<UL><LI><a href="#[121]">&gt;&gt;</a>&nbsp;&nbsp;&nbsp;ble_gap_conn_param_update_req_enc
</UL>

<P><STRONG><a name="[13e]"></a>uint16_encode</STRONG> (Thumb, 10 bytes, Stack size 0 bytes, ble_gap_ppcp_set.o(i.uint16_encode))
<BR><BR>[Called By]<UL><LI><a href="#[13d]">&gt;&gt;</a>&nbsp;&nbsp;&nbsp;ble_gap_ppcp_set_req_enc
</UL>

<P><STRONG><a name="[15a]"></a>uint16_encode</STRONG> (Thumb, 10 bytes, Stack size 0 bytes, ble_gatts_hvx.o(i.uint16_encode))
<BR><BR>[Called By]<UL><LI><a href="#[159]">&gt;&gt;</a>&nbsp;&nbsp;&nbsp;ble_gatts_hvx_req_enc
</UL>

<P><STRONG><a name="[1e0]"></a>uint32_decode</STRONG> (Thumb, 20 bytes, Stack size 8 bytes, ble_serialization.o(i.uint32_decode))
<BR><BR>[Stack]<UL><LI>Max Depth = 8<LI>Call Chain = uint32_decode
</UL>
<BR>[Calls]<UL><LI><a href="#[1f8]">&gt;&gt;</a>&nbsp;&nbsp;&nbsp;__aeabi_uread4
</UL>
<BR>[Called By]<UL><LI><a href="#[114]">&gt;&gt;</a>&nbsp;&nbsp;&nbsp;ser_ble_cmd_rsp_result_code_dec
</UL>

<P><STRONG><a name="[1f9]"></a>uint32_encode</STRONG> (Thumb, 18 bytes, Stack size 0 bytes, ble_serialization.o(i.uint32_encode))
<BR><BR>[Called By]<UL><LI><a href="#[155]">&gt;&gt;</a>&nbsp;&nbsp;&nbsp;uint32_t_enc
</UL>

<P><STRONG><a name="[63]"></a>phy_events_handler</STRONG> (Thumb, 386 bytes, Stack size 48 bytes, ser_hal_transport.o(i.phy_events_handler))
<BR><BR>[Stack]<UL><LI>Max Depth = 80<LI>Call Chain = phy_events_handler &rArr; ser_hal_transport_rx_pkt_free &rArr; ser_phy_rx_buf_set
</UL>
<BR>[Calls]<UL><LI><a href="#[e0]">&gt;&gt;</a>&nbsp;&nbsp;&nbsp;__ARM_common_switch8
<LI><a href="#[89]">&gt;&gt;</a>&nbsp;&nbsp;&nbsp;app_error_handler
<LI><a href="#[1bb]">&gt;&gt;</a>&nbsp;&nbsp;&nbsp;ser_phy_rx_buf_set
<LI><a href="#[1ba]">&gt;&gt;</a>&nbsp;&nbsp;&nbsp;ser_hal_transport_tx_pkt_free
<LI><a href="#[1bc]">&gt;&gt;</a>&nbsp;&nbsp;&nbsp;ser_hal_transport_rx_pkt_free
</UL>
<BR>[Address Reference Count : 1]<UL><LI> ser_hal_transport.o(i.ser_hal_transport_open)
</UL>
<P><STRONG><a name="[1ea]"></a>NVIC_SetPendingIRQ</STRONG> (Thumb, 14 bytes, Stack size 0 bytes, ser_phy_nrf51_nrf_drv_spi.o(i.NVIC_SetPendingIRQ))
<BR><BR>[Called By]<UL><LI><a href="#[64]">&gt;&gt;</a>&nbsp;&nbsp;&nbsp;ser_phy_spi_master_request
<LI><a href="#[65]">&gt;&gt;</a>&nbsp;&nbsp;&nbsp;ser_phy_spi_master_ready
<LI><a href="#[66]">&gt;&gt;</a>&nbsp;&nbsp;&nbsp;ser_phy_spi_master_event_handler
<LI><a href="#[1e6]">&gt;&gt;</a>&nbsp;&nbsp;&nbsp;ser_phy_tx_pkt_send
<LI><a href="#[1bb]">&gt;&gt;</a>&nbsp;&nbsp;&nbsp;ser_phy_rx_buf_set
</UL>

<P><STRONG><a name="[19d]"></a>compute_current_packet_length</STRONG> (Thumb, 12 bytes, Stack size 0 bytes, ser_phy_nrf51_nrf_drv_spi.o(i.compute_current_packet_length))
<BR><BR>[Called By]<UL><LI><a href="#[19f]">&gt;&gt;</a>&nbsp;&nbsp;&nbsp;frame_send
<LI><a href="#[19c]">&gt;&gt;</a>&nbsp;&nbsp;&nbsp;frame_get
</UL>

<P><STRONG><a name="[19c]"></a>frame_get</STRONG> (Thumb, 48 bytes, Stack size 16 bytes, ser_phy_nrf51_nrf_drv_spi.o(i.frame_get))
<BR><BR>[Stack]<UL><LI>Max Depth = 56<LI>Call Chain = frame_get &rArr; nrf_drv_spi_transfer &rArr; transfer_byte
</UL>
<BR>[Calls]<UL><LI><a href="#[19e]">&gt;&gt;</a>&nbsp;&nbsp;&nbsp;nrf_drv_spi_transfer
<LI><a href="#[19d]">&gt;&gt;</a>&nbsp;&nbsp;&nbsp;compute_current_packet_length
</UL>
<BR>[Called By]<UL><LI><a href="#[8b]">&gt;&gt;</a>&nbsp;&nbsp;&nbsp;ser_phy_switch_state
</UL>

<P><STRONG><a name="[19f]"></a>frame_send</STRONG> (Thumb, 44 bytes, Stack size 16 bytes, ser_phy_nrf51_nrf_drv_spi.o(i.frame_send))
<BR><BR>[Stack]<UL><LI>Max Depth = 56<LI>Call Chain = frame_send &rArr; nrf_drv_spi_transfer &rArr; transfer_byte
</UL>
<BR>[Calls]<UL><LI><a href="#[19e]">&gt;&gt;</a>&nbsp;&nbsp;&nbsp;nrf_drv_spi_transfer
<LI><a href="#[19d]">&gt;&gt;</a>&nbsp;&nbsp;&nbsp;compute_current_packet_length
</UL>
<BR>[Called By]<UL><LI><a href="#[8b]">&gt;&gt;</a>&nbsp;&nbsp;&nbsp;ser_phy_switch_state
</UL>

<P><STRONG><a name="[1a6]"></a>header_get</STRONG> (Thumb, 20 bytes, Stack size 8 bytes, ser_phy_nrf51_nrf_drv_spi.o(i.header_get))
<BR><BR>[Stack]<UL><LI>Max Depth = 48<LI>Call Chain = header_get &rArr; nrf_drv_spi_transfer &rArr; transfer_byte
</UL>
<BR>[Calls]<UL><LI><a href="#[19e]">&gt;&gt;</a>&nbsp;&nbsp;&nbsp;nrf_drv_spi_transfer
</UL>
<BR>[Called By]<UL><LI><a href="#[8b]">&gt;&gt;</a>&nbsp;&nbsp;&nbsp;ser_phy_switch_state
</UL>

<P><STRONG><a name="[1a7]"></a>header_send</STRONG> (Thumb, 26 bytes, Stack size 8 bytes, ser_phy_nrf51_nrf_drv_spi.o(i.header_send))
<BR><BR>[Stack]<UL><LI>Max Depth = 48<LI>Call Chain = header_send &rArr; nrf_drv_spi_transfer &rArr; transfer_byte
</UL>
<BR>[Calls]<UL><LI><a href="#[19e]">&gt;&gt;</a>&nbsp;&nbsp;&nbsp;nrf_drv_spi_transfer
</UL>
<BR>[Called By]<UL><LI><a href="#[8b]">&gt;&gt;</a>&nbsp;&nbsp;&nbsp;ser_phy_switch_state
</UL>

<P><STRONG><a name="[1e9]"></a>nrf_gpio_cfg_input</STRONG> (Thumb, 12 bytes, Stack size 0 bytes, ser_phy_nrf51_nrf_drv_spi.o(i.nrf_gpio_cfg_input))
<BR><BR>[Called By]<UL><LI><a href="#[1e2]">&gt;&gt;</a>&nbsp;&nbsp;&nbsp;ser_phy_open
</UL>

<P><STRONG><a name="[1e8]"></a>nrf_gpio_pin_read</STRONG> (Thumb, 12 bytes, Stack size 0 bytes, ser_phy_nrf51_nrf_drv_spi.o(i.nrf_gpio_pin_read))
<BR><BR>[Called By]<UL><LI><a href="#[64]">&gt;&gt;</a>&nbsp;&nbsp;&nbsp;ser_phy_spi_master_request
<LI><a href="#[65]">&gt;&gt;</a>&nbsp;&nbsp;&nbsp;ser_phy_spi_master_ready
<LI><a href="#[1e7]">&gt;&gt;</a>&nbsp;&nbsp;&nbsp;ser_phy_init_gpiote
</UL>

<P><STRONG><a name="[1e7]"></a>ser_phy_init_gpiote</STRONG> (Thumb, 108 bytes, Stack size 16 bytes, ser_phy_nrf51_nrf_drv_spi.o(i.ser_phy_init_gpiote))
<BR><BR>[Stack]<UL><LI>Max Depth = 68<LI>Call Chain = ser_phy_init_gpiote &rArr; nrf_drv_gpiote_in_init &rArr; channel_port_alloc
</UL>
<BR>[Calls]<UL><LI><a href="#[a2]">&gt;&gt;</a>&nbsp;&nbsp;&nbsp;nrf_drv_gpiote_is_init
<LI><a href="#[a3]">&gt;&gt;</a>&nbsp;&nbsp;&nbsp;nrf_drv_gpiote_init
<LI><a href="#[a4]">&gt;&gt;</a>&nbsp;&nbsp;&nbsp;nrf_drv_gpiote_in_init
<LI><a href="#[a0]">&gt;&gt;</a>&nbsp;&nbsp;&nbsp;nrf_drv_gpiote_in_event_enable
<LI><a href="#[1e8]">&gt;&gt;</a>&nbsp;&nbsp;&nbsp;nrf_gpio_pin_read
</UL>
<BR>[Called By]<UL><LI><a href="#[1e2]">&gt;&gt;</a>&nbsp;&nbsp;&nbsp;ser_phy_open
</UL>

<P><STRONG><a name="[66]"></a>ser_phy_spi_master_event_handler</STRONG> (Thumb, 20 bytes, Stack size 8 bytes, ser_phy_nrf51_nrf_drv_spi.o(i.ser_phy_spi_master_event_handler))
<BR><BR>[Stack]<UL><LI>Max Depth = 8<LI>Call Chain = ser_phy_spi_master_event_handler
</UL>
<BR>[Calls]<UL><LI><a href="#[1ea]">&gt;&gt;</a>&nbsp;&nbsp;&nbsp;NVIC_SetPendingIRQ
</UL>
<BR>[Address Reference Count : 1]<UL><LI> ser_phy_nrf51_nrf_drv_spi.o(i.ser_phy_open)
</UL>
<P><STRONG><a name="[8b]"></a>ser_phy_switch_state</STRONG> (Thumb, 464 bytes, Stack size 32 bytes, ser_phy_nrf51_nrf_drv_spi.o(i.ser_phy_switch_state))
<BR><BR>[Stack]<UL><LI>Max Depth = 88<LI>Call Chain = ser_phy_switch_state &rArr; frame_send &rArr; nrf_drv_spi_transfer &rArr; transfer_byte
</UL>
<BR>[Calls]<UL><LI><a href="#[e0]">&gt;&gt;</a>&nbsp;&nbsp;&nbsp;__ARM_common_switch8
<LI><a href="#[1eb]">&gt;&gt;</a>&nbsp;&nbsp;&nbsp;spi_master_raw_assert
<LI><a href="#[1a7]">&gt;&gt;</a>&nbsp;&nbsp;&nbsp;header_send
<LI><a href="#[1a6]">&gt;&gt;</a>&nbsp;&nbsp;&nbsp;header_get
<LI><a href="#[19f]">&gt;&gt;</a>&nbsp;&nbsp;&nbsp;frame_send
<LI><a href="#[19c]">&gt;&gt;</a>&nbsp;&nbsp;&nbsp;frame_get
</UL>
<BR>[Called By]<UL><LI><a href="#[1c]">&gt;&gt;</a>&nbsp;&nbsp;&nbsp;SWI3_IRQHandler
</UL>

<P><STRONG><a name="[1eb]"></a>spi_master_raw_assert</STRONG> (Thumb, 18 bytes, Stack size 8 bytes, ser_phy_nrf51_nrf_drv_spi.o(i.spi_master_raw_assert))
<BR><BR>[Stack]<UL><LI>Max Depth = 8<LI>Call Chain = spi_master_raw_assert
</UL>
<BR>[Calls]<UL><LI><a href="#[89]">&gt;&gt;</a>&nbsp;&nbsp;&nbsp;app_error_handler
</UL>
<BR>[Called By]<UL><LI><a href="#[8b]">&gt;&gt;</a>&nbsp;&nbsp;&nbsp;ser_phy_switch_state
</UL>

<P><STRONG><a name="[67]"></a>ser_sd_transport_hal_handler</STRONG> (Thumb, 78 bytes, Stack size 16 bytes, ser_sd_transport.o(i.ser_sd_transport_hal_handler))
<BR><BR>[Stack]<UL><LI>Max Depth = 72<LI>Call Chain = ser_sd_transport_hal_handler &rArr; ser_sd_transport_rx_packet_handler &rArr; ser_sd_transport_rx_free &rArr; ser_hal_transport_rx_pkt_free &rArr; ser_phy_rx_buf_set
</UL>
<BR>[Calls]<UL><LI><a href="#[1ed]">&gt;&gt;</a>&nbsp;&nbsp;&nbsp;ser_sd_transport_rx_packet_handler
<LI><a href="#[1ee]">&gt;&gt;</a>&nbsp;&nbsp;&nbsp;ser_app_power_system_off_get
<LI><a href="#[1ef]">&gt;&gt;</a>&nbsp;&nbsp;&nbsp;ser_app_power_system_off_enter
</UL>
<BR>[Address Reference Count : 1]<UL><LI> ser_sd_transport.o(i.ser_sd_transport_open)
</UL>
<P><STRONG><a name="[1ed]"></a>ser_sd_transport_rx_packet_handler</STRONG> (Thumb, 90 bytes, Stack size 16 bytes, ser_sd_transport.o(i.ser_sd_transport_rx_packet_handler))
<BR><BR>[Stack]<UL><LI>Max Depth = 56<LI>Call Chain = ser_sd_transport_rx_packet_handler &rArr; ser_sd_transport_rx_free &rArr; ser_hal_transport_rx_pkt_free &rArr; ser_phy_rx_buf_set
</UL>
<BR>[Calls]<UL><LI><a href="#[89]">&gt;&gt;</a>&nbsp;&nbsp;&nbsp;app_error_handler
<LI><a href="#[1f0]">&gt;&gt;</a>&nbsp;&nbsp;&nbsp;ser_sd_transport_rx_free
</UL>
<BR>[Called By]<UL><LI><a href="#[67]">&gt;&gt;</a>&nbsp;&nbsp;&nbsp;ser_sd_transport_hal_handler
</UL>

<P><STRONG><a name="[61]"></a>ser_sd_rsp_wait</STRONG> (Thumb, 16 bytes, Stack size 8 bytes, ser_softdevice_handler.o(i.ser_sd_rsp_wait))
<BR><BR>[Stack]<UL><LI>Max Depth = 8<LI>Call Chain = ser_sd_rsp_wait
</UL>
<BR>[Calls]<UL><LI><a href="#[19b]">&gt;&gt;</a>&nbsp;&nbsp;&nbsp;sd_app_evt_wait
<LI><a href="#[1ec]">&gt;&gt;</a>&nbsp;&nbsp;&nbsp;ser_sd_transport_is_busy
</UL>
<BR>[Address Reference Count : 1]<UL><LI> ser_softdevice_handler.o(i.sd_softdevice_enable)
</UL>
<P><STRONG><a name="[62]"></a>ser_softdevice_evt_handler</STRONG> (Thumb, 78 bytes, Stack size 88 bytes, ser_softdevice_handler.o(i.ser_softdevice_evt_handler))
<BR><BR>[Stack]<UL><LI>Max Depth = 380<LI>Call Chain = ser_softdevice_evt_handler &rArr; ble_event_dec &rArr; ble_gatts_evt_rw_authorize_request_dec &rArr; ble_gatts_evt_rw_authorize_request_t_dec &rArr; ble_gatts_evt_write_t_dec &rArr; ble_gatts_attr_context_t_dec &rArr; ble_uuid_t_dec &rArr; uint8_dec
</UL>
<BR>[Calls]<UL><LI><a href="#[89]">&gt;&gt;</a>&nbsp;&nbsp;&nbsp;app_error_handler
<LI><a href="#[a8]">&gt;&gt;</a>&nbsp;&nbsp;&nbsp;app_mailbox_put
<LI><a href="#[df]">&gt;&gt;</a>&nbsp;&nbsp;&nbsp;ble_event_dec
<LI><a href="#[1f0]">&gt;&gt;</a>&nbsp;&nbsp;&nbsp;ser_sd_transport_rx_free
<LI><a href="#[1f3]">&gt;&gt;</a>&nbsp;&nbsp;&nbsp;ser_app_hal_nrf_evt_pending
</UL>
<BR>[Address Reference Count : 1]<UL><LI> ser_softdevice_handler.o(i.sd_softdevice_enable)
</UL>
<P><STRONG><a name="[8c]"></a>is_manual_peripheral_setup_needed</STRONG> (Thumb, 66 bytes, Stack size 0 bytes, system_nrf51.o(i.is_manual_peripheral_setup_needed))
<BR><BR>[Called By]<UL><LI><a href="#[20]">&gt;&gt;</a>&nbsp;&nbsp;&nbsp;SystemInit
</UL>
<P>
<H3>
Undefined Global Symbols
</H3><HR></body></html>
